Archive member included to satisfy reference by file (symbol)

C:/NXP/S32DS_ARM_v2018.R1/Cross_Tools/gcc-6.3-arm32-eabi/arm-none-eabi/newlib/lib/thumb/v7e-m/fpv4-sp/hard\libc_nano.a(lib_a-exit.o)
                              C:/NXP/S32DS_ARM_v2018.R1/Cross_Tools/gcc-6.3-arm32-eabi/arm-none-eabi/newlib/lib/thumb/v7e-m/fpv4-sp/hard/crt0.o (exit)
C:/NXP/S32DS_ARM_v2018.R1/Cross_Tools/gcc-6.3-arm32-eabi/arm-none-eabi/newlib/lib/thumb/v7e-m/fpv4-sp/hard\libc_nano.a(lib_a-impure.o)
                              C:/NXP/S32DS_ARM_v2018.R1/Cross_Tools/gcc-6.3-arm32-eabi/arm-none-eabi/newlib/lib/thumb/v7e-m/fpv4-sp/hard\libc_nano.a(lib_a-exit.o) (_global_impure_ptr)
C:/NXP/S32DS_ARM_v2018.R1/Cross_Tools/gcc-6.3-arm32-eabi/arm-none-eabi/newlib/lib/thumb/v7e-m/fpv4-sp/hard\libc_nano.a(lib_a-init.o)
                              C:/NXP/S32DS_ARM_v2018.R1/Cross_Tools/gcc-6.3-arm32-eabi/arm-none-eabi/newlib/lib/thumb/v7e-m/fpv4-sp/hard/crt0.o (__libc_init_array)
C:/NXP/S32DS_ARM_v2018.R1/Cross_Tools/gcc-6.3-arm32-eabi/arm-none-eabi/newlib/lib/thumb/v7e-m/fpv4-sp/hard\libc_nano.a(lib_a-memset.o)
                              C:/NXP/S32DS_ARM_v2018.R1/Cross_Tools/gcc-6.3-arm32-eabi/arm-none-eabi/newlib/lib/thumb/v7e-m/fpv4-sp/hard/crt0.o (memset)
C:/NXP/S32DS_ARM_v2018.R1/Cross_Tools/gcc-6.3-arm32-eabi/arm-none-eabi/newlib/lib/thumb/v7e-m/fpv4-sp/hard\libc_nano.a(lib_a-sprintf.o)
                              ./Sources/main.o (sprintf)
C:/NXP/S32DS_ARM_v2018.R1/Cross_Tools/gcc-6.3-arm32-eabi/arm-none-eabi/newlib/lib/thumb/v7e-m/fpv4-sp/hard\libc_nano.a(lib_a-strlen.o)
                              ./Sources/main.o (strlen)
C:/NXP/S32DS_ARM_v2018.R1/Cross_Tools/gcc-6.3-arm32-eabi/arm-none-eabi/newlib/lib/thumb/v7e-m/fpv4-sp/hard\libc_nano.a(lib_a-nano-svfprintf.o)
                              C:/NXP/S32DS_ARM_v2018.R1/Cross_Tools/gcc-6.3-arm32-eabi/arm-none-eabi/newlib/lib/thumb/v7e-m/fpv4-sp/hard\libc_nano.a(lib_a-sprintf.o) (_svfprintf_r)
C:/NXP/S32DS_ARM_v2018.R1/Cross_Tools/gcc-6.3-arm32-eabi/arm-none-eabi/newlib/lib/thumb/v7e-m/fpv4-sp/hard\libc_nano.a(lib_a-nano-vfprintf_i.o)
                              C:/NXP/S32DS_ARM_v2018.R1/Cross_Tools/gcc-6.3-arm32-eabi/arm-none-eabi/newlib/lib/thumb/v7e-m/fpv4-sp/hard\libc_nano.a(lib_a-nano-svfprintf.o) (_printf_i)
C:/NXP/S32DS_ARM_v2018.R1/Cross_Tools/gcc-6.3-arm32-eabi/arm-none-eabi/newlib/lib/thumb/v7e-m/fpv4-sp/hard\libc_nano.a(lib_a-memchr.o)
                              C:/NXP/S32DS_ARM_v2018.R1/Cross_Tools/gcc-6.3-arm32-eabi/arm-none-eabi/newlib/lib/thumb/v7e-m/fpv4-sp/hard\libc_nano.a(lib_a-nano-svfprintf.o) (memchr)
C:/NXP/S32DS_ARM_v2018.R1/Cross_Tools/gcc-6.3-arm32-eabi/arm-none-eabi/newlib/lib/thumb/v7e-m/fpv4-sp/hard\libc_nano.a(lib_a-memcpy-stub.o)
                              C:/NXP/S32DS_ARM_v2018.R1/Cross_Tools/gcc-6.3-arm32-eabi/arm-none-eabi/newlib/lib/thumb/v7e-m/fpv4-sp/hard\libc_nano.a(lib_a-nano-svfprintf.o) (memcpy)
C:/NXP/S32DS_ARM_v2018.R1/Cross_Tools/gcc-6.3-arm32-eabi/arm-none-eabi/newlib/lib/thumb/v7e-m/fpv4-sp/hard\libc_nano.a(lib_a-memmove.o)
                              C:/NXP/S32DS_ARM_v2018.R1/Cross_Tools/gcc-6.3-arm32-eabi/arm-none-eabi/newlib/lib/thumb/v7e-m/fpv4-sp/hard\libc_nano.a(lib_a-nano-svfprintf.o) (memmove)
C:/NXP/S32DS_ARM_v2018.R1/Cross_Tools/gcc-6.3-arm32-eabi/arm-none-eabi/newlib/lib/thumb/v7e-m/fpv4-sp/hard\libc_nano.a(lib_a-nano-freer.o)
                              C:/NXP/S32DS_ARM_v2018.R1/Cross_Tools/gcc-6.3-arm32-eabi/arm-none-eabi/newlib/lib/thumb/v7e-m/fpv4-sp/hard\libc_nano.a(lib_a-nano-svfprintf.o) (_free_r)
C:/NXP/S32DS_ARM_v2018.R1/Cross_Tools/gcc-6.3-arm32-eabi/arm-none-eabi/newlib/lib/thumb/v7e-m/fpv4-sp/hard\libc_nano.a(lib_a-nano-mallocr.o)
                              C:/NXP/S32DS_ARM_v2018.R1/Cross_Tools/gcc-6.3-arm32-eabi/arm-none-eabi/newlib/lib/thumb/v7e-m/fpv4-sp/hard\libc_nano.a(lib_a-nano-svfprintf.o) (_malloc_r)
C:/NXP/S32DS_ARM_v2018.R1/Cross_Tools/gcc-6.3-arm32-eabi/arm-none-eabi/newlib/lib/thumb/v7e-m/fpv4-sp/hard\libc_nano.a(lib_a-nano-reallocr.o)
                              C:/NXP/S32DS_ARM_v2018.R1/Cross_Tools/gcc-6.3-arm32-eabi/arm-none-eabi/newlib/lib/thumb/v7e-m/fpv4-sp/hard\libc_nano.a(lib_a-nano-svfprintf.o) (_realloc_r)
C:/NXP/S32DS_ARM_v2018.R1/Cross_Tools/gcc-6.3-arm32-eabi/arm-none-eabi/newlib/lib/thumb/v7e-m/fpv4-sp/hard\libc_nano.a(lib_a-sbrkr.o)
                              C:/NXP/S32DS_ARM_v2018.R1/Cross_Tools/gcc-6.3-arm32-eabi/arm-none-eabi/newlib/lib/thumb/v7e-m/fpv4-sp/hard\libc_nano.a(lib_a-nano-mallocr.o) (_sbrk_r)
C:/NXP/S32DS_ARM_v2018.R1/Cross_Tools/gcc-6.3-arm32-eabi/arm-none-eabi/newlib/lib/thumb/v7e-m/fpv4-sp/hard\libc_nano.a(lib_a-mlock.o)
                              C:/NXP/S32DS_ARM_v2018.R1/Cross_Tools/gcc-6.3-arm32-eabi/arm-none-eabi/newlib/lib/thumb/v7e-m/fpv4-sp/hard\libc_nano.a(lib_a-nano-freer.o) (__malloc_lock)
C:/NXP/S32DS_ARM_v2018.R1/Cross_Tools/gcc-6.3-arm32-eabi/arm-none-eabi/newlib/lib/thumb/v7e-m/fpv4-sp/hard\libc_nano.a(lib_a-nano-msizer.o)
[...]
Memory Configuration

Name             Origin             Length             Attributes
m_interrupts     0x1fff8000         0x00000400         xr
m_text           0x1fff8400         0x00007c00         xr
m_data           0x20000000         0x00007000         rw
*default*        0x00000000         0xffffffff

Linker script and memory map

LOAD c:/nxp/s32ds_arm_v2018.r1/cross_tools/gcc-6.3-arm32-eabi/bin/../lib/gcc/arm-none-eabi/6.3.1/thumb/v7e-m/fpv4-sp/hard/crti.o
LOAD c:/nxp/s32ds_arm_v2018.r1/cross_tools/gcc-6.3-arm32-eabi/bin/../lib/gcc/arm-none-eabi/6.3.1/thumb/v7e-m/fpv4-sp/hard/crtbegin.o
LOAD C:/NXP/S32DS_ARM_v2018.R1/Cross_Tools/gcc-6.3-arm32-eabi/arm-none-eabi/newlib/lib/thumb/v7e-m/fpv4-sp/hard/crt0.o
LOAD ./Sources/main.o
LOAD ./SDK/rtos/osif/osif_baremetal.o
LOAD ./SDK/platform/drivers/src/pins/pins_port_hw_access.o
LOAD ./SDK/platform/drivers/src/pins/pins_driver.o
LOAD ./SDK/platform/drivers/src/lpuart/lpuart_irq.o
LOAD ./SDK/platform/drivers/src/lpuart/lpuart_hw_access.o
LOAD ./SDK/platform/drivers/src/lpuart/lpuart_driver.o
LOAD ./SDK/platform/drivers/src/lpit/lpit_driver.o
LOAD ./SDK/platform/drivers/src/interrupt/interrupt_manager.o
LOAD ./SDK/platform/drivers/src/ftm/ftm_pwm_driver.o
LOAD ./SDK/platform/drivers/src/ftm/ftm_ic_driver.o
LOAD ./SDK/platform/drivers/src/ftm/ftm_hw_access.o
LOAD ./SDK/platform/drivers/src/ftm/ftm_common.o
LOAD ./SDK/platform/drivers/src/edma/edma_irq.o
LOAD ./SDK/platform/drivers/src/edma/edma_hw_access.o
LOAD ./SDK/platform/drivers/src/edma/edma_driver.o
LOAD ./SDK/platform/drivers/src/clock/S32K1xx/clock_S32K1xx.o
LOAD ./SDK/platform/devices/startup.o
LOAD ./SDK/platform/devices/S32K144/startup/system_S32K144.o
LOAD ./Project_Settings/Startup_Code/startup_S32K144.o
LOAD ./Generated_Code/pin_mux.o
LOAD ./Generated_Code/lpuart1.o
LOAD ./Generated_Code/lpit1.o
LOAD ./Generated_Code/flexTimer_pwm1.o
LOAD ./Generated_Code/flexTimer_ic1.o
LOAD ./Generated_Code/dmaController1.o
LOAD ./Generated_Code/clockMan1.o
LOAD ./Generated_Code/Cpu.o
LOAD C:/NXP/S32DS_ARM_v2018.R1/Cross_Tools/gcc-6.3-arm32-eabi/arm-none-eabi/newlib/lib/thumb/v7e-m/fpv4-sp/hard\libc_nano.a
LOAD c:/nxp/s32ds_arm_v2018.r1/cross_tools/gcc-6.3-arm32-eabi/bin/../lib/gcc/arm-none-eabi/6.3.1/thumb/v7e-m/fpv4-sp/hard\libgcc.a
LOAD C:/NXP/S32DS_ARM_v2018.R1/Cross_Tools/gcc-6.3-arm32-eabi/arm-none-eabi/newlib/lib/thumb/v7e-m/fpv4-sp/hard\libm.a
LOAD C:/NXP/S32DS_ARM_v2018.R1/Cross_Tools/gcc-6.3-arm32-eabi/arm-none-eabi/newlib/lib/thumb/v7e-m/fpv4-sp/hard\librdimon_nano.a
START GROUP
LOAD c:/nxp/s32ds_arm_v2018.r1/cross_tools/gcc-6.3-arm32-eabi/bin/../lib/gcc/arm-none-eabi/6.3.1/thumb/v7e-m/fpv4-sp/hard\libgcc.a
LOAD C:/NXP/S32DS_ARM_v2018.R1/Cross_Tools/gcc-6.3-arm32-eabi/arm-none-eabi/newlib/lib/thumb/v7e-m/fpv4-sp/hard\libc_nano.a
END GROUP
START GROUP
LOAD c:/nxp/s32ds_arm_v2018.r1/cross_tools/gcc-6.3-arm32-eabi/bin/../lib/gcc/arm-none-eabi/6.3.1/thumb/v7e-m/fpv4-sp/hard\libgcc.a
LOAD C:/NXP/S32DS_ARM_v2018.R1/Cross_Tools/gcc-6.3-arm32-eabi/arm-none-eabi/newlib/lib/thumb/v7e-m/fpv4-sp/hard\libc_nano.a
LOAD C:/NXP/S32DS_ARM_v2018.R1/Cross_Tools/gcc-6.3-arm32-eabi/arm-none-eabi/newlib/lib/thumb/v7e-m/fpv4-sp/hard\libnosys.a
END GROUP
START GROUP
LOAD c:/nxp/s32ds_arm_v2018.r1/cross_tools/gcc-6.3-arm32-eabi/bin/../lib/gcc/arm-none-eabi/6.3.1/thumb/v7e-m/fpv4-sp/hard\libgcc.a
LOAD C:/NXP/S32DS_ARM_v2018.R1/Cross_Tools/gcc-6.3-arm32-eabi/arm-none-eabi/newlib/lib/thumb/v7e-m/fpv4-sp/hard\libc_nano.a
LOAD C:/NXP/S32DS_ARM_v2018.R1/Cross_Tools/gcc-6.3-arm32-eabi/arm-none-eabi/newlib/lib/thumb/v7e-m/fpv4-sp/hard\libnosys.a
END GROUP
LOAD c:/nxp/s32ds_arm_v2018.r1/cross_tools/gcc-6.3-arm32-eabi/bin/../lib/gcc/arm-none-eabi/6.3.1/thumb/v7e-m/fpv4-sp/hard/crtend.o
LOAD c:/nxp/s32ds_arm_v2018.r1/cross_tools/gcc-6.3-arm32-eabi/bin/../lib/gcc/arm-none-eabi/6.3.1/thumb/v7e-m/fpv4-sp/hard/crtn.o
                0x00000400                HEAP_SIZE = DEFINED (__heap_size__)?__heap_size__:0x400
                0x00000400                STACK_SIZE = DEFINED (__stack_size__)?__stack_size__:0x400

.interrupts     0x1fff8000      0x400
                0x1fff8000                __VECTOR_TABLE = .
                0x1fff8000                __interrupts_start__ = .
                0x1fff8000                . = ALIGN (0x4)
 *(.isr_vector)
 .isr_vector    0x1fff8000      0x400 ./Project_Settings/Startup_Code/startup_S32K144.o
                0x1fff8000                __isr_vector
                0x1fff8400                __interrupts_end__ = .
                0x1fff8400                . = ALIGN (0x4)
                0x1fff8000                __VECTOR_RAM = __VECTOR_TABLE
                0x00000000                __RAM_VECTOR_TABLE_SIZE = 0x0

.text           0x1fff8400     0x5800
                0x1fff8400                . = ALIGN (0x4)
 *(.text)
 .text          0x1fff8400       0x4c ./Project_Settings/Startup_Code/startup_S32K144.o
                0x1fff8400                Reset_Handler
                0x1fff8448                DebugMon_Handler
                0x1fff8448                Reserved88_IRQHandler
                0x1fff8448                CAN0_ORed_IRQHandler
                0x1fff8448                HardFault_Handler
                0x1fff8448                Reserved86_IRQHandler
                0x1fff8448                Reserved103_IRQHandler
                0x1fff8448                FTM2_Ovf_Reload_IRQHandler
                0x1fff8448                Reserved50_IRQHandler
                0x1fff8448                FTFC_Fault_IRQHandler
                0x1fff8448                Reserved114_IRQHandler
                0x1fff8448                PendSV_Handler
                0x1fff8448                NMI_Handler
                0x1fff8448                Reserved89_IRQHandler
                0x1fff8448                ERM_double_fault_IRQHandler
                0x1fff8448                Reserved59_IRQHandler
                0x1fff8448                LPIT0_Ch0_IRQHandler
                0x1fff8448                Reserved99_IRQHandler
                0x1fff8448                CAN2_ORed_0_15_MB_IRQHandler
                0x1fff8448                LPIT0_Ch3_IRQHandler
                0x1fff8448                Reserved92_IRQHandler
                0x1fff8448                CAN1_Error_IRQHandler
                0x1fff8448                SWI_IRQHandler
                0x1fff8448                ADC0_IRQHandler
                0x1fff8448                UsageFault_Handler
                0x1fff8448                FTM0_Ovf_Reload_IRQHandler
                0x1fff8448                DefaultISR
                0x1fff8448                Reserved58_IRQHandler
                0x1fff8448                CAN1_ORed_0_15_MB_IRQHandler
                0x1fff8448                Reserved82_IRQHandler
                0x1fff8448                CAN0_ORed_16_31_MB_IRQHandler
                0x1fff8448                LPI2C0_Slave_IRQHandler
                0x1fff8448                Reserved71_IRQHandler
                0x1fff8448                PORTD_IRQHandler
                0x1fff8448                Reserved69_IRQHandler
                0x1fff8448                PORTB_IRQHandler
                0x1fff8448                Reserved70_IRQHandler
                0x1fff8448                ADC1_IRQHandler
                0x1fff8448                Reserved53_IRQHandler
                0x1fff8448                RTC_IRQHandler
                0x1fff8448                PDB0_IRQHandler
                0x1fff8448                Reserved54_IRQHandler
                0x1fff8448                LPSPI1_IRQHandler
                0x1fff8448                LPUART1_RxTx_IRQHandler
                0x1fff8448                RTC_Seconds_IRQHandler
                0x1fff8448                CAN2_ORed_IRQHandler
                0x1fff8448                Reserved72_IRQHandler
                0x1fff8448                Reserved110_IRQHandler
                0x1fff8448                Reserved107_IRQHandler
                0x1fff8448                Read_Collision_IRQHandler
                0x1fff8448                CAN2_Error_IRQHandler
                0x1fff8448                FTFC_IRQHandler
                0x1fff8448                Reserved105_IRQHandler
                0x1fff8448                LPIT0_Ch1_IRQHandler
                0x1fff8448                FTM3_Ovf_Reload_IRQHandler
                0x1fff8448                LPUART2_RxTx_IRQHandler
                0x1fff8448                LPSPI0_IRQHandler
                0x1fff8448                WDOG_EWM_IRQHandler
                0x1fff8448                MemManage_Handler
                0x1fff8448                Reserved90_IRQHandler
                0x1fff8448                Reserved83_IRQHandler
                0x1fff8448                FTM0_Fault_IRQHandler
                0x1fff8448                Reserved48_IRQHandler
                0x1fff8448                SVC_Handler
                0x1fff8448                ERM_single_fault_IRQHandler
                0x1fff8448                FTM2_Fault_IRQHandler
                0x1fff8448                FTM3_Fault_IRQHandler
                0x1fff8448                RCM_IRQHandler
                0x1fff8448                Reserved100_IRQHandler
                0x1fff8448                Reserved91_IRQHandler
                0x1fff8448                CAN1_ORed_IRQHandler
                0x1fff8448                SCG_IRQHandler
                0x1fff8448                PDB1_IRQHandler
                0x1fff8448                Reserved81_IRQHandler
                0x1fff8448                Reserved46_IRQHandler
                0x1fff8448                Reserved45_IRQHandler
                0x1fff8448                CAN0_Error_IRQHandler
                0x1fff8448                Reserved112_IRQHandler
                0x1fff8448                LPI2C0_Master_IRQHandler
                0x1fff8448                FTM1_Fault_IRQHandler
                0x1fff8448                Reserved106_IRQHandler
                0x1fff8448                LVD_LVW_IRQHandler
                0x1fff8448                LPIT0_Ch2_IRQHandler
                0x1fff8448                PORTA_IRQHandler
                0x1fff8448                MCM_IRQHandler
                0x1fff8448                LPSPI2_IRQHandler
                0x1fff8448                CAN0_ORed_0_15_MB_IRQHandler
                0x1fff8448                PORTE_IRQHandler
                0x1fff8448                LPUART0_RxTx_IRQHandler
                0x1fff8448                LPTMR0_IRQHandler
                0x1fff8448                BusFault_Handler
                0x1fff8448                Reserved87_IRQHandler
                0x1fff8448                FTM1_Ovf_Reload_IRQHandler
                0x1fff8448                Reserved93_IRQHandler
                0x1fff8448                CAN0_Wake_Up_IRQHandler
                0x1fff8448                CMP0_IRQHandler
                0x1fff8448                Reserved52_IRQHandler
                0x1fff8448                PORTC_IRQHandler
                0x1fff8448                FLEXIO_IRQHandler
                0x1fff8448                Reserved113_IRQHandler
 .text          0x1fff844c       0x10 C:/NXP/S32DS_ARM_v2018.R1/Cross_Tools/gcc-6.3-arm32-eabi/arm-none-eabi/newlib/lib/thumb/v7e-m/fpv4-sp/hard\libc_nano.a(lib_a-strlen.o)
                0x1fff844c                strlen
 *fill*         0x1fff845c        0x4 
 .text          0x1fff8460       0xa0 C:/NXP/S32DS_ARM_v2018.R1/Cross_Tools/gcc-6.3-arm32-eabi/arm-none-eabi/newlib/lib/thumb/v7e-m/fpv4-sp/hard\libc_nano.a(lib_a-memchr.o)
                0x1fff8460                memchr
 .text          0x1fff8500       0x30 c:/nxp/s32ds_arm_v2018.r1/cross_tools/gcc-6.3-arm32-eabi/bin/../lib/gcc/arm-none-eabi/6.3.1/thumb/v7e-m/fpv4-sp/hard\libgcc.a(_aeabi_uldivmod.o)
                0x1fff8500                __aeabi_uldivmod
 .text          0x1fff8530      0x2e4 c:/nxp/s32ds_arm_v2018.r1/cross_tools/gcc-6.3-arm32-eabi/bin/../lib/gcc/arm-none-eabi/6.3.1/thumb/v7e-m/fpv4-sp/hard\libgcc.a(_udivmoddi4.o)
                0x1fff8530                __udivmoddi4
 .text          0x1fff8814        0x4 c:/nxp/s32ds_arm_v2018.r1/cross_tools/gcc-6.3-arm32-eabi/bin/../lib/gcc/arm-none-eabi/6.3.1/thumb/v7e-m/fpv4-sp/hard\libgcc.a(_dvmd_tls.o)
                0x1fff8814                __aeabi_idiv0
                0x1fff8814                __aeabi_ldiv0
 *(.text*)
 .text.LPIT_ISR
                0x1fff8818       0x18 ./Sources/main.o
                0x1fff8818                LPIT_ISR
 .text.delayCycles
                0x1fff8830       0x12 ./Sources/main.o
                0x1fff8830                delayCycles
 .text.print    0x1fff8842       0x26 ./Sources/main.o
                0x1fff8842                print
 .text.main     0x1fff8868      0x158 ./Sources/main.o
                0x1fff8868                main
 .text.SysTick_Handler
                0x1fff89c0       0x10 ./SDK/rtos/osif/osif_baremetal.o
                0x1fff89c0                SysTick_Handler
 .text.OSIF_SemaWait
                0x1fff89d0       0x90 ./SDK/rtos/osif/osif_baremetal.o
                0x1fff89d0                OSIF_SemaWait
 .text.OSIF_SemaPost
                0x1fff8a60       0x2c ./SDK/rtos/osif/osif_baremetal.o
                0x1fff8a60                OSIF_SemaPost
 .text.OSIF_SemaCreate
                0x1fff8a8c       0x1a ./SDK/rtos/osif/osif_baremetal.o
                0x1fff8a8c                OSIF_SemaCreate
 *fill*         0x1fff8aa6        0x2 
 .text.PINS_GetAdcInterleaveVal
                0x1fff8aa8       0x70 ./SDK/platform/drivers/src/pins/pins_port_hw_access.o
 .text.PINS_Init
                0x1fff8b18      0x138 ./SDK/platform/drivers/src/pins/pins_port_hw_access.o
                0x1fff8b18                PINS_Init
 .text.PINS_DRV_Init
                0x1fff8c50       0x20 ./SDK/platform/drivers/src/pins/pins_driver.o
                0x1fff8c50                PINS_DRV_Init
 .text.PINS_DRV_SetPinsDirection
                0x1fff8c70        0x4 ./SDK/platform/drivers/src/pins/pins_driver.o
                0x1fff8c70                PINS_DRV_SetPinsDirection
 .text.PINS_DRV_SetPins
                0x1fff8c74        0x4 ./SDK/platform/drivers/src/pins/pins_driver.o
                0x1fff8c74                PINS_DRV_SetPins
 .text.PINS_DRV_TogglePins
                0x1fff8c78        0x4 ./SDK/platform/drivers/src/pins/pins_driver.o
                0x1fff8c78                PINS_DRV_TogglePins
 .text.LPUART0_IrqHandler
                0x1fff8c7c        0xa ./SDK/platform/drivers/src/lpuart/lpuart_irq.o
                0x1fff8c7c                LPUART0_IrqHandler
 .text.LPUART1_IrqHandler
                0x1fff8c86        0xa ./SDK/platform/drivers/src/lpuart/lpuart_irq.o
                0x1fff8c86                LPUART1_IrqHandler
 .text.LPUART2_IrqHandler
                0x1fff8c90        0xa ./SDK/platform/drivers/src/lpuart/lpuart_irq.o
                0x1fff8c90                LPUART2_IrqHandler
 *fill*         0x1fff8c9a        0x2 
 .text.LPUART_Init
                0x1fff8c9c       0x24 ./SDK/platform/drivers/src/lpuart/lpuart_hw_access.o
                0x1fff8c9c                LPUART_Init
 .text.LPUART_SetBitCountPerChar
                0x1fff8cc0       0x30 ./SDK/platform/drivers/src/lpuart/lpuart_hw_access.o
                0x1fff8cc0                LPUART_SetBitCountPerChar
 .text.LPUART_SetParityMode
                0x1fff8cf0       0x1e ./SDK/platform/drivers/src/lpuart/lpuart_hw_access.o
                0x1fff8cf0                LPUART_SetParityMode
 .text.LPUART_Putchar9
                0x1fff8d0e       0x16 ./SDK/platform/drivers/src/lpuart/lpuart_hw_access.o
                0x1fff8d0e                LPUART_Putchar9
 .text.LPUART_Putchar10
                0x1fff8d24       0x22 ./SDK/platform/drivers/src/lpuart/lpuart_hw_access.o
                0x1fff8d24                LPUART_Putchar10
 .text.LPUART_Getchar9
                0x1fff8d46       0x1e ./SDK/platform/drivers/src/lpuart/lpuart_hw_access.o
                0x1fff8d46                LPUART_Getchar9
 .text.LPUART_Getchar10
                0x1fff8d64       0x26 ./SDK/platform/drivers/src/lpuart/lpuart_hw_access.o
                0x1fff8d64                LPUART_Getchar10
 .text.LPUART_SetIntMode
                0x1fff8d8a       0x70 ./SDK/platform/drivers/src/lpuart/lpuart_hw_access.o
                0x1fff8d8a                LPUART_SetIntMode
 .text.LPUART_GetIntMode
                0x1fff8dfa       0x4a ./SDK/platform/drivers/src/lpuart/lpuart_hw_access.o
                0x1fff8dfa                LPUART_GetIntMode
 .text.LPUART_GetStatusFlag
                0x1fff8e44       0x48 ./SDK/platform/drivers/src/lpuart/lpuart_hw_access.o
                0x1fff8e44                LPUART_GetStatusFlag
 .text.LPUART_SetErrorInterrupts
                0x1fff8e8c       0x40 ./SDK/platform/drivers/src/lpuart/lpuart_hw_access.o
                0x1fff8e8c                LPUART_SetErrorInterrupts
 .text.LPUART_DRV_StartSendDataUsingInt
                0x1fff8ecc       0x7c ./SDK/platform/drivers/src/lpuart/lpuart_driver.o
 .text.LPUART_DRV_StartSendDataUsingDma
                0x1fff8f48       0x94 ./SDK/platform/drivers/src/lpuart/lpuart_driver.o
 .text.LPUART_DRV_CompleteSendDataUsingInt
                0x1fff8fdc       0x6c ./SDK/platform/drivers/src/lpuart/lpuart_driver.o
 .text.LPUART_DRV_StopTxDma
                0x1fff9048       0x64 ./SDK/platform/drivers/src/lpuart/lpuart_driver.o
 .text.LPUART_DRV_TxDmaCallback
                0x1fff90ac       0x74 ./SDK/platform/drivers/src/lpuart/lpuart_driver.o
 .text.LPUART_DRV_PutData
                0x1fff9120       0x44 ./SDK/platform/drivers/src/lpuart/lpuart_driver.o
 .text.LPUART_DRV_StartReceiveDataUsingInt
                0x1fff9164       0x84 ./SDK/platform/drivers/src/lpuart/lpuart_driver.o
 .text.LPUART_DRV_StartReceiveDataUsingDma
                0x1fff91e8       0xa8 ./SDK/platform/drivers/src/lpuart/lpuart_driver.o
 .text.LPUART_DRV_CompleteReceiveDataUsingInt
                0x1fff9290       0x68 ./SDK/platform/drivers/src/lpuart/lpuart_driver.o
 .text.LPUART_DRV_StopRxDma
                0x1fff92f8       0x64 ./SDK/platform/drivers/src/lpuart/lpuart_driver.o
 .text.LPUART_DRV_RxDmaCallback
                0x1fff935c       0xa4 ./SDK/platform/drivers/src/lpuart/lpuart_driver.o
 .text.LPUART_DRV_GetData
                0x1fff9400       0x60 ./SDK/platform/drivers/src/lpuart/lpuart_driver.o
 .text.LPUART_DRV_SendData
                0x1fff9460       0x3c ./SDK/platform/drivers/src/lpuart/lpuart_driver.o
                0x1fff9460                LPUART_DRV_SendData
 .text.LPUART_DRV_GetTransmitStatus
                0x1fff949c       0x40 ./SDK/platform/drivers/src/lpuart/lpuart_driver.o
                0x1fff949c                LPUART_DRV_GetTransmitStatus
 .text.LPUART_DRV_ReceiveDataBlocking
                0x1fff94dc       0x70 ./SDK/platform/drivers/src/lpuart/lpuart_driver.o
                0x1fff94dc                LPUART_DRV_ReceiveDataBlocking
 .text.LPUART_DRV_SetBaudRate
                0x1fff954c       0xf0 ./SDK/platform/drivers/src/lpuart/lpuart_driver.o
                0x1fff954c                LPUART_DRV_SetBaudRate
 .text.LPUART_DRV_Init
                0x1fff963c      0x138 ./SDK/platform/drivers/src/lpuart/lpuart_driver.o
                0x1fff963c                LPUART_DRV_Init
 .text.LPUART_DRV_IRQHandler
                0x1fff9774      0x288 ./SDK/platform/drivers/src/lpuart/lpuart_driver.o
                0x1fff9774                LPUART_DRV_IRQHandler
 .text.LPIT_DRV_Init
                0x1fff99fc       0xcc ./SDK/platform/drivers/src/lpit/lpit_driver.o
                0x1fff99fc                LPIT_DRV_Init
 .text.LPIT_DRV_StartTimerChannels
                0x1fff9ac8       0x1c ./SDK/platform/drivers/src/lpit/lpit_driver.o
                0x1fff9ac8                LPIT_DRV_StartTimerChannels
 .text.LPIT_DRV_SetTimerPeriodByUs
                0x1fff9ae4       0xc8 ./SDK/platform/drivers/src/lpit/lpit_driver.o
                0x1fff9ae4                LPIT_DRV_SetTimerPeriodByUs
 .text.LPIT_DRV_SetTimerPeriodByCount
                0x1fff9bac       0x1c ./SDK/platform/drivers/src/lpit/lpit_driver.o
                0x1fff9bac                LPIT_DRV_SetTimerPeriodByCount
 .text.LPIT_DRV_InitChannel
                0x1fff9bc8      0x19c ./SDK/platform/drivers/src/lpit/lpit_driver.o
                0x1fff9bc8                LPIT_DRV_InitChannel
 .text.LPIT_DRV_ClearInterruptFlagTimerChannels
                0x1fff9d64       0x1c ./SDK/platform/drivers/src/lpit/lpit_driver.o
                0x1fff9d64                LPIT_DRV_ClearInterruptFlagTimerChannels
 .text.INT_SYS_InstallHandler
                0x1fff9d80       0x48 ./SDK/platform/drivers/src/interrupt/interrupt_manager.o
                0x1fff9d80                INT_SYS_InstallHandler
 .text.INT_SYS_EnableIRQ
                0x1fff9dc8       0x28 ./SDK/platform/drivers/src/interrupt/interrupt_manager.o
                0x1fff9dc8                INT_SYS_EnableIRQ
 .text.INT_SYS_DisableIRQ
                0x1fff9df0       0x2c ./SDK/platform/drivers/src/interrupt/interrupt_manager.o
                0x1fff9df0                INT_SYS_DisableIRQ
 .text.INT_SYS_EnableIRQGlobal
                0x1fff9e1c       0x1c ./SDK/platform/drivers/src/interrupt/interrupt_manager.o
                0x1fff9e1c                INT_SYS_EnableIRQGlobal
 .text.INT_SYS_DisableIRQGlobal
                0x1fff9e38       0x10 ./SDK/platform/drivers/src/interrupt/interrupt_manager.o
                0x1fff9e38                INT_SYS_DisableIRQGlobal
 .text.FTM_DRV_DeinitPwm
                0x1fff9e48      0x16c ./SDK/platform/drivers/src/ftm/ftm_pwm_driver.o
                0x1fff9e48                FTM_DRV_DeinitPwm
 .text.FTM_DRV_UpdatePwmChannel
                0x1fff9fb4      0x17c ./SDK/platform/drivers/src/ftm/ftm_pwm_driver.o
                0x1fff9fb4                FTM_DRV_UpdatePwmChannel
 .text.FTM_DRV_InitPwm
                0x1fffa130      0x838 ./SDK/platform/drivers/src/ftm/ftm_pwm_driver.o
                0x1fffa130                FTM_DRV_InitPwm
 .text.FTM_DRV_IrqHandler
                0x1fffa968      0x134 ./SDK/platform/drivers/src/ftm/ftm_ic_driver.o
 .text.FTM_DRV_InitInputCapture
                0x1fffaa9c      0x358 ./SDK/platform/drivers/src/ftm/ftm_ic_driver.o
                0x1fffaa9c                FTM_DRV_InitInputCapture
 .text.FTM_DRV_GetInputCaptureMeasurement
                0x1fffadf4       0x28 ./SDK/platform/drivers/src/ftm/ftm_ic_driver.o
                0x1fffadf4                FTM_DRV_GetInputCaptureMeasurement
 .text.FTM0_Ch0_Ch1_IRQHandler
                0x1fffae1c        0xc ./SDK/platform/drivers/src/ftm/ftm_ic_driver.o
                0x1fffae1c                FTM0_Ch0_Ch1_IRQHandler
 .text.FTM0_Ch2_Ch3_IRQHandler
                0x1fffae28        0xc ./SDK/platform/drivers/src/ftm/ftm_ic_driver.o
                0x1fffae28                FTM0_Ch2_Ch3_IRQHandler
 .text.FTM0_Ch4_Ch5_IRQHandler
                0x1fffae34        0xc ./SDK/platform/drivers/src/ftm/ftm_ic_driver.o
                0x1fffae34                FTM0_Ch4_Ch5_IRQHandler
 .text.FTM0_Ch6_Ch7_IRQHandler
                0x1fffae40        0xc ./SDK/platform/drivers/src/ftm/ftm_ic_driver.o
                0x1fffae40                FTM0_Ch6_Ch7_IRQHandler
 .text.FTM1_Ch0_Ch1_IRQHandler
                0x1fffae4c        0xc ./SDK/platform/drivers/src/ftm/ftm_ic_driver.o
                0x1fffae4c                FTM1_Ch0_Ch1_IRQHandler
 .text.FTM1_Ch2_Ch3_IRQHandler
                0x1fffae58        0xc ./SDK/platform/drivers/src/ftm/ftm_ic_driver.o
                0x1fffae58                FTM1_Ch2_Ch3_IRQHandler
 .text.FTM1_Ch4_Ch5_IRQHandler
                0x1fffae64        0xc ./SDK/platform/drivers/src/ftm/ftm_ic_driver.o
                0x1fffae64                FTM1_Ch4_Ch5_IRQHandler
 .text.FTM1_Ch6_Ch7_IRQHandler
                0x1fffae70        0xc ./SDK/platform/drivers/src/ftm/ftm_ic_driver.o
                0x1fffae70                FTM1_Ch6_Ch7_IRQHandler
 .text.FTM2_Ch0_Ch1_IRQHandler
                0x1fffae7c        0xc ./SDK/platform/drivers/src/ftm/ftm_ic_driver.o
                0x1fffae7c                FTM2_Ch0_Ch1_IRQHandler
 .text.FTM2_Ch2_Ch3_IRQHandler
                0x1fffae88        0xc ./SDK/platform/drivers/src/ftm/ftm_ic_driver.o
                0x1fffae88                FTM2_Ch2_Ch3_IRQHandler
 .text.FTM2_Ch4_Ch5_IRQHandler
                0x1fffae94        0xc ./SDK/platform/drivers/src/ftm/ftm_ic_driver.o
                0x1fffae94                FTM2_Ch4_Ch5_IRQHandler
 .text.FTM2_Ch6_Ch7_IRQHandler
                0x1fffaea0        0xc ./SDK/platform/drivers/src/ftm/ftm_ic_driver.o
                0x1fffaea0                FTM2_Ch6_Ch7_IRQHandler
 .text.FTM3_Ch0_Ch1_IRQHandler
                0x1fffaeac        0xc ./SDK/platform/drivers/src/ftm/ftm_ic_driver.o
                0x1fffaeac                FTM3_Ch0_Ch1_IRQHandler
 .text.FTM3_Ch2_Ch3_IRQHandler
                0x1fffaeb8        0xc ./SDK/platform/drivers/src/ftm/ftm_ic_driver.o
                0x1fffaeb8                FTM3_Ch2_Ch3_IRQHandler
 .text.FTM3_Ch4_Ch5_IRQHandler
                0x1fffaec4        0xc ./SDK/platform/drivers/src/ftm/ftm_ic_driver.o
                0x1fffaec4                FTM3_Ch4_Ch5_IRQHandler
 .text.FTM3_Ch6_Ch7_IRQHandler
                0x1fffaed0        0xc ./SDK/platform/drivers/src/ftm/ftm_ic_driver.o
                0x1fffaed0                FTM3_Ch6_Ch7_IRQHandler
 .text.FTM_DRV_InitModule
                0x1fffaedc       0x18 ./SDK/platform/drivers/src/ftm/ftm_hw_access.o
                0x1fffaedc                FTM_DRV_InitModule
 .text.FTM_DRV_Reset
                0x1fffaef4       0x66 ./SDK/platform/drivers/src/ftm/ftm_hw_access.o
                0x1fffaef4                FTM_DRV_Reset
 .text.FTM_DRV_SetChnTriggerCmd
                0x1fffaf5a       0x36 ./SDK/platform/drivers/src/ftm/ftm_hw_access.o
                0x1fffaf5a                FTM_DRV_SetChnTriggerCmd
 .text.FTM_DRV_SetChnInputCaptureFilter
                0x1fffaf90       0x56 ./SDK/platform/drivers/src/ftm/ftm_hw_access.o
                0x1fffaf90                FTM_DRV_SetChnInputCaptureFilter
 *fill*         0x1fffafe6        0x2 
 .text.FTM_DRV_SetSync
                0x1fffafe8      0x1c8 ./SDK/platform/drivers/src/ftm/ftm_common.o
                0x1fffafe8                FTM_DRV_SetSync
 .text.FTM_DRV_GetFrequency
                0x1fffb1b0       0x90 ./SDK/platform/drivers/src/ftm/ftm_common.o
                0x1fffb1b0                FTM_DRV_GetFrequency
 .text.FTM_DRV_Init
                0x1fffb240      0x104 ./SDK/platform/drivers/src/ftm/ftm_common.o
                0x1fffb240                FTM_DRV_Init
 .text.FTM_DRV_ConvertFreqToPeriodTicks
                0x1fffb344       0x24 ./SDK/platform/drivers/src/ftm/ftm_common.o
                0x1fffb344                FTM_DRV_ConvertFreqToPeriodTicks
 .text.DMA0_IRQHandler
                0x1fffb368        0xa ./SDK/platform/drivers/src/edma/edma_irq.o
                0x1fffb368                DMA0_IRQHandler
 .text.DMA1_IRQHandler
                0x1fffb372        0xa ./SDK/platform/drivers/src/edma/edma_irq.o
                0x1fffb372                DMA1_IRQHandler
 .text.DMA2_IRQHandler
                0x1fffb37c        0xa ./SDK/platform/drivers/src/edma/edma_irq.o
                0x1fffb37c                DMA2_IRQHandler
 .text.DMA3_IRQHandler
                0x1fffb386        0xa ./SDK/platform/drivers/src/edma/edma_irq.o
                0x1fffb386                DMA3_IRQHandler
 .text.DMA4_IRQHandler
                0x1fffb390        0xa ./SDK/platform/drivers/src/edma/edma_irq.o
                0x1fffb390                DMA4_IRQHandler
 .text.DMA5_IRQHandler
                0x1fffb39a        0xa ./SDK/platform/drivers/src/edma/edma_irq.o
                0x1fffb39a                DMA5_IRQHandler
 .text.DMA6_IRQHandler
                0x1fffb3a4        0xa ./SDK/platform/drivers/src/edma/edma_irq.o
                0x1fffb3a4                DMA6_IRQHandler
 .text.DMA7_IRQHandler
                0x1fffb3ae        0xa ./SDK/platform/drivers/src/edma/edma_irq.o
                0x1fffb3ae                DMA7_IRQHandler
 .text.DMA8_IRQHandler
                0x1fffb3b8        0xa ./SDK/platform/drivers/src/edma/edma_irq.o
                0x1fffb3b8                DMA8_IRQHandler
 .text.DMA9_IRQHandler
                0x1fffb3c2        0xa ./SDK/platform/drivers/src/edma/edma_irq.o
                0x1fffb3c2                DMA9_IRQHandler
 .text.DMA10_IRQHandler
                0x1fffb3cc        0xa ./SDK/platform/drivers/src/edma/edma_irq.o
                0x1fffb3cc                DMA10_IRQHandler
 .text.DMA11_IRQHandler
                0x1fffb3d6        0xa ./SDK/platform/drivers/src/edma/edma_irq.o
                0x1fffb3d6                DMA11_IRQHandler
 .text.DMA12_IRQHandler
                0x1fffb3e0        0xa ./SDK/platform/drivers/src/edma/edma_irq.o
                0x1fffb3e0                DMA12_IRQHandler
 .text.DMA13_IRQHandler
                0x1fffb3ea        0xa ./SDK/platform/drivers/src/edma/edma_irq.o
                0x1fffb3ea                DMA13_IRQHandler
 .text.DMA14_IRQHandler
                0x1fffb3f4        0xa ./SDK/platform/drivers/src/edma/edma_irq.o
                0x1fffb3f4                DMA14_IRQHandler
 .text.DMA15_IRQHandler
                0x1fffb3fe        0xa ./SDK/platform/drivers/src/edma/edma_irq.o
                0x1fffb3fe                DMA15_IRQHandler
 .text.DMA_Error_IRQHandler
                0x1fffb408       0x28 ./SDK/platform/drivers/src/edma/edma_irq.o
                0x1fffb408                DMA_Error_IRQHandler
 .text.EDMA_SetDmaRequestCmd
                0x1fffb430        0xa ./SDK/platform/drivers/src/edma/edma_hw_access.o
                0x1fffb430                EDMA_SetDmaRequestCmd
 .text.EDMA_TCDClearReg
                0x1fffb43a       0x4a ./SDK/platform/drivers/src/edma/edma_hw_access.o
                0x1fffb43a                EDMA_TCDClearReg
 .text.EDMA_TCDSetAttribute
                0x1fffb484       0x38 ./SDK/platform/drivers/src/edma/edma_hw_access.o
                0x1fffb484                EDMA_TCDSetAttribute
 .text.EDMA_TCDSetNbytes
                0x1fffb4bc       0x64 ./SDK/platform/drivers/src/edma/edma_hw_access.o
                0x1fffb4bc                EDMA_TCDSetNbytes
 .text.EDMA_TCDSetMajorCount
                0x1fffb520       0x68 ./SDK/platform/drivers/src/edma/edma_hw_access.o
                0x1fffb520                EDMA_TCDSetMajorCount
 .text.EDMA_TCDGetCurrentMajorCount
                0x1fffb588       0x2c ./SDK/platform/drivers/src/edma/edma_hw_access.o
                0x1fffb588                EDMA_TCDGetCurrentMajorCount
 .text.EDMA_DRV_ClearIntStatus
                0x1fffb5b4       0x20 ./SDK/platform/drivers/src/edma/edma_driver.o
 .text.EDMA_DRV_InstallCallback
                0x1fffb5d4       0x30 ./SDK/platform/drivers/src/edma/edma_driver.o
                0x1fffb5d4                EDMA_DRV_InstallCallback
 .text.EDMA_DRV_IRQHandler
                0x1fffb604       0x20 ./SDK/platform/drivers/src/edma/edma_driver.o
                0x1fffb604                EDMA_DRV_IRQHandler
 .text.EDMA_DRV_ErrorIRQHandler
                0x1fffb624       0x40 ./SDK/platform/drivers/src/edma/edma_driver.o
                0x1fffb624                EDMA_DRV_ErrorIRQHandler
 .text.EDMA_DRV_ConfigSingleBlockTransfer
                0x1fffb664      0x1d4 ./SDK/platform/drivers/src/edma/edma_driver.o
                0x1fffb664                EDMA_DRV_ConfigSingleBlockTransfer
 .text.EDMA_DRV_ConfigMultiBlockTransfer
                0x1fffb838       0x7c ./SDK/platform/drivers/src/edma/edma_driver.o
                0x1fffb838                EDMA_DRV_ConfigMultiBlockTransfer
 .text.EDMA_DRV_StartChannel
                0x1fffb8b4       0x38 ./SDK/platform/drivers/src/edma/edma_driver.o
                0x1fffb8b4                EDMA_DRV_StartChannel
 .text.EDMA_DRV_StopChannel
                0x1fffb8ec       0x38 ./SDK/platform/drivers/src/edma/edma_driver.o
                0x1fffb8ec                EDMA_DRV_StopChannel
 .text.EDMA_DRV_SetSrcAddr
                0x1fffb924       0x34 ./SDK/platform/drivers/src/edma/edma_driver.o
                0x1fffb924                EDMA_DRV_SetSrcAddr
 .text.EDMA_DRV_SetDestAddr
                0x1fffb958       0x38 ./SDK/platform/drivers/src/edma/edma_driver.o
                0x1fffb958                EDMA_DRV_SetDestAddr
 .text.EDMA_DRV_SetMajorLoopIterationCount
                0x1fffb990       0x34 ./SDK/platform/drivers/src/edma/edma_driver.o
                0x1fffb990                EDMA_DRV_SetMajorLoopIterationCount
 .text.EDMA_DRV_GetRemainingMajorIterationsCount
                0x1fffb9c4       0x34 ./SDK/platform/drivers/src/edma/edma_driver.o
                0x1fffb9c4                EDMA_DRV_GetRemainingMajorIterationsCount
 .text.EDMA_DRV_GetDmaRegBaseAddr
                0x1fffb9f8       0x10 ./SDK/platform/drivers/src/edma/edma_driver.o
                0x1fffb9f8                EDMA_DRV_GetDmaRegBaseAddr
 .text.CLOCK_SYS_GetCurrentRunMode
                0x1fffba08       0x24 ./SDK/platform/drivers/src/clock/S32K1xx/clock_S32K1xx.o
 .text.CLOCK_SYS_GetSysOscFreq
                0x1fffba2c       0x1c ./SDK/platform/drivers/src/clock/S32K1xx/clock_S32K1xx.o
 .text.CLOCK_SYS_ConfigureSOSC
                0x1fffba48      0x12c ./SDK/platform/drivers/src/clock/S32K1xx/clock_S32K1xx.o
 .text.CLOCK_SYS_GetSircFreq
                0x1fffbb74       0x2c ./SDK/platform/drivers/src/clock/S32K1xx/clock_S32K1xx.o
 .text.CLOCK_SYS_ConfigureSIRC
                0x1fffbba0       0xc4 ./SDK/platform/drivers/src/clock/S32K1xx/clock_S32K1xx.o
 .text.CLOCK_SYS_GetFircFreq
                0x1fffbc64       0x20 ./SDK/platform/drivers/src/clock/S32K1xx/clock_S32K1xx.o
 .text.CLOCK_SYS_ConfigureFIRC
                0x1fffbc84       0xb4 ./SDK/platform/drivers/src/clock/S32K1xx/clock_S32K1xx.o
 .text.CLOCK_SYS_GetSysPllFreq
                0x1fffbd38       0x44 ./SDK/platform/drivers/src/clock/S32K1xx/clock_S32K1xx.o
 .text.CLOCK_SYS_ConfigureSPLL
                0x1fffbd7c      0x12c ./SDK/platform/drivers/src/clock/S32K1xx/clock_S32K1xx.o
 .text.CLOCK_SYS_SetSystemClockConfig
                0x1fffbea8      0x204 ./SDK/platform/drivers/src/clock/S32K1xx/clock_S32K1xx.o
 .text.CLOCK_SYS_TransitionSystemClock
                0x1fffc0ac       0x54 ./SDK/platform/drivers/src/clock/S32K1xx/clock_S32K1xx.o
 .text.CLOCK_SYS_GetSystemClockFreq
                0x1fffc100       0x80 ./SDK/platform/drivers/src/clock/S32K1xx/clock_S32K1xx.o
 .text.CLOCK_SYS_GetScgClkOutFreq
                0x1fffc180       0x44 ./SDK/platform/drivers/src/clock/S32K1xx/clock_S32K1xx.o
 .text.CLOCK_SYS_GetSysAsyncFreq
                0x1fffc1c4       0xc0 ./SDK/platform/drivers/src/clock/S32K1xx/clock_S32K1xx.o
 .text.CLOCK_SYS_GetSimRtcClkFreq
                0x1fffc284       0x50 ./SDK/platform/drivers/src/clock/S32K1xx/clock_S32K1xx.o
 .text.CLOCK_SYS_GetPeripheralClock
                0x1fffc2d4       0x78 ./SDK/platform/drivers/src/clock/S32K1xx/clock_S32K1xx.o
 .text.CLOCK_SYS_GetLpoFreq
                0x1fffc34c       0x4c ./SDK/platform/drivers/src/clock/S32K1xx/clock_S32K1xx.o
 .text.CLOCK_SYS_GetSimClkOutFreq
                0x1fffc398       0x98 ./SDK/platform/drivers/src/clock/S32K1xx/clock_S32K1xx.o
 .text.CLOCK_DRV_Init
                0x1fffc430      0x590 ./SDK/platform/drivers/src/clock/S32K1xx/clock_S32K1xx.o
                0x1fffc430                CLOCK_DRV_Init
 .text.CLOCK_DRV_GetFreq
                0x1fffc9c0      0x370 ./SDK/platform/drivers/src/clock/S32K1xx/clock_S32K1xx.o
                0x1fffc9c0                CLOCK_DRV_GetFreq
 .text.CLOCK_SYS_Init
                0x1fffcd30       0x28 ./SDK/platform/drivers/src/clock/S32K1xx/clock_S32K1xx.o
                0x1fffcd30                CLOCK_SYS_Init
 .text.CLOCK_SYS_UpdateConfiguration
                0x1fffcd58       0xf4 ./SDK/platform/drivers/src/clock/S32K1xx/clock_S32K1xx.o
                0x1fffcd58                CLOCK_SYS_UpdateConfiguration
 .text.CLOCK_SYS_GetFreq
                0x1fffce4c        0x8 ./SDK/platform/drivers/src/clock/S32K1xx/clock_S32K1xx.o
                0x1fffce4c                CLOCK_SYS_GetFreq
 .text.init_data_bss
                0x1fffce54       0xd8 ./SDK/platform/devices/startup.o
                0x1fffce54                init_data_bss
 .text.SystemInit
                0x1fffcf2c       0x3c ./SDK/platform/devices/S32K144/startup/system_S32K144.o
                0x1fffcf2c                SystemInit
 .text.sprintf  0x1fffcf68       0x48 C:/NXP/S32DS_ARM_v2018.R1/Cross_Tools/gcc-6.3-arm32-eabi/arm-none-eabi/newlib/lib/thumb/v7e-m/fpv4-sp/hard\libc_nano.a(lib_a-sprintf.o)
                0x1fffcf68                siprintf
                0x1fffcf68                sprintf
 .text.__ssputs_r
                0x1fffcfb0       0xb6 C:/NXP/S32DS_ARM_v2018.R1/Cross_Tools/gcc-6.3-arm32-eabi/arm-none-eabi/newlib/lib/thumb/v7e-m/fpv4-sp/hard\libc_nano.a(lib_a-nano-svfprintf.o)
                0x1fffcfb0                __ssputs_r
 *fill*         0x1fffd066        0x2 
 .text._svfprintf_r
                0x1fffd068      0x1e8 C:/NXP/S32DS_ARM_v2018.R1/Cross_Tools/gcc-6.3-arm32-eabi/arm-none-eabi/newlib/lib/thumb/v7e-m/fpv4-sp/hard\libc_nano.a(lib_a-nano-svfprintf.o)
                0x1fffd068                _svfiprintf_r
                0x1fffd068                _svfprintf_r
 .text._printf_common
                0x1fffd250       0xec C:/NXP/S32DS_ARM_v2018.R1/Cross_Tools/gcc-6.3-arm32-eabi/arm-none-eabi/newlib/lib/thumb/v7e-m/fpv4-sp/hard\libc_nano.a(lib_a-nano-vfprintf_i.o)
                0x1fffd250                _printf_common
 .text._printf_i
                0x1fffd33c      0x240 C:/NXP/S32DS_ARM_v2018.R1/Cross_Tools/gcc-6.3-arm32-eabi/arm-none-eabi/newlib/lib/thumb/v7e-m/fpv4-sp/hard\libc_nano.a(lib_a-nano-vfprintf_i.o)
                0x1fffd33c                _printf_i
 .text.memcpy   0x1fffd57c       0x16 C:/NXP/S32DS_ARM_v2018.R1/Cross_Tools/gcc-6.3-arm32-eabi/arm-none-eabi/newlib/lib/thumb/v7e-m/fpv4-sp/hard\libc_nano.a(lib_a-memcpy-stub.o)
                0x1fffd57c                memcpy
 .text.memmove  0x1fffd592       0x34 C:/NXP/S32DS_ARM_v2018.R1/Cross_Tools/gcc-6.3-arm32-eabi/arm-none-eabi/newlib/lib/thumb/v7e-m/fpv4-sp/hard\libc_nano.a(lib_a-memmove.o)
                0x1fffd592                memmove
 *fill*         0x1fffd5c6        0x2 
 .text._free_r  0x1fffd5c8       0x9c C:/NXP/S32DS_ARM_v2018.R1/Cross_Tools/gcc-6.3-arm32-eabi/arm-none-eabi/newlib/lib/thumb/v7e-m/fpv4-sp/hard\libc_nano.a(lib_a-nano-freer.o)
                0x1fffd5c8                _free_r
 .text._malloc_r
                0x1fffd664       0xbc C:/NXP/S32DS_ARM_v2018.R1/Cross_Tools/gcc-6.3-arm32-eabi/arm-none-eabi/newlib/lib/thumb/v7e-m/fpv4-sp/hard\libc_nano.a(lib_a-nano-mallocr.o)
                0x1fffd664                _malloc_r
 .text._realloc_r
                0x1fffd720       0x4c C:/NXP/S32DS_ARM_v2018.R1/Cross_Tools/gcc-6.3-arm32-eabi/arm-none-eabi/newlib/lib/thumb/v7e-m/fpv4-sp/hard\libc_nano.a(lib_a-nano-reallocr.o)
                0x1fffd720                _realloc_r
 .text._sbrk_r  0x1fffd76c       0x20 C:/NXP/S32DS_ARM_v2018.R1/Cross_Tools/gcc-6.3-arm32-eabi/arm-none-eabi/newlib/lib/thumb/v7e-m/fpv4-sp/hard\libc_nano.a(lib_a-sbrkr.o)
                0x1fffd76c                _sbrk_r
 .text.__malloc_lock
                0x1fffd78c        0x2 C:/NXP/S32DS_ARM_v2018.R1/Cross_Tools/gcc-6.3-arm32-eabi/arm-none-eabi/newlib/lib/thumb/v7e-m/fpv4-sp/hard\libc_nano.a(lib_a-mlock.o)
                0x1fffd78c                __malloc_lock
 .text.__malloc_unlock
                0x1fffd78e        0x2 C:/NXP/S32DS_ARM_v2018.R1/Cross_Tools/gcc-6.3-arm32-eabi/arm-none-eabi/newlib/lib/thumb/v7e-m/fpv4-sp/hard\libc_nano.a(lib_a-mlock.o)
                0x1fffd78e                __malloc_unlock
 .text._malloc_usable_size_r
                0x1fffd790       0x12 C:/NXP/S32DS_ARM_v2018.R1/Cross_Tools/gcc-6.3-arm32-eabi/arm-none-eabi/newlib/lib/thumb/v7e-m/fpv4-sp/hard\libc_nano.a(lib_a-nano-msizer.o)
                0x1fffd790                _malloc_usable_size_r
 *fill*         0x1fffd7a2        0x2 
 .text._sbrk    0x1fffd7a4       0x48 C:/NXP/S32DS_ARM_v2018.R1/Cross_Tools/gcc-6.3-arm32-eabi/arm-none-eabi/newlib/lib/thumb/v7e-m/fpv4-sp/hard\librdimon_nano.a(rdimon-syscalls.o)
                0x1fffd7a4                _sbrk
 .text.__errno  0x1fffd7ec        0xc C:/NXP/S32DS_ARM_v2018.R1/Cross_Tools/gcc-6.3-arm32-eabi/arm-none-eabi/newlib/lib/thumb/v7e-m/fpv4-sp/hard\libc_nano.a(lib_a-errno.o)
                0x1fffd7ec                __errno
 *(.rodata)
 *(.rodata*)
 .rodata.main.str1.4
                0x1fffd7f8      0x120 ./Sources/main.o
                                0x11d (size before relaxing)
 .rodata.s_lpuartBase
                0x1fffd918        0xc ./SDK/platform/drivers/src/lpuart/lpuart_driver.o
 .rodata.s_lpuartClkNames
                0x1fffd924        0x3 ./SDK/platform/drivers/src/lpuart/lpuart_driver.o
 *fill*         0x1fffd927        0x1 
 .rodata.s_lpuartRxTxIrqId
                0x1fffd928        0x3 ./SDK/platform/drivers/src/lpuart/lpuart_driver.o
 *fill*         0x1fffd92b        0x1 
 .rodata.g_ftmBase
                0x1fffd92c       0x10 ./SDK/platform/drivers/src/ftm/ftm_common.o
                0x1fffd92c                g_ftmBase
 .rodata.g_ftmExtClockSel
                0x1fffd93c        0x8 ./SDK/platform/drivers/src/ftm/ftm_common.o
 .rodata.g_ftmIrqId
                0x1fffd944       0x20 ./SDK/platform/drivers/src/ftm/ftm_common.o
                0x1fffd944                g_ftmIrqId
 .rodata.g_ftmOverflowIrqId
                0x1fffd964        0x4 ./SDK/platform/drivers/src/ftm/ftm_common.o
                0x1fffd964                g_ftmOverflowIrqId
 .rodata.clockNameMappings
                0x1fffd968       0x9e ./SDK/platform/drivers/src/clock/S32K1xx/clock_S32K1xx.o
                0x1fffd968                clockNameMappings
 *fill*         0x1fffda06        0x2 
 .rodata.maxSysClksInHSRUN.7602
                0x1fffda08       0x54 ./SDK/platform/drivers/src/clock/S32K1xx/clock_S32K1xx.o
 .rodata.maxSysClksInRUN.7601
                0x1fffda5c       0x54 ./SDK/platform/drivers/src/clock/S32K1xx/clock_S32K1xx.o
 .rodata.maxSysClksInVLPR.7600
                0x1fffdab0       0x54 ./SDK/platform/drivers/src/clock/S32K1xx/clock_S32K1xx.o
 .rodata.peripheralFeaturesList
                0x1fffdb04       0x4f ./SDK/platform/drivers/src/clock/S32K1xx/clock_S32K1xx.o
                0x1fffdb04                peripheralFeaturesList
 *fill*         0x1fffdb53        0x1 
 .rodata.lpuart1_InitConfig0
                0x1fffdb54        0xc ./Generated_Code/lpuart1.o
                0x1fffdb54                lpuart1_InitConfig0
 .rodata.lpit1_InitConfig
                0x1fffdb60        0x2 ./Generated_Code/lpit1.o
                0x1fffdb60                lpit1_InitConfig
 .rodata._svfprintf_r.str1.1
                0x1fffdb62       0x11 C:/NXP/S32DS_ARM_v2018.R1/Cross_Tools/gcc-6.3-arm32-eabi/arm-none-eabi/newlib/lib/thumb/v7e-m/fpv4-sp/hard\libc_nano.a(lib_a-nano-svfprintf.o)
 .rodata._printf_i.str1.1
                0x1fffdb73       0x22 C:/NXP/S32DS_ARM_v2018.R1/Cross_Tools/gcc-6.3-arm32-eabi/arm-none-eabi/newlib/lib/thumb/v7e-m/fpv4-sp/hard\libc_nano.a(lib_a-nano-vfprintf_i.o)
 *fill*         0x1fffdb95        0x3 
 .rodata.__sf_fake_stderr
                0x1fffdb98       0x20 C:/NXP/S32DS_ARM_v2018.R1/Cross_Tools/gcc-6.3-arm32-eabi/arm-none-eabi/newlib/lib/thumb/v7e-m/fpv4-sp/hard\libc_nano.a(lib_a-findfp.o)
                0x1fffdb98                __sf_fake_stderr
 .rodata.__sf_fake_stdin
                0x1fffdbb8       0x20 C:/NXP/S32DS_ARM_v2018.R1/Cross_Tools/gcc-6.3-arm32-eabi/arm-none-eabi/newlib/lib/thumb/v7e-m/fpv4-sp/hard\libc_nano.a(lib_a-findfp.o)
                0x1fffdbb8                __sf_fake_stdin
 .rodata.__sf_fake_stdout
                0x1fffdbd8       0x20 C:/NXP/S32DS_ARM_v2018.R1/Cross_Tools/gcc-6.3-arm32-eabi/arm-none-eabi/newlib/lib/thumb/v7e-m/fpv4-sp/hard\libc_nano.a(lib_a-findfp.o)
                0x1fffdbd8                __sf_fake_stdout
 *(.init)
 .init          0x1fffdbf8        0x4 c:/nxp/s32ds_arm_v2018.r1/cross_tools/gcc-6.3-arm32-eabi/bin/../lib/gcc/arm-none-eabi/6.3.1/thumb/v7e-m/fpv4-sp/hard/crti.o
                0x1fffdbf8                _init
 *(.fini)
 .fini          0x1fffdbfc        0x4 c:/nxp/s32ds_arm_v2018.r1/cross_tools/gcc-6.3-arm32-eabi/bin/../lib/gcc/arm-none-eabi/6.3.1/thumb/v7e-m/fpv4-sp/hard/crti.o
                0x1fffdbfc                _fini
 *(.eh_frame)
                0x1fffdc00                . = ALIGN (0x4)

.glue_7         0x1fffdc00        0x0
 .glue_7        0x1fffdc00        0x0 linker stubs

.glue_7t        0x1fffdc00        0x0
 .glue_7t       0x1fffdc00        0x0 linker stubs

.vfp11_veneer   0x1fffdc00        0x0
 .vfp11_veneer  0x1fffdc00        0x0 linker stubs

.v4_bx          0x1fffdc00        0x0
 .v4_bx         0x1fffdc00        0x0 linker stubs

.iplt           0x1fffdc00        0x0
 .iplt          0x1fffdc00        0x0 c:/nxp/s32ds_arm_v2018.r1/cross_tools/gcc-6.3-arm32-eabi/bin/../lib/gcc/arm-none-eabi/6.3.1/thumb/v7e-m/fpv4-sp/hard/crtbegin.o

.ARM            0x1fffdc00        0x8
                0x1fffdc00                __exidx_start = .
 *(.ARM.exidx*)
 .ARM.exidx     0x1fffdc00        0x8 c:/nxp/s32ds_arm_v2018.r1/cross_tools/gcc-6.3-arm32-eabi/bin/../lib/gcc/arm-none-eabi/6.3.1/thumb/v7e-m/fpv4-sp/hard\libgcc.a(_udivmoddi4.o)
                0x1fffdc08                __exidx_end = .

.rel.dyn        0x1fffdc08        0x0
 .rel.iplt      0x1fffdc08        0x0 c:/nxp/s32ds_arm_v2018.r1/cross_tools/gcc-6.3-arm32-eabi/bin/../lib/gcc/arm-none-eabi/6.3.1/thumb/v7e-m/fpv4-sp/hard/crtbegin.o

.code_ram       0x1fffdc08        0x0
                0x1fffdc08                . = ALIGN (0x4)
                0x1fffdc08                __CODE_RAM = .
                0x1fffdc08                __code_ram_start__ = .
 *(.code_ram)
                0x1fffdc08                __CODE_ROM = .
                0x1fffdc08                __CODE_END = .
                0x1fffdc08                __code_ram_end__ = .
                0x1fffdc08                . = ALIGN (0x4)
                0x1fffdc08                __etext = .
                0x1fffdc08                __DATA_ROM = .
                0x1fffdc08                __DATA_END = __DATA_ROM

.customSectionBlock
                0x20000000        0x0
                0x20000000                __customSection_start__ = .
 *(.customSection)
                0x20000000                __customSection_end__ = .
                0x20000000                __CUSTOM_ROM = .
                0x20000000                __CUSTOM_END = .

.data           0x20000000      0x2e4
                0x20000000                . = ALIGN (0x4)
                0x20000000                __DATA_RAM = .
                0x20000000                __data_start__ = .
 *(.data)
 *(.data*)
 .data.g_lpuartIsr
                0x20000000        0xc ./SDK/platform/drivers/src/lpuart/lpuart_irq.o
                0x20000000                g_lpuartIsr
 .data.peripheralClockConfig.7364
                0x2000000c       0xa0 ./SDK/platform/drivers/src/clock/S32K1xx/clock_S32K1xx.o
 .data.g_pin_mux_InitConfigArr
                0x200000ac       0x90 ./Generated_Code/pin_mux.o
                0x200000ac                g_pin_mux_InitConfigArr
 .data.lpit1_ChnConfig0
                0x2000013c       0x18 ./Generated_Code/lpit1.o
                0x2000013c                lpit1_ChnConfig0
 .data.flexTimer_pwm1_IndependentChannelsConfig
                0x20000154        0xa ./Generated_Code/flexTimer_pwm1.o
                0x20000154                flexTimer_pwm1_IndependentChannelsConfig
 *fill*         0x2000015e        0x2 
 .data.flexTimer_pwm1_InitConfig
                0x20000160       0x12 ./Generated_Code/flexTimer_pwm1.o
                0x20000160                flexTimer_pwm1_InitConfig
 *fill*         0x20000172        0x2 
 .data.flexTimer_pwm1_PwmConfig
                0x20000174       0x18 ./Generated_Code/flexTimer_pwm1.o
                0x20000174                flexTimer_pwm1_PwmConfig
 .data.flexTimer_ic1_InitConfig
                0x2000018c       0x12 ./Generated_Code/flexTimer_ic1.o
                0x2000018c                flexTimer_ic1_InitConfig
 *fill*         0x2000019e        0x2 
 .data.flexTimer_ic1_InputCaptureChannelConfig
                0x200001a0       0x10 ./Generated_Code/flexTimer_ic1.o
                0x200001a0                flexTimer_ic1_InputCaptureChannelConfig
 .data.flexTimer_ic1_InputCaptureConfig
                0x200001b0        0x8 ./Generated_Code/flexTimer_ic1.o
                0x200001b0                flexTimer_ic1_InputCaptureConfig
 .data.clockMan1_InitConfig0
                0x200001b8       0x78 ./Generated_Code/clockMan1.o
                0x200001b8                clockMan1_InitConfig0
 .data.g_clockManConfigsArr
                0x20000230        0x4 ./Generated_Code/clockMan1.o
                0x20000230                g_clockManConfigsArr
 .data.peripheralClockConfig0
                0x20000234       0x46 ./Generated_Code/clockMan1.o
                0x20000234                peripheralClockConfig0
 *fill*         0x2000027a        0x2 
 .data._impure_ptr
                0x2000027c        0x4 C:/NXP/S32DS_ARM_v2018.R1/Cross_Tools/gcc-6.3-arm32-eabi/arm-none-eabi/newlib/lib/thumb/v7e-m/fpv4-sp/hard\libc_nano.a(lib_a-impure.o)
                0x2000027c                _impure_ptr
 .data.impure_data
                0x20000280       0x60 C:/NXP/S32DS_ARM_v2018.R1/Cross_Tools/gcc-6.3-arm32-eabi/arm-none-eabi/newlib/lib/thumb/v7e-m/fpv4-sp/hard\libc_nano.a(lib_a-impure.o)
 .data.__heap_limit
                0x200002e0        0x4 C:/NXP/S32DS_ARM_v2018.R1/Cross_Tools/gcc-6.3-arm32-eabi/arm-none-eabi/newlib/lib/thumb/v7e-m/fpv4-sp/hard\librdimon_nano.a(rdimon-syscalls.o)
                0x200002e4                . = ALIGN (0x4)
                0x200002e4                __data_end__ = .

.igot.plt       0x200002e4        0x0
 .igot.plt      0x200002e4        0x0 c:/nxp/s32ds_arm_v2018.r1/cross_tools/gcc-6.3-arm32-eabi/bin/../lib/gcc/arm-none-eabi/6.3.1/thumb/v7e-m/fpv4-sp/hard/crtbegin.o

.bss            0x200002e4       0xa8
                0x200002e4                . = ALIGN (0x4)
                0x200002e4                __BSS_START = .
                0x200002e4                __bss_start__ = .
 *(.bss)
 *(.bss*)
 .bss.s_osif_tick_cnt
                0x200002e4        0x4 ./SDK/rtos/osif/osif_baremetal.o
 .bss.s_lpuartStatePtr
                0x200002e8        0xc ./SDK/platform/drivers/src/lpuart/lpuart_driver.o
 .bss.s_lpitSourceClockFrequency
                0x200002f4        0x4 ./SDK/platform/drivers/src/lpit/lpit_driver.o
 .bss.g_interruptDisableCount
                0x200002f8        0x4 ./SDK/platform/drivers/src/interrupt/interrupt_manager.o
 .bss.ftmStatePtr
                0x200002fc       0x10 ./SDK/platform/drivers/src/ftm/ftm_common.o
                0x200002fc                ftmStatePtr
 .bss.s_virtEdmaState
                0x2000030c        0x4 ./SDK/platform/drivers/src/edma/edma_driver.o
 .bss.g_clockState
                0x20000310       0x10 ./SDK/platform/drivers/src/clock/S32K1xx/clock_S32K1xx.o
 .bss.flexTimer_pwm1_FaultConfig
                0x20000320       0x10 ./Generated_Code/flexTimer_pwm1.o
                0x20000320                flexTimer_pwm1_FaultConfig
 .bss.g_clockManCallbacksArr
                0x20000330        0x4 ./Generated_Code/clockMan1.o
                0x20000330                g_clockManCallbacksArr
 .bss.__malloc_free_list
                0x20000334        0x4 C:/NXP/S32DS_ARM_v2018.R1/Cross_Tools/gcc-6.3-arm32-eabi/arm-none-eabi/newlib/lib/thumb/v7e-m/fpv4-sp/hard\libc_nano.a(lib_a-nano-mallocr.o)
                0x20000334                __malloc_free_list
 .bss.__malloc_sbrk_start
                0x20000338        0x4 C:/NXP/S32DS_ARM_v2018.R1/Cross_Tools/gcc-6.3-arm32-eabi/arm-none-eabi/newlib/lib/thumb/v7e-m/fpv4-sp/hard\libc_nano.a(lib_a-nano-mallocr.o)
                0x20000338                __malloc_sbrk_start
 .bss.heap_end.7410
                0x2000033c        0x4 C:/NXP/S32DS_ARM_v2018.R1/Cross_Tools/gcc-6.3-arm32-eabi/arm-none-eabi/newlib/lib/thumb/v7e-m/fpv4-sp/hard\librdimon_nano.a(rdimon-syscalls.o)
 *(COMMON)
 COMMON         0x20000340       0x14 ./SDK/platform/drivers/src/clock/S32K1xx/clock_S32K1xx.o
                0x20000340                g_xtal0ClkFreq
                0x20000344                g_RtcClkInFreq
                0x20000348                g_TClkFreq
 COMMON         0x20000354       0x34 ./Generated_Code/lpuart1.o
                0x20000354                lpuart1_State
 COMMON         0x20000388        0x4 C:/NXP/S32DS_ARM_v2018.R1/Cross_Tools/gcc-6.3-arm32-eabi/arm-none-eabi/newlib/lib/thumb/v7e-m/fpv4-sp/hard\libc_nano.a(lib_a-reent.o)
                0x20000388                errno
                0x2000038c                . = ALIGN (0x4)
                0x2000038c                __bss_end__ = .
                0x2000038c                __BSS_END = .

.heap           0x2000038c      0x404
                0x20000390                . = ALIGN (0x8)
 *fill*         0x2000038c        0x4 
                0x20000390                __end__ = .
                0x20000390                __heap_start__ = .
                0x20000390                PROVIDE (end, .)
                [!provide]                PROVIDE (_end, .)
                [!provide]                PROVIDE (__end, .)
                0x20000390                __HeapBase = .
                0x20000790                . = (. + HEAP_SIZE)
 *fill*         0x20000390      0x400 
                0x20000790                __HeapLimit = .
                0x20000790                __heap_limit = .
                0x20000790                __heap_end__ = .
                0x20007000                __StackTop = (ORIGIN (m_data) + LENGTH (m_data))
                0x20006c00                __StackLimit = (__StackTop - STACK_SIZE)
                0x20007000                PROVIDE (__stack, __StackTop)

.stack          0x20006c00      0x400
                0x20006c00                . = ALIGN (0x8)
                0x20006c00                __stack_start__ = .
                0x20007000                . = (. + STACK_SIZE)
 *fill*         0x20006c00      0x400 
                0x20007000                __stack_end__ = .

.ARM.attributes
                0x00000000       0x30
 *(.ARM.attributes)
 .ARM.attributes
                0x00000000       0x22 c:/nxp/s32ds_arm_v2018.r1/cross_tools/gcc-6.3-arm32-eabi/bin/../lib/gcc/arm-none-eabi/6.3.1/thumb/v7e-m/fpv4-sp/hard/crti.o
 .ARM.attributes
                0x00000022       0x39 ./Sources/main.o
 .ARM.attributes
                0x0000005b       0x39 ./SDK/rtos/osif/osif_baremetal.o
 .ARM.attributes
                0x00000094       0x39 ./SDK/platform/drivers/src/pins/pins_port_hw_access.o
 .ARM.attributes
                0x000000cd       0x39 ./SDK/platform/drivers/src/pins/pins_driver.o
 .ARM.attributes
                0x00000106       0x39 ./SDK/platform/drivers/src/lpuart/lpuart_irq.o
 .ARM.attributes
                0x0000013f       0x39 ./SDK/platform/drivers/src/lpuart/lpuart_hw_access.o
 .ARM.attributes
                0x00000178       0x39 ./SDK/platform/drivers/src/lpuart/lpuart_driver.o
 .ARM.attributes
                0x000001b1       0x39 ./SDK/platform/drivers/src/lpit/lpit_driver.o
 .ARM.attributes
                0x000001ea       0x39 ./SDK/platform/drivers/src/interrupt/interrupt_manager.o
 .ARM.attributes
                0x00000223       0x39 ./SDK/platform/drivers/src/ftm/ftm_pwm_driver.o
 .ARM.attributes
                0x0000025c       0x39 ./SDK/platform/drivers/src/ftm/ftm_ic_driver.o
 .ARM.attributes
                0x00000295       0x39 ./SDK/platform/drivers/src/ftm/ftm_hw_access.o
 .ARM.attributes
                0x000002ce       0x39 ./SDK/platform/drivers/src/ftm/ftm_common.o
 .ARM.attributes
                0x00000307       0x39 ./SDK/platform/drivers/src/edma/edma_irq.o
 .ARM.attributes
                0x00000340       0x39 ./SDK/platform/drivers/src/edma/edma_hw_access.o
 .ARM.attributes
                0x00000379       0x39 ./SDK/platform/drivers/src/edma/edma_driver.o
 .ARM.attributes
                0x000003b2       0x39 ./SDK/platform/drivers/src/clock/S32K1xx/clock_S32K1xx.o
 .ARM.attributes
                0x000003eb       0x39 ./SDK/platform/devices/startup.o
 .ARM.attributes
                0x00000424       0x39 ./SDK/platform/devices/S32K144/startup/system_S32K144.o
 .ARM.attributes
                0x0000045d       0x1f ./Project_Settings/Startup_Code/startup_S32K144.o
 .ARM.attributes
                0x0000047c       0x39 ./Generated_Code/pin_mux.o
 .ARM.attributes
                0x000004b5       0x39 ./Generated_Code/lpuart1.o
 .ARM.attributes
                0x000004ee       0x39 ./Generated_Code/lpit1.o
 .ARM.attributes
                0x00000527       0x39 ./Generated_Code/flexTimer_pwm1.o
 .ARM.attributes
                0x00000560       0x39 ./Generated_Code/flexTimer_ic1.o
 .ARM.attributes
                0x00000599       0x39 ./Generated_Code/clockMan1.o
 .ARM.attributes
                0x000005d2       0x34 C:/NXP/S32DS_ARM_v2018.R1/Cross_Tools/gcc-6.3-arm32-eabi/arm-none-eabi/newlib/lib/thumb/v7e-m/fpv4-sp/hard\libc_nano.a(lib_a-impure.o)
 .ARM.attributes
                0x00000606       0x34 C:/NXP/S32DS_ARM_v2018.R1/Cross_Tools/gcc-6.3-arm32-eabi/arm-none-eabi/newlib/lib/thumb/v7e-m/fpv4-sp/hard\libc_nano.a(lib_a-sprintf.o)
 .ARM.attributes
                0x0000063a       0x1b C:/NXP/S32DS_ARM_v2018.R1/Cross_Tools/gcc-6.3-arm32-eabi/arm-none-eabi/newlib/lib/thumb/v7e-m/fpv4-sp/hard\libc_nano.a(lib_a-strlen.o)
 .ARM.attributes
                0x00000655       0x34 C:/NXP/S32DS_ARM_v2018.R1/Cross_Tools/gcc-6.3-arm32-eabi/arm-none-eabi/newlib/lib/thumb/v7e-m/fpv4-sp/hard\libc_nano.a(lib_a-nano-svfprintf.o)
 .ARM.attributes
                0x00000689       0x34 C:/NXP/S32DS_ARM_v2018.R1/Cross_Tools/gcc-6.3-arm32-eabi/arm-none-eabi/newlib/lib/thumb/v7e-m/fpv4-sp/hard\libc_nano.a(lib_a-nano-vfprintf_i.o)
 .ARM.attributes
                0x000006bd       0x20 C:/NXP/S32DS_ARM_v2018.R1/Cross_Tools/gcc-6.3-arm32-eabi/arm-none-eabi/newlib/lib/thumb/v7e-m/fpv4-sp/hard\libc_nano.a(lib_a-memchr.o)
 .ARM.attributes
                0x000006dd       0x34 C:/NXP/S32DS_ARM_v2018.R1/Cross_Tools/gcc-6.3-arm32-eabi/arm-none-eabi/newlib/lib/thumb/v7e-m/fpv4-sp/hard\libc_nano.a(lib_a-memcpy-stub.o)
 .ARM.attributes
                0x00000711       0x34 C:/NXP/S32DS_ARM_v2018.R1/Cross_Tools/gcc-6.3-arm32-eabi/arm-none-eabi/newlib/lib/thumb/v7e-m/fpv4-sp/hard\libc_nano.a(lib_a-memmove.o)
 .ARM.attributes
                0x00000745       0x34 C:/NXP/S32DS_ARM_v2018.R1/Cross_Tools/gcc-6.3-arm32-eabi/arm-none-eabi/newlib/lib/thumb/v7e-m/fpv4-sp/hard\libc_nano.a(lib_a-nano-freer.o)
 .ARM.attributes
                0x00000779       0x34 C:/NXP/S32DS_ARM_v2018.R1/Cross_Tools/gcc-6.3-arm32-eabi/arm-none-eabi/newlib/lib/thumb/v7e-m/fpv4-sp/hard\libc_nano.a(lib_a-nano-mallocr.o)
 .ARM.attributes
                0x000007ad       0x34 C:/NXP/S32DS_ARM_v2018.R1/Cross_Tools/gcc-6.3-arm32-eabi/arm-none-eabi/newlib/lib/thumb/v7e-m/fpv4-sp/hard\libc_nano.a(lib_a-nano-reallocr.o)
 .ARM.attributes
                0x000007e1       0x34 C:/NXP/S32DS_ARM_v2018.R1/Cross_Tools/gcc-6.3-arm32-eabi/arm-none-eabi/newlib/lib/thumb/v7e-m/fpv4-sp/hard\libc_nano.a(lib_a-sbrkr.o)
 .ARM.attributes
                0x00000815       0x34 C:/NXP/S32DS_ARM_v2018.R1/Cross_Tools/gcc-6.3-arm32-eabi/arm-none-eabi/newlib/lib/thumb/v7e-m/fpv4-sp/hard\libc_nano.a(lib_a-mlock.o)
 .ARM.attributes
                0x00000849       0x34 C:/NXP/S32DS_ARM_v2018.R1/Cross_Tools/gcc-6.3-arm32-eabi/arm-none-eabi/newlib/lib/thumb/v7e-m/fpv4-sp/hard\libc_nano.a(lib_a-nano-msizer.o)
 .ARM.attributes
                0x0000087d       0x34 C:/NXP/S32DS_ARM_v2018.R1/Cross_Tools/gcc-6.3-arm32-eabi/arm-none-eabi/newlib/lib/thumb/v7e-m/fpv4-sp/hard\libc_nano.a(lib_a-reent.o)
 .ARM.attributes
                0x000008b1       0x22 c:/nxp/s32ds_arm_v2018.r1/cross_tools/gcc-6.3-arm32-eabi/bin/../lib/gcc/arm-none-eabi/6.3.1/thumb/v7e-m/fpv4-sp/hard\libgcc.a(_aeabi_uldivmod.o)
 .ARM.attributes
                0x000008d3       0x34 c:/nxp/s32ds_arm_v2018.r1/cross_tools/gcc-6.3-arm32-eabi/bin/../lib/gcc/arm-none-eabi/6.3.1/thumb/v7e-m/fpv4-sp/hard\libgcc.a(_udivmoddi4.o)
 .ARM.attributes
                0x00000907       0x22 c:/nxp/s32ds_arm_v2018.r1/cross_tools/gcc-6.3-arm32-eabi/bin/../lib/gcc/arm-none-eabi/6.3.1/thumb/v7e-m/fpv4-sp/hard\libgcc.a(_dvmd_tls.o)
 .ARM.attributes
                0x00000929       0x34 C:/NXP/S32DS_ARM_v2018.R1/Cross_Tools/gcc-6.3-arm32-eabi/arm-none-eabi/newlib/lib/thumb/v7e-m/fpv4-sp/hard\librdimon_nano.a(rdimon-syscalls.o)
 .ARM.attributes
                0x0000095d       0x34 C:/NXP/S32DS_ARM_v2018.R1/Cross_Tools/gcc-6.3-arm32-eabi/arm-none-eabi/newlib/lib/thumb/v7e-m/fpv4-sp/hard\libc_nano.a(lib_a-errno.o)
 .ARM.attributes
                0x00000991       0x34 C:/NXP/S32DS_ARM_v2018.R1/Cross_Tools/gcc-6.3-arm32-eabi/arm-none-eabi/newlib/lib/thumb/v7e-m/fpv4-sp/hard\libc_nano.a(lib_a-findfp.o)
                0x00000001                ASSERT ((__StackLimit >= __HeapLimit), region m_data overflowed with stack and heap)

/DISCARD/
 *(.FlashConfig)
OUTPUT(TEST.elf elf32-littlearm)

.debug_info     0x00000000    0x2fb46
 .debug_info    0x00000000     0x36eb ./Sources/main.o
 .debug_info    0x000036eb      0xba7 ./SDK/rtos/osif/osif_baremetal.o
 .debug_info    0x00004292      0x9a5 ./SDK/platform/drivers/src/pins/pins_port_hw_access.o
 .debug_info    0x00004c37     0x14ba ./SDK/platform/drivers/src/pins/pins_driver.o
 .debug_info    0x000060f1      0x127 ./SDK/platform/drivers/src/lpuart/lpuart_irq.o
 .debug_info    0x00006218      0x9bb ./SDK/platform/drivers/src/lpuart/lpuart_hw_access.o
 .debug_info    0x00006bd3     0x3750 ./SDK/platform/drivers/src/lpuart/lpuart_driver.o
 .debug_info    0x0000a323     0x217b ./SDK/platform/drivers/src/lpit/lpit_driver.o
 .debug_info    0x0000c49e      0xb9d ./SDK/platform/drivers/src/interrupt/interrupt_manager.o
 .debug_info    0x0000d03b     0x3242 ./SDK/platform/drivers/src/ftm/ftm_pwm_driver.o
 .debug_info    0x0001027d     0x2635 ./SDK/platform/drivers/src/ftm/ftm_ic_driver.o
 .debug_info    0x000128b2      0x9c4 ./SDK/platform/drivers/src/ftm/ftm_hw_access.o
 .debug_info    0x00013276     0x305d ./SDK/platform/drivers/src/ftm/ftm_common.o
 .debug_info    0x000162d3      0x6db ./SDK/platform/drivers/src/edma/edma_irq.o
 .debug_info    0x000169ae      0xa55 ./SDK/platform/drivers/src/edma/edma_hw_access.o
 .debug_info    0x00017403     0x479e ./SDK/platform/drivers/src/edma/edma_driver.o
 .debug_info    0x0001bba1     0x606d ./SDK/platform/drivers/src/clock/S32K1xx/clock_S32K1xx.o
 .debug_info    0x00021c0e      0x2ad ./SDK/platform/devices/startup.o
 .debug_info    0x00021ebb      0x521 ./SDK/platform/devices/S32K144/startup/system_S32K144.o
 .debug_info    0x000223dc       0x26 ./Project_Settings/Startup_Code/startup_S32K144.o
 .debug_info    0x00022402      0x40a ./Generated_Code/pin_mux.o
 .debug_info    0x0002280c     0x29fc ./Generated_Code/lpuart1.o
 .debug_info    0x00025208     0x29fc ./Generated_Code/lpit1.o
 .debug_info    0x00027c04     0x2a16 ./Generated_Code/flexTimer_pwm1.o
 .debug_info    0x0002a61a     0x2a08 ./Generated_Code/flexTimer_ic1.o
 .debug_info    0x0002d022     0x2b24 ./Generated_Code/clockMan1.o

.debug_abbrev   0x00000000     0x37da
 .debug_abbrev  0x00000000      0x277 ./Sources/main.o
 .debug_abbrev  0x00000277      0x2df ./SDK/rtos/osif/osif_baremetal.o
 .debug_abbrev  0x00000556      0x232 ./SDK/platform/drivers/src/pins/pins_port_hw_access.o
 .debug_abbrev  0x00000788      0x2f6 ./SDK/platform/drivers/src/pins/pins_driver.o
 .debug_abbrev  0x00000a7e       0xba ./SDK/platform/drivers/src/lpuart/lpuart_irq.o
 .debug_abbrev  0x00000b38      0x1ed ./SDK/platform/drivers/src/lpuart/lpuart_hw_access.o
 .debug_abbrev  0x00000d25      0x3ab ./SDK/platform/drivers/src/lpuart/lpuart_driver.o
 .debug_abbrev  0x000010d0      0x38e ./SDK/platform/drivers/src/lpit/lpit_driver.o
 .debug_abbrev  0x0000145e      0x24e ./SDK/platform/drivers/src/interrupt/interrupt_manager.o
 .debug_abbrev  0x000016ac      0x30e ./SDK/platform/drivers/src/ftm/ftm_pwm_driver.o
 .debug_abbrev  0x000019ba      0x368 ./SDK/platform/drivers/src/ftm/ftm_ic_driver.o
 .debug_abbrev  0x00001d22      0x1ca ./SDK/platform/drivers/src/ftm/ftm_hw_access.o
 .debug_abbrev  0x00001eec      0x375 ./SDK/platform/drivers/src/ftm/ftm_common.o
 .debug_abbrev  0x00002261      0x1b9 ./SDK/platform/drivers/src/edma/edma_irq.o
 .debug_abbrev  0x0000241a      0x240 ./SDK/platform/drivers/src/edma/edma_hw_access.o
 .debug_abbrev  0x0000265a      0x412 ./SDK/platform/drivers/src/edma/edma_driver.o
 .debug_abbrev  0x00002a6c      0x409 ./SDK/platform/drivers/src/clock/S32K1xx/clock_S32K1xx.o
 .debug_abbrev  0x00002e75       0xe1 ./SDK/platform/devices/startup.o
 .debug_abbrev  0x00002f56      0x141 ./SDK/platform/devices/S32K144/startup/system_S32K144.o
 .debug_abbrev  0x00003097       0x14 ./Project_Settings/Startup_Code/startup_S32K144.o
 .debug_abbrev  0x000030ab       0xcd ./Generated_Code/pin_mux.o
 .debug_abbrev  0x00003178      0x142 ./Generated_Code/lpuart1.o
 .debug_abbrev  0x000032ba      0x142 ./Generated_Code/lpit1.o
 .debug_abbrev  0x000033fc      0x142 ./Generated_Code/flexTimer_pwm1.o
 .debug_abbrev  0x0000353e      0x14d ./Generated_Code/flexTimer_ic1.o
 .debug_abbrev  0x0000368b      0x14f ./Generated_Code/clockMan1.o

.debug_loc      0x00000000    0x1499c
 .debug_loc     0x00000000       0xa4 ./Sources/main.o
 .debug_loc     0x000000a4      0x353 ./SDK/rtos/osif/osif_baremetal.o
 .debug_loc     0x000003f7      0x639 ./SDK/platform/drivers/src/pins/pins_port_hw_access.o
 .debug_loc     0x00000a30      0x7c7 ./SDK/platform/drivers/src/pins/pins_driver.o
 .debug_loc     0x000011f7      0x75e ./SDK/platform/drivers/src/lpuart/lpuart_hw_access.o
 .debug_loc     0x00001955     0x2704 ./SDK/platform/drivers/src/lpuart/lpuart_driver.o
 .debug_loc     0x00004059     0x1342 ./SDK/platform/drivers/src/lpit/lpit_driver.o
 .debug_loc     0x0000539b      0x63c ./SDK/platform/drivers/src/interrupt/interrupt_manager.o
 .debug_loc     0x000059d7     0x29dc ./SDK/platform/drivers/src/ftm/ftm_pwm_driver.o
 .debug_loc     0x000083b3     0x1b25 ./SDK/platform/drivers/src/ftm/ftm_ic_driver.o
 .debug_loc     0x00009ed8      0x24f ./SDK/platform/drivers/src/ftm/ftm_hw_access.o
 .debug_loc     0x0000a127     0x1e0f ./SDK/platform/drivers/src/ftm/ftm_common.o
 .debug_loc     0x0000bf36       0x50 ./SDK/platform/drivers/src/edma/edma_irq.o
 .debug_loc     0x0000bf86      0x7b9 ./SDK/platform/drivers/src/edma/edma_hw_access.o
 .debug_loc     0x0000c73f     0x3263 ./SDK/platform/drivers/src/edma/edma_driver.o
 .debug_loc     0x0000f9a2     0x4e23 ./SDK/platform/drivers/src/clock/S32K1xx/clock_S32K1xx.o
 .debug_loc     0x000147c5       0xec ./SDK/platform/devices/startup.o
 .debug_loc     0x000148b1       0xeb ./SDK/platform/devices/S32K144/startup/system_S32K144.o

.debug_aranges  0x00000000      0xb48
 .debug_aranges
                0x00000000       0x38 ./Sources/main.o
 .debug_aranges
                0x00000038       0x70 ./SDK/rtos/osif/osif_baremetal.o
 .debug_aranges
                0x000000a8       0x40 ./SDK/platform/drivers/src/pins/pins_port_hw_access.o
 .debug_aranges
                0x000000e8       0xe0 ./SDK/platform/drivers/src/pins/pins_driver.o
 .debug_aranges
                0x000001c8       0x30 ./SDK/platform/drivers/src/lpuart/lpuart_irq.o
 .debug_aranges
                0x000001f8       0x78 ./SDK/platform/drivers/src/lpuart/lpuart_hw_access.o
 .debug_aranges
                0x00000270      0x118 ./SDK/platform/drivers/src/lpuart/lpuart_driver.o
 .debug_aranges
                0x00000388       0xb0 ./SDK/platform/drivers/src/lpit/lpit_driver.o
 .debug_aranges
                0x00000438       0x70 ./SDK/platform/drivers/src/interrupt/interrupt_manager.o
 .debug_aranges
                0x000004a8       0x50 ./SDK/platform/drivers/src/ftm/ftm_pwm_driver.o
 .debug_aranges
                0x000004f8       0xc8 ./SDK/platform/drivers/src/ftm/ftm_ic_driver.o
 .debug_aranges
                0x000005c0       0x38 ./SDK/platform/drivers/src/ftm/ftm_hw_access.o
 .debug_aranges
                0x000005f8       0xc8 ./SDK/platform/drivers/src/ftm/ftm_common.o
 .debug_aranges
                0x000006c0       0xa0 ./SDK/platform/drivers/src/edma/edma_irq.o
 .debug_aranges
                0x00000760       0x88 ./SDK/platform/drivers/src/edma/edma_hw_access.o
 .debug_aranges
                0x000007e8      0x140 ./SDK/platform/drivers/src/edma/edma_driver.o
 .debug_aranges
                0x00000928      0x120 ./SDK/platform/drivers/src/clock/S32K1xx/clock_S32K1xx.o
 .debug_aranges
                0x00000a48       0x20 ./SDK/platform/devices/startup.o
 .debug_aranges
                0x00000a68       0x30 ./SDK/platform/devices/S32K144/startup/system_S32K144.o
 .debug_aranges
                0x00000a98       0x20 ./Project_Settings/Startup_Code/startup_S32K144.o
 .debug_aranges
                0x00000ab8       0x18 ./Generated_Code/pin_mux.o
 .debug_aranges
                0x00000ad0       0x18 ./Generated_Code/lpuart1.o
 .debug_aranges
                0x00000ae8       0x18 ./Generated_Code/lpit1.o
 .debug_aranges
                0x00000b00       0x18 ./Generated_Code/flexTimer_pwm1.o
 .debug_aranges
                0x00000b18       0x18 ./Generated_Code/flexTimer_ic1.o
 .debug_aranges
                0x00000b30       0x18 ./Generated_Code/clockMan1.o

.debug_ranges   0x00000000     0x1720
 .debug_ranges  0x00000000       0x28 ./Sources/main.o
 .debug_ranges  0x00000028       0x98 ./SDK/rtos/osif/osif_baremetal.o
 .debug_ranges  0x000000c0       0x48 ./SDK/platform/drivers/src/pins/pins_port_hw_access.o
 .debug_ranges  0x00000108       0xd0 ./SDK/platform/drivers/src/pins/pins_driver.o
 .debug_ranges  0x000001d8       0x20 ./SDK/platform/drivers/src/lpuart/lpuart_irq.o
 .debug_ranges  0x000001f8       0x68 ./SDK/platform/drivers/src/lpuart/lpuart_hw_access.o
 .debug_ranges  0x00000260      0x180 ./SDK/platform/drivers/src/lpuart/lpuart_driver.o
 .debug_ranges  0x000003e0      0x108 ./SDK/platform/drivers/src/lpit/lpit_driver.o
 .debug_ranges  0x000004e8       0x98 ./SDK/platform/drivers/src/interrupt/interrupt_manager.o
 .debug_ranges  0x00000580      0x640 ./SDK/platform/drivers/src/ftm/ftm_pwm_driver.o
 .debug_ranges  0x00000bc0      0x2d0 ./SDK/platform/drivers/src/ftm/ftm_ic_driver.o
 .debug_ranges  0x00000e90       0x28 ./SDK/platform/drivers/src/ftm/ftm_hw_access.o
 .debug_ranges  0x00000eb8      0x230 ./SDK/platform/drivers/src/ftm/ftm_common.o
 .debug_ranges  0x000010e8       0x90 ./SDK/platform/drivers/src/edma/edma_irq.o
 .debug_ranges  0x00001178       0x90 ./SDK/platform/drivers/src/edma/edma_hw_access.o
 .debug_ranges  0x00001208      0x190 ./SDK/platform/drivers/src/edma/edma_driver.o
 .debug_ranges  0x00001398      0x358 ./SDK/platform/drivers/src/clock/S32K1xx/clock_S32K1xx.o
 .debug_ranges  0x000016f0       0x10 ./SDK/platform/devices/startup.o
 .debug_ranges  0x00001700       0x20 ./SDK/platform/devices/S32K144/startup/system_S32K144.o

.debug_macro    0x00000000    0x2202e
 .debug_macro   0x00000000      0x310 ./Sources/main.o
 .debug_macro   0x00000310      0x8d4 ./Sources/main.o
 .debug_macro   0x00000be4       0x10 ./Sources/main.o
 .debug_macro   0x00000bf4       0x79 ./Sources/main.o
 .debug_macro   0x00000c6d       0x19 ./Sources/main.o
 .debug_macro   0x00000c86       0x22 ./Sources/main.o
 .debug_macro   0x00000ca8       0x4f ./Sources/main.o
 .debug_macro   0x00000cf7       0x51 ./Sources/main.o
 .debug_macro   0x00000d48       0xef ./Sources/main.o
 .debug_macro   0x00000e37       0x6a ./Sources/main.o
 .debug_macro   0x00000ea1      0x1df ./Sources/main.o
 .debug_macro   0x00001080     0xed1d ./Sources/main.o
 .debug_macro   0x0000fd9d      0xb86 ./Sources/main.o
 .debug_macro   0x00010923       0x22 ./Sources/main.o
 .debug_macro   0x00010945       0x83 ./Sources/main.o
 .debug_macro   0x000109c8      0x16d ./Sources/main.o
 .debug_macro   0x00010b35       0x16 ./Sources/main.o
 .debug_macro   0x00010b4b       0x10 ./Sources/main.o
 .debug_macro   0x00010b5b       0x16 ./Sources/main.o
 .debug_macro   0x00010b71       0xbf ./Sources/main.o
 .debug_macro   0x00010c30       0x10 ./Sources/main.o
 .debug_macro   0x00010c40       0x28 ./Sources/main.o
 .debug_macro   0x00010c68       0x16 ./Sources/main.o
 .debug_macro   0x00010c7e       0x10 ./Sources/main.o
 .debug_macro   0x00010c8e       0x16 ./Sources/main.o
 .debug_macro   0x00010ca4       0x10 ./Sources/main.o
 .debug_macro   0x00010cb4       0x10 ./Sources/main.o
 .debug_macro   0x00010cc4       0x52 ./Sources/main.o
 .debug_macro   0x00010d16       0x3c ./Sources/main.o
 .debug_macro   0x00010d52       0x9c ./Sources/main.o
 .debug_macro   0x00010dee       0x16 ./Sources/main.o
 .debug_macro   0x00010e04       0x35 ./Sources/main.o
 .debug_macro   0x00010e39      0x330 ./Sources/main.o
 .debug_macro   0x00011169       0x10 ./Sources/main.o
 .debug_macro   0x00011179       0x52 ./Sources/main.o
 .debug_macro   0x000111cb       0x1f ./Sources/main.o
 .debug_macro   0x000111ea       0x43 ./Sources/main.o
 .debug_macro   0x0001122d       0x20 ./Sources/main.o
 .debug_macro   0x0001124d      0x1a3 ./Sources/main.o
 .debug_macro   0x000113f0       0x10 ./Sources/main.o
 .debug_macro   0x00011400       0xb6 ./Sources/main.o
 .debug_macro   0x000114b6       0x16 ./Sources/main.o
 .debug_macro   0x000114cc      0x130 ./Sources/main.o
 .debug_macro   0x000115fc       0x16 ./Sources/main.o
 .debug_macro   0x00011612       0xfb ./SDK/rtos/osif/osif_baremetal.o
 .debug_macro   0x0001170d     0xed32 ./SDK/rtos/osif/osif_baremetal.o
 .debug_macro   0x0002043f       0xde ./SDK/platform/drivers/src/pins/pins_port_hw_access.o
 .debug_macro   0x0002051d       0xde ./SDK/platform/drivers/src/pins/pins_driver.o
 .debug_macro   0x000205fb       0xc1 ./SDK/platform/drivers/src/lpuart/lpuart_irq.o
 .debug_macro   0x000206bc      0x109 ./SDK/platform/drivers/src/lpuart/lpuart_hw_access.o
 .debug_macro   0x000207c5       0x34 ./SDK/platform/drivers/src/lpuart/lpuart_hw_access.o
 .debug_macro   0x000207f9      0x131 ./SDK/platform/drivers/src/lpuart/lpuart_driver.o
 .debug_macro   0x0002092a       0x10 ./SDK/platform/drivers/src/lpuart/lpuart_driver.o
 .debug_macro   0x0002093a       0xf7 ./SDK/platform/drivers/src/lpit/lpit_driver.o
 .debug_macro   0x00020a31       0xb7 ./SDK/platform/drivers/src/interrupt/interrupt_manager.o
 .debug_macro   0x00020ae8      0x121 ./SDK/platform/drivers/src/ftm/ftm_pwm_driver.o
 .debug_macro   0x00020c09      0x11c ./SDK/platform/drivers/src/ftm/ftm_ic_driver.o
 .debug_macro   0x00020d25      0x107 ./SDK/platform/drivers/src/ftm/ftm_hw_access.o
 .debug_macro   0x00020e2c      0x10e ./SDK/platform/drivers/src/ftm/ftm_common.o
 .debug_macro   0x00020f3a       0xd0 ./SDK/platform/drivers/src/edma/edma_irq.o
 .debug_macro   0x0002100a       0xcc ./SDK/platform/drivers/src/edma/edma_hw_access.o
 .debug_macro   0x000210d6       0xf7 ./SDK/platform/drivers/src/edma/edma_driver.o
 .debug_macro   0x000211cd      0x2a3 ./SDK/platform/drivers/src/clock/S32K1xx/clock_S32K1xx.o
 .debug_macro   0x00021470       0xb6 ./SDK/platform/devices/startup.o
 .debug_macro   0x00021526       0x40 ./SDK/platform/devices/startup.o
 .debug_macro   0x00021566       0xb6 ./SDK/platform/devices/S32K144/startup/system_S32K144.o
 .debug_macro   0x0002161c       0xdd ./Generated_Code/pin_mux.o
 .debug_macro   0x000216f9      0x1d1 ./Generated_Code/lpuart1.o
 .debug_macro   0x000218ca      0x1d7 ./Generated_Code/lpit1.o
 .debug_macro   0x00021aa1       0x10 ./Generated_Code/lpit1.o
 .debug_macro   0x00021ab1      0x1d8 ./Generated_Code/flexTimer_pwm1.o
 .debug_macro   0x00021c89      0x1d8 ./Generated_Code/flexTimer_ic1.o
 .debug_macro   0x00021e61      0x1cd ./Generated_Code/clockMan1.o

.debug_line     0x00000000     0xc451
 .debug_line    0x00000000      0x79b ./Sources/main.o
 .debug_line    0x0000079b      0x634 ./SDK/rtos/osif/osif_baremetal.o
 .debug_line    0x00000dcf      0x598 ./SDK/platform/drivers/src/pins/pins_port_hw_access.o
 .debug_line    0x00001367      0x6d9 ./SDK/platform/drivers/src/pins/pins_driver.o
 .debug_line    0x00001a40      0x442 ./SDK/platform/drivers/src/lpuart/lpuart_irq.o
 .debug_line    0x00001e82      0x64c ./SDK/platform/drivers/src/lpuart/lpuart_hw_access.o
 .debug_line    0x000024ce      0xe89 ./SDK/platform/drivers/src/lpuart/lpuart_driver.o
 .debug_line    0x00003357      0x91c ./SDK/platform/drivers/src/lpit/lpit_driver.o
 .debug_line    0x00003c73      0x57e ./SDK/platform/drivers/src/interrupt/interrupt_manager.o
 .debug_line    0x000041f1      0xbf0 ./SDK/platform/drivers/src/ftm/ftm_pwm_driver.o
 .debug_line    0x00004de1      0xafe ./SDK/platform/drivers/src/ftm/ftm_ic_driver.o
 .debug_line    0x000058df      0x57a ./SDK/platform/drivers/src/ftm/ftm_hw_access.o
 .debug_line    0x00005e59      0xafc ./SDK/platform/drivers/src/ftm/ftm_common.o
 .debug_line    0x00006955      0x567 ./SDK/platform/drivers/src/edma/edma_irq.o
 .debug_line    0x00006ebc      0x600 ./SDK/platform/drivers/src/edma/edma_hw_access.o
 .debug_line    0x000074bc     0x1073 ./SDK/platform/drivers/src/edma/edma_driver.o
 .debug_line    0x0000852f     0x1495 ./SDK/platform/drivers/src/clock/S32K1xx/clock_S32K1xx.o
 .debug_line    0x000099c4      0x399 ./SDK/platform/devices/startup.o
 .debug_line    0x00009d5d      0x40c ./SDK/platform/devices/S32K144/startup/system_S32K144.o
 .debug_line    0x0000a169       0xbf ./Project_Settings/Startup_Code/startup_S32K144.o
 .debug_line    0x0000a228      0x3db ./Generated_Code/pin_mux.o
 .debug_line    0x0000a603      0x60d ./Generated_Code/lpuart1.o
 .debug_line    0x0000ac10      0x60b ./Generated_Code/lpit1.o
 .debug_line    0x0000b21b      0x614 ./Generated_Code/flexTimer_pwm1.o
 .debug_line    0x0000b82f      0x613 ./Generated_Code/flexTimer_ic1.o
 .debug_line    0x0000be42      0x60f ./Generated_Code/clockMan1.o

.debug_str      0x00000000    0x77df7
 .debug_str     0x00000000    0x70ba6 ./Sources/main.o
                              0x7113b (size before relaxing)
 .debug_str     0x00070ba6      0x281 ./SDK/rtos/osif/osif_baremetal.o
                              0x6995b (size before relaxing)
 .debug_str     0x00070e27      0x3a3 ./SDK/platform/drivers/src/pins/pins_port_hw_access.o
                              0x68ff1 (size before relaxing)
 .debug_str     0x000711ca      0x4d9 ./SDK/platform/drivers/src/pins/pins_driver.o
                              0x69b09 (size before relaxing)
 .debug_str     0x000716a3       0xcd ./SDK/platform/drivers/src/lpuart/lpuart_irq.o
                              0x68626 (size before relaxing)
 .debug_str     0x00071770      0x5fe ./SDK/platform/drivers/src/lpuart/lpuart_hw_access.o
                              0x698bb (size before relaxing)
 .debug_str     0x00071d6e      0x81e ./SDK/platform/drivers/src/lpuart/lpuart_driver.o
                              0x6aef0 (size before relaxing)
 .debug_str     0x0007258c      0x622 ./SDK/platform/drivers/src/lpit/lpit_driver.o
                              0x6a621 (size before relaxing)
 .debug_str     0x00072bae      0x212 ./SDK/platform/drivers/src/interrupt/interrupt_manager.o
                              0x68e2c (size before relaxing)
 .debug_str     0x00072dc0      0x790 ./SDK/platform/drivers/src/ftm/ftm_pwm_driver.o
                              0x6b109 (size before relaxing)
 .debug_str     0x00073550      0x4ae ./SDK/platform/drivers/src/ftm/ftm_ic_driver.o
                              0x6ace6 (size before relaxing)
 .debug_str     0x000739fe       0xb1 ./SDK/platform/drivers/src/ftm/ftm_hw_access.o
                              0x69ddc (size before relaxing)
 .debug_str     0x00073aaf      0x9bb ./SDK/platform/drivers/src/ftm/ftm_common.o
                              0x6b7e5 (size before relaxing)
 .debug_str     0x0007446a      0x2bb ./SDK/platform/drivers/src/edma/edma_irq.o
                              0x68c17 (size before relaxing)
 .debug_str     0x00074725      0x443 ./SDK/platform/drivers/src/edma/edma_hw_access.o
                              0x68f0c (size before relaxing)
 .debug_str     0x00074b68      0xb0e ./SDK/platform/drivers/src/edma/edma_driver.o
                              0x6b744 (size before relaxing)
 .debug_str     0x00075676     0x21eb ./SDK/platform/drivers/src/clock/S32K1xx/clock_S32K1xx.o
                              0x6c9d6 (size before relaxing)
 .debug_str     0x00077861      0x38c ./SDK/platform/devices/startup.o
                              0x689ad (size before relaxing)
 .debug_str     0x00077bed       0xd9 ./SDK/platform/devices/S32K144/startup/system_S32K144.o
                              0x6883b (size before relaxing)
 .debug_str     0x00077cc6       0x7c ./Project_Settings/Startup_Code/startup_S32K144.o
                                 0xba (size before relaxing)
 .debug_str     0x00077d42       0x1c ./Generated_Code/pin_mux.o
                              0x68cb5 (size before relaxing)
 .debug_str     0x00077d5e       0x1c ./Generated_Code/lpuart1.o
                              0x6d606 (size before relaxing)
 .debug_str     0x00077d7a       0x1a ./Generated_Code/lpit1.o
                              0x6d604 (size before relaxing)
 .debug_str     0x00077d94       0x23 ./Generated_Code/flexTimer_pwm1.o
                              0x6d60d (size before relaxing)
 .debug_str     0x00077db7       0x22 ./Generated_Code/flexTimer_ic1.o
                              0x6d60c (size before relaxing)
 .debug_str     0x00077dd9       0x1e ./Generated_Code/clockMan1.o
                              0x6daa0 (size before relaxing)

.comment        0x00000000       0xa0
 .comment       0x00000000       0xa0 ./Sources/main.o
                                 0xa1 (size before relaxing)
 .comment       0x000000a0       0xa1 ./SDK/rtos/osif/osif_baremetal.o
 .comment       0x000000a0       0xa1 ./SDK/platform/drivers/src/pins/pins_port_hw_access.o
 .comment       0x000000a0       0xa1 ./SDK/platform/drivers/src/pins/pins_driver.o
 .comment       0x000000a0       0xa1 ./SDK/platform/drivers/src/lpuart/lpuart_irq.o
 .comment       0x000000a0       0xa1 ./SDK/platform/drivers/src/lpuart/lpuart_hw_access.o
 .comment       0x000000a0       0xa1 ./SDK/platform/drivers/src/lpuart/lpuart_driver.o
 .comment       0x000000a0       0xa1 ./SDK/platform/drivers/src/lpit/lpit_driver.o
 .comment       0x000000a0       0xa1 ./SDK/platform/drivers/src/interrupt/interrupt_manager.o
 .comment       0x000000a0       0xa1 ./SDK/platform/drivers/src/ftm/ftm_pwm_driver.o
 .comment       0x000000a0       0xa1 ./SDK/platform/drivers/src/ftm/ftm_ic_driver.o
 .comment       0x000000a0       0xa1 ./SDK/platform/drivers/src/ftm/ftm_hw_access.o
 .comment       0x000000a0       0xa1 ./SDK/platform/drivers/src/ftm/ftm_common.o
 .comment       0x000000a0       0xa1 ./SDK/platform/drivers/src/edma/edma_irq.o
 .comment       0x000000a0       0xa1 ./SDK/platform/drivers/src/edma/edma_hw_access.o
 .comment       0x000000a0       0xa1 ./SDK/platform/drivers/src/edma/edma_driver.o
 .comment       0x000000a0       0xa1 ./SDK/platform/drivers/src/clock/S32K1xx/clock_S32K1xx.o
 .comment       0x000000a0       0xa1 ./SDK/platform/devices/startup.o
 .comment       0x000000a0       0xa1 ./SDK/platform/devices/S32K144/startup/system_S32K144.o
 .comment       0x000000a0       0xa1 ./Generated_Code/pin_mux.o
 .comment       0x000000a0       0xa1 ./Generated_Code/lpuart1.o
 .comment       0x000000a0       0xa1 ./Generated_Code/lpit1.o
 .comment       0x000000a0       0xa1 ./Generated_Code/flexTimer_pwm1.o
 .comment       0x000000a0       0xa1 ./Generated_Code/flexTimer_ic1.o
 .comment       0x000000a0       0xa1 ./Generated_Code/clockMan1.o

.debug_frame    0x00000000     0x2338
 .debug_frame   0x00000000       0x8c ./Sources/main.o
 .debug_frame   0x0000008c       0xf4 ./SDK/rtos/osif/osif_baremetal.o
 .debug_frame   0x00000180       0xa0 ./SDK/platform/drivers/src/pins/pins_port_hw_access.o
 .debug_frame   0x00000220      0x1e4 ./SDK/platform/drivers/src/pins/pins_driver.o
 .debug_frame   0x00000404       0x58 ./SDK/platform/drivers/src/lpuart/lpuart_irq.o
 .debug_frame   0x0000045c      0x100 ./SDK/platform/drivers/src/lpuart/lpuart_hw_access.o
 .debug_frame   0x0000055c      0x3ac ./SDK/platform/drivers/src/lpuart/lpuart_driver.o
 .debug_frame   0x00000908      0x1a8 ./SDK/platform/drivers/src/lpit/lpit_driver.o
 .debug_frame   0x00000ab0       0xd8 ./SDK/platform/drivers/src/interrupt/interrupt_manager.o
 .debug_frame   0x00000b88       0xf0 ./SDK/platform/drivers/src/ftm/ftm_pwm_driver.o
 .debug_frame   0x00000c78      0x268 ./SDK/platform/drivers/src/ftm/ftm_ic_driver.o
 .debug_frame   0x00000ee0       0x5c ./SDK/platform/drivers/src/ftm/ftm_hw_access.o
 .debug_frame   0x00000f3c      0x208 ./SDK/platform/drivers/src/ftm/ftm_common.o
 .debug_frame   0x00001144      0x1ac ./SDK/platform/drivers/src/edma/edma_irq.o
 .debug_frame   0x000012f0      0x140 ./SDK/platform/drivers/src/edma/edma_hw_access.o
 .debug_frame   0x00001430      0x398 ./SDK/platform/drivers/src/edma/edma_driver.o
 .debug_frame   0x000017c8      0x384 ./SDK/platform/drivers/src/clock/S32K1xx/clock_S32K1xx.o
 .debug_frame   0x00001b4c       0x2c ./SDK/platform/devices/startup.o
 .debug_frame   0x00001b78       0x40 ./SDK/platform/devices/S32K144/startup/system_S32K144.o
 .debug_frame   0x00001bb8       0x70 C:/NXP/S32DS_ARM_v2018.R1/Cross_Tools/gcc-6.3-arm32-eabi/arm-none-eabi/newlib/lib/thumb/v7e-m/fpv4-sp/hard\libc_nano.a(lib_a-sprintf.o)
 .debug_frame   0x00001c28       0x90 C:/NXP/S32DS_ARM_v2018.R1/Cross_Tools/gcc-6.3-arm32-eabi/arm-none-eabi/newlib/lib/thumb/v7e-m/fpv4-sp/hard\libc_nano.a(lib_a-nano-svfprintf.o)
 .debug_frame   0x00001cb8       0x60 C:/NXP/S32DS_ARM_v2018.R1/Cross_Tools/gcc-6.3-arm32-eabi/arm-none-eabi/newlib/lib/thumb/v7e-m/fpv4-sp/hard\libc_nano.a(lib_a-nano-vfprintf_i.o)
 .debug_frame   0x00001d18       0x28 C:/NXP/S32DS_ARM_v2018.R1/Cross_Tools/gcc-6.3-arm32-eabi/arm-none-eabi/newlib/lib/thumb/v7e-m/fpv4-sp/hard\libc_nano.a(lib_a-memcpy-stub.o)
 .debug_frame   0x00001d40       0x28 C:/NXP/S32DS_ARM_v2018.R1/Cross_Tools/gcc-6.3-arm32-eabi/arm-none-eabi/newlib/lib/thumb/v7e-m/fpv4-sp/hard\libc_nano.a(lib_a-memmove.o)
 .debug_frame   0x00001d68       0x38 C:/NXP/S32DS_ARM_v2018.R1/Cross_Tools/gcc-6.3-arm32-eabi/arm-none-eabi/newlib/lib/thumb/v7e-m/fpv4-sp/hard\libc_nano.a(lib_a-nano-freer.o)
 .debug_frame   0x00001da0       0x2c C:/NXP/S32DS_ARM_v2018.R1/Cross_Tools/gcc-6.3-arm32-eabi/arm-none-eabi/newlib/lib/thumb/v7e-m/fpv4-sp/hard\libc_nano.a(lib_a-nano-mallocr.o)
 .debug_frame   0x00001dcc       0x3c C:/NXP/S32DS_ARM_v2018.R1/Cross_Tools/gcc-6.3-arm32-eabi/arm-none-eabi/newlib/lib/thumb/v7e-m/fpv4-sp/hard\libc_nano.a(lib_a-nano-reallocr.o)
 .debug_frame   0x00001e08       0x2c C:/NXP/S32DS_ARM_v2018.R1/Cross_Tools/gcc-6.3-arm32-eabi/arm-none-eabi/newlib/lib/thumb/v7e-m/fpv4-sp/hard\libc_nano.a(lib_a-sbrkr.o)
 .debug_frame   0x00001e34       0x30 C:/NXP/S32DS_ARM_v2018.R1/Cross_Tools/gcc-6.3-arm32-eabi/arm-none-eabi/newlib/lib/thumb/v7e-m/fpv4-sp/hard\libc_nano.a(lib_a-mlock.o)
 .debug_frame   0x00001e64       0x20 C:/NXP/S32DS_ARM_v2018.R1/Cross_Tools/gcc-6.3-arm32-eabi/arm-none-eabi/newlib/lib/thumb/v7e-m/fpv4-sp/hard\libc_nano.a(lib_a-nano-msizer.o)
 .debug_frame   0x00001e84       0x5c C:/NXP/S32DS_ARM_v2018.R1/Cross_Tools/gcc-6.3-arm32-eabi/arm-none-eabi/newlib/lib/thumb/v7e-m/fpv4-sp/hard\libc_nano.a(lib_a-reent.o)
 .debug_frame   0x00001ee0       0x2c c:/nxp/s32ds_arm_v2018.r1/cross_tools/gcc-6.3-arm32-eabi/bin/../lib/gcc/arm-none-eabi/6.3.1/thumb/v7e-m/fpv4-sp/hard\libgcc.a(_aeabi_uldivmod.o)
 .debug_frame   0x00001f0c       0x34 c:/nxp/s32ds_arm_v2018.r1/cross_tools/gcc-6.3-arm32-eabi/bin/../lib/gcc/arm-none-eabi/6.3.1/thumb/v7e-m/fpv4-sp/hard\libgcc.a(_udivmoddi4.o)
 .debug_frame   0x00001f40      0x33c C:/NXP/S32DS_ARM_v2018.R1/Cross_Tools/gcc-6.3-arm32-eabi/arm-none-eabi/newlib/lib/thumb/v7e-m/fpv4-sp/hard\librdimon_nano.a(rdimon-syscalls.o)
 .debug_frame   0x0000227c       0x20 C:/NXP/S32DS_ARM_v2018.R1/Cross_Tools/gcc-6.3-arm32-eabi/arm-none-eabi/newlib/lib/thumb/v7e-m/fpv4-sp/hard\libc_nano.a(lib_a-errno.o)
 .debug_frame   0x0000229c       0x9c C:/NXP/S32DS_ARM_v2018.R1/Cross_Tools/gcc-6.3-arm32-eabi/arm-none-eabi/newlib/lib/thumb/v7e-m/fpv4-sp/hard\libc_nano.a(lib_a-findfp.o)
