Archive member included to satisfy reference by file (symbol)

C:/NXP/S32DS_ARM_v2018.R1/Cross_Tools/gcc-6.3-arm32-eabi/arm-none-eabi/newlib/lib/thumb/v7e-m/fpv4-sp/hard\libc_nano.a(lib_a-exit.o)
                              C:/NXP/S32DS_ARM_v2018.R1/Cross_Tools/gcc-6.3-arm32-eabi/arm-none-eabi/newlib/lib/thumb/v7e-m/fpv4-sp/hard/crt0.o (exit)
C:/NXP/S32DS_ARM_v2018.R1/Cross_Tools/gcc-6.3-arm32-eabi/arm-none-eabi/newlib/lib/thumb/v7e-m/fpv4-sp/hard\libc_nano.a(lib_a-impure.o)
                              C:/NXP/S32DS_ARM_v2018.R1/Cross_Tools/gcc-6.3-arm32-eabi/arm-none-eabi/newlib/lib/thumb/v7e-m/fpv4-sp/hard\libc_nano.a(lib_a-exit.o) (_global_impure_ptr)
C:/NXP/S32DS_ARM_v2018.R1/Cross_Tools/gcc-6.3-arm32-eabi/arm-none-eabi/newlib/lib/thumb/v7e-m/fpv4-sp/hard\libc_nano.a(lib_a-init.o)
                              C:/NXP/S32DS_ARM_v2018.R1/Cross_Tools/gcc-6.3-arm32-eabi/arm-none-eabi/newlib/lib/thumb/v7e-m/fpv4-sp/hard/crt0.o (__libc_init_array)
C:/NXP/S32DS_ARM_v2018.R1/Cross_Tools/gcc-6.3-arm32-eabi/arm-none-eabi/newlib/lib/thumb/v7e-m/fpv4-sp/hard\libc_nano.a(lib_a-memset.o)
                              C:/NXP/S32DS_ARM_v2018.R1/Cross_Tools/gcc-6.3-arm32-eabi/arm-none-eabi/newlib/lib/thumb/v7e-m/fpv4-sp/hard/crt0.o (memset)
c:/nxp/s32ds_arm_v2018.r1/cross_tools/gcc-6.3-arm32-eabi/bin/../lib/gcc/arm-none-eabi/6.3.1/thumb/v7e-m/fpv4-sp/hard\libgcc.a(_aeabi_uldivmod.o)
                              ./SDK/platform/drivers/src/lpit/lpit_driver.o (__aeabi_uldivmod)
c:/nxp/s32ds_arm_v2018.r1/cross_tools/gcc-6.3-arm32-eabi/bin/../lib/gcc/arm-none-eabi/6.3.1/thumb/v7e-m/fpv4-sp/hard\libgcc.a(_udivmoddi4.o)
                              c:/nxp/s32ds_arm_v2018.r1/cross_tools/gcc-6.3-arm32-eabi/bin/../lib/gcc/arm-none-eabi/6.3.1/thumb/v7e-m/fpv4-sp/hard\libgcc.a(_aeabi_uldivmod.o) (__udivmoddi4)
c:/nxp/s32ds_arm_v2018.r1/cross_tools/gcc-6.3-arm32-eabi/bin/../lib/gcc/arm-none-eabi/6.3.1/thumb/v7e-m/fpv4-sp/hard\libgcc.a(_dvmd_tls.o)
                              c:/nxp/s32ds_arm_v2018.r1/cross_tools/gcc-6.3-arm32-eabi/bin/../lib/gcc/arm-none-eabi/6.3.1/thumb/v7e-m/fpv4-sp/hard\libgcc.a(_aeabi_uldivmod.o) (__aeabi_ldiv0)
C:/NXP/S32DS_ARM_v2018.R1/Cross_Tools/gcc-6.3-arm32-eabi/arm-none-eabi/newlib/lib/thumb/v7e-m/fpv4-sp/hard\librdimon_nano.a(rdimon-_exit.o)
                              C:/NXP/S32DS_ARM_v2018.R1/Cross_Tools/gcc-6.3-arm32-eabi/arm-none-eabi/newlib/lib/thumb/v7e-m/fpv4-sp/hard\libc_nano.a(lib_a-exit.o) (_exit)
C:/NXP/S32DS_ARM_v2018.R1/Cross_Tools/gcc-6.3-arm32-eabi/arm-none-eabi/newlib/lib/thumb/v7e-m/fpv4-sp/hard\librdimon_nano.a(rdimon-_kill.o)
                              C:/NXP/S32DS_ARM_v2018.R1/Cross_Tools/gcc-6.3-arm32-eabi/arm-none-eabi/newlib/lib/thumb/v7e-m/fpv4-sp/hard\librdimon_nano.a(rdimon-_exit.o) (_kill)

Allocating common symbols
Common symbol       size              file

lpuart1_State       0x34              ./Generated_Code/lpuart1.o
g_xtal0ClkFreq      0x4               ./SDK/platform/drivers/src/clock/S32K1xx/clock_S32K1xx.o
canCom1_State       0x114             ./Generated_Code/canCom1.o
g_RtcClkInFreq      0x4               ./SDK/platform/drivers/src/clock/S32K1xx/clock_S32K1xx.o
g_TClkFreq          0xc               ./SDK/platform/drivers/src/clock/S32K1xx/clock_S32K1xx.o
dmaController1_State
                    0x40              ./Generated_Code/dmaController1.o
dmaController1Chn0_State
                    0x10              ./Generated_Code/dmaController1.o

Discarded input sections

 .text          0x00000000        0x0 c:/nxp/s32ds_arm_v2018.r1/cross_tools/gcc-6.3-arm32-eabi/bin/../lib/gcc/arm-none-eabi/6.3.1/thumb/v7e-m/fpv4-sp/hard/crti.o
 .data          0x00000000        0x0 c:/nxp/s32ds_arm_v2018.r1/cross_tools/gcc-6.3-arm32-eabi/bin/../lib/gcc/arm-none-eabi/6.3.1/thumb/v7e-m/fpv4-sp/hard/crti.o
 .bss           0x00000000        0x0 c:/nxp/s32ds_arm_v2018.r1/cross_tools/gcc-6.3-arm32-eabi/bin/../lib/gcc/arm-none-eabi/6.3.1/thumb/v7e-m/fpv4-sp/hard/crti.o
 .text          0x00000000       0xa4 c:/nxp/s32ds_arm_v2018.r1/cross_tools/gcc-6.3-arm32-eabi/bin/../lib/gcc/arm-none-eabi/6.3.1/thumb/v7e-m/fpv4-sp/hard/crtbegin.o
 .data          0x00000000        0x4 c:/nxp/s32ds_arm_v2018.r1/cross_tools/gcc-6.3-arm32-eabi/bin/../lib/gcc/arm-none-eabi/6.3.1/thumb/v7e-m/fpv4-sp/hard/crtbegin.o
 .bss           0x00000000       0x1c c:/nxp/s32ds_arm_v2018.r1/cross_tools/gcc-6.3-arm32-eabi/bin/../lib/gcc/arm-none-eabi/6.3.1/thumb/v7e-m/fpv4-sp/hard/crtbegin.o
 .init_array    0x00000000        0x4 c:/nxp/s32ds_arm_v2018.r1/cross_tools/gcc-6.3-arm32-eabi/bin/../lib/gcc/arm-none-eabi/6.3.1/thumb/v7e-m/fpv4-sp/hard/crtbegin.o
 .fini_array    0x00000000        0x4 c:/nxp/s32ds_arm_v2018.r1/cross_tools/gcc-6.3-arm32-eabi/bin/../lib/gcc/arm-none-eabi/6.3.1/thumb/v7e-m/fpv4-sp/hard/crtbegin.o
 .eh_frame      0x00000000        0x0 c:/nxp/s32ds_arm_v2018.r1/cross_tools/gcc-6.3-arm32-eabi/bin/../lib/gcc/arm-none-eabi/6.3.1/thumb/v7e-m/fpv4-sp/hard/crtbegin.o
[...]
Memory Configuration

Name             Origin             Length             Attributes
m_interrupts     0x00000000         0x00000400         xr
m_flash_config   0x00000400         0x00000010         xr
m_text           0x00000410         0x0007fbf0         xr
m_data           0x1fff8000         0x00008000         rw
m_data_2         0x20000000         0x00007000         rw
*default*        0x00000000         0xffffffff

Linker script and memory map

LOAD c:/nxp/s32ds_arm_v2018.r1/cross_tools/gcc-6.3-arm32-eabi/bin/../lib/gcc/arm-none-eabi/6.3.1/thumb/v7e-m/fpv4-sp/hard/crti.o
LOAD c:/nxp/s32ds_arm_v2018.r1/cross_tools/gcc-6.3-arm32-eabi/bin/../lib/gcc/arm-none-eabi/6.3.1/thumb/v7e-m/fpv4-sp/hard/crtbegin.o
LOAD C:/NXP/S32DS_ARM_v2018.R1/Cross_Tools/gcc-6.3-arm32-eabi/arm-none-eabi/newlib/lib/thumb/v7e-m/fpv4-sp/hard/crt0.o
LOAD ./Sources/main.o
LOAD ./SDK/rtos/osif/osif_baremetal.o
LOAD ./SDK/platform/pal/src/can/can_pal.o
LOAD ./SDK/platform/drivers/src/pins/pins_port_hw_access.o
LOAD ./SDK/platform/drivers/src/pins/pins_driver.o
LOAD ./SDK/platform/drivers/src/lpuart/lpuart_irq.o
LOAD ./SDK/platform/drivers/src/lpuart/lpuart_hw_access.o
LOAD ./SDK/platform/drivers/src/lpuart/lpuart_driver.o
LOAD ./SDK/platform/drivers/src/lpit/lpit_driver.o
LOAD ./SDK/platform/drivers/src/interrupt/interrupt_manager.o
LOAD ./SDK/platform/drivers/src/ftm/ftm_pwm_driver.o
LOAD ./SDK/platform/drivers/src/ftm/ftm_ic_driver.o
LOAD ./SDK/platform/drivers/src/ftm/ftm_hw_access.o
LOAD ./SDK/platform/drivers/src/ftm/ftm_common.o
LOAD ./SDK/platform/drivers/src/flexcan/flexcan_irq.o
LOAD ./SDK/platform/drivers/src/flexcan/flexcan_hw_access.o
LOAD ./SDK/platform/drivers/src/flexcan/flexcan_driver.o
LOAD ./SDK/platform/drivers/src/edma/edma_irq.o
LOAD ./SDK/platform/drivers/src/edma/edma_hw_access.o
LOAD ./SDK/platform/drivers/src/edma/edma_driver.o
LOAD ./SDK/platform/drivers/src/clock/S32K1xx/clock_S32K1xx.o
LOAD ./SDK/platform/devices/startup.o
LOAD ./SDK/platform/devices/S32K144/startup/system_S32K144.o
LOAD ./Project_Settings/Startup_Code/startup_S32K144.o
LOAD ./Generated_Code/pin_mux.o
LOAD ./Generated_Code/lpuart1.o
LOAD ./Generated_Code/lpit1.o
LOAD ./Generated_Code/flexTimer_pwm1.o
LOAD ./Generated_Code/flexTimer_ic1.o
LOAD ./Generated_Code/dmaController1.o
LOAD ./Generated_Code/clockMan1.o
LOAD ./Generated_Code/can_pal1.o
LOAD ./Generated_Code/canCom1.o
LOAD ./Generated_Code/Cpu.o
LOAD C:/NXP/S32DS_ARM_v2018.R1/Cross_Tools/gcc-6.3-arm32-eabi/arm-none-eabi/newlib/lib/thumb/v7e-m/fpv4-sp/hard\libc_nano.a
LOAD c:/nxp/s32ds_arm_v2018.r1/cross_tools/gcc-6.3-arm32-eabi/bin/../lib/gcc/arm-none-eabi/6.3.1/thumb/v7e-m/fpv4-sp/hard\libgcc.a
LOAD C:/NXP/S32DS_ARM_v2018.R1/Cross_Tools/gcc-6.3-arm32-eabi/arm-none-eabi/newlib/lib/thumb/v7e-m/fpv4-sp/hard\libm.a
LOAD C:/NXP/S32DS_ARM_v2018.R1/Cross_Tools/gcc-6.3-arm32-eabi/arm-none-eabi/newlib/lib/thumb/v7e-m/fpv4-sp/hard\librdimon_nano.a
START GROUP
LOAD c:/nxp/s32ds_arm_v2018.r1/cross_tools/gcc-6.3-arm32-eabi/bin/../lib/gcc/arm-none-eabi/6.3.1/thumb/v7e-m/fpv4-sp/hard\libgcc.a
LOAD C:/NXP/S32DS_ARM_v2018.R1/Cross_Tools/gcc-6.3-arm32-eabi/arm-none-eabi/newlib/lib/thumb/v7e-m/fpv4-sp/hard\libc_nano.a
END GROUP
START GROUP
LOAD c:/nxp/s32ds_arm_v2018.r1/cross_tools/gcc-6.3-arm32-eabi/bin/../lib/gcc/arm-none-eabi/6.3.1/thumb/v7e-m/fpv4-sp/hard\libgcc.a
LOAD C:/NXP/S32DS_ARM_v2018.R1/Cross_Tools/gcc-6.3-arm32-eabi/arm-none-eabi/newlib/lib/thumb/v7e-m/fpv4-sp/hard\libc_nano.a
LOAD C:/NXP/S32DS_ARM_v2018.R1/Cross_Tools/gcc-6.3-arm32-eabi/arm-none-eabi/newlib/lib/thumb/v7e-m/fpv4-sp/hard\libnosys.a
END GROUP
START GROUP
LOAD c:/nxp/s32ds_arm_v2018.r1/cross_tools/gcc-6.3-arm32-eabi/bin/../lib/gcc/arm-none-eabi/6.3.1/thumb/v7e-m/fpv4-sp/hard\libgcc.a
LOAD C:/NXP/S32DS_ARM_v2018.R1/Cross_Tools/gcc-6.3-arm32-eabi/arm-none-eabi/newlib/lib/thumb/v7e-m/fpv4-sp/hard\libc_nano.a
LOAD C:/NXP/S32DS_ARM_v2018.R1/Cross_Tools/gcc-6.3-arm32-eabi/arm-none-eabi/newlib/lib/thumb/v7e-m/fpv4-sp/hard\libnosys.a
END GROUP
LOAD c:/nxp/s32ds_arm_v2018.r1/cross_tools/gcc-6.3-arm32-eabi/bin/../lib/gcc/arm-none-eabi/6.3.1/thumb/v7e-m/fpv4-sp/hard/crtend.o
LOAD c:/nxp/s32ds_arm_v2018.r1/cross_tools/gcc-6.3-arm32-eabi/bin/../lib/gcc/arm-none-eabi/6.3.1/thumb/v7e-m/fpv4-sp/hard/crtn.o
                0x00000400                HEAP_SIZE = DEFINED (__heap_size__)?__heap_size__:0x400
                0x00000400                STACK_SIZE = DEFINED (__stack_size__)?__stack_size__:0x400
                0x00000400                M_VECTOR_RAM_SIZE = DEFINED (__flash_vector_table__)?0x0:0x400

.interrupts     0x00000000      0x400
                0x00000000                __VECTOR_TABLE = .
                0x00000000                __interrupts_start__ = .
                0x00000000                . = ALIGN (0x4)
 *(.isr_vector)
 .isr_vector    0x00000000      0x400 ./Project_Settings/Startup_Code/startup_S32K144.o
                0x00000000                __isr_vector
                0x00000400                __interrupts_end__ = .
                0x00000400                . = ALIGN (0x4)

.flash_config   0x00000400       0x10
                0x00000400                . = ALIGN (0x4)
 *(.FlashConfig)
 .FlashConfig   0x00000400       0x10 ./Project_Settings/Startup_Code/startup_S32K144.o
                0x00000410                . = ALIGN (0x4)

.text           0x00000410     0x4090
                0x00000410                . = ALIGN (0x4)
 *(.text)
 .text          0x00000410       0x6c ./Project_Settings/Startup_Code/startup_S32K144.o
                0x00000410                Reset_Handler
                0x00000478                DebugMon_Handler
                0x00000478                Reserved88_IRQHandler
                0x00000478                HardFault_Handler
                0x00000478                Reserved86_IRQHandler
                0x00000478                Reserved103_IRQHandler
                0x00000478                FTM2_Ovf_Reload_IRQHandler
                0x00000478                Reserved50_IRQHandler
                0x00000478                FTFC_Fault_IRQHandler
                0x00000478                Reserved114_IRQHandler
                0x00000478                PendSV_Handler
                0x00000478                NMI_Handler
                0x00000478                Reserved89_IRQHandler
                0x00000478                ERM_double_fault_IRQHandler
                0x00000478                Reserved59_IRQHandler
                0x00000478                LPIT0_Ch0_IRQHandler
                0x00000478                Reserved99_IRQHandler
                0x00000478                LPIT0_Ch3_IRQHandler
                0x00000478                Reserved92_IRQHandler
                0x00000478                SWI_IRQHandler
                0x00000478                ADC0_IRQHandler
                0x00000478                UsageFault_Handler
                0x00000478                FTM0_Ovf_Reload_IRQHandler
                0x00000478                DefaultISR
                0x00000478                Reserved58_IRQHandler
                0x00000478                Reserved82_IRQHandler
                0x00000478                LPI2C0_Slave_IRQHandler
                0x00000478                Reserved71_IRQHandler
                0x00000478                PORTD_IRQHandler
                0x00000478                Reserved69_IRQHandler
                0x00000478                PORTB_IRQHandler
                0x00000478                Reserved70_IRQHandler
                0x00000478                ADC1_IRQHandler
                0x00000478                Reserved53_IRQHandler
                0x00000478                RTC_IRQHandler
                0x00000478                PDB0_IRQHandler
                0x00000478                Reserved54_IRQHandler
                0x00000478                LPSPI1_IRQHandler
                0x00000478                LPUART1_RxTx_IRQHandler
                0x00000478                RTC_Seconds_IRQHandler
                0x00000478                Reserved72_IRQHandler
                0x00000478                Reserved110_IRQHandler
                0x00000478                Reserved107_IRQHandler
                0x00000478                Read_Collision_IRQHandler
                0x00000478                FTFC_IRQHandler
                0x00000478                Reserved105_IRQHandler
                0x00000478                LPIT0_Ch1_IRQHandler
                0x00000478                FTM3_Ovf_Reload_IRQHandler
                0x00000478                LPUART2_RxTx_IRQHandler
                0x00000478                LPSPI0_IRQHandler
                0x00000478                WDOG_EWM_IRQHandler
                0x00000478                MemManage_Handler
                0x00000478                Reserved90_IRQHandler
                0x00000478                Reserved83_IRQHandler
                0x00000478                FTM0_Fault_IRQHandler
                0x00000478                Reserved48_IRQHandler
                0x00000478                SVC_Handler
                0x00000478                ERM_single_fault_IRQHandler
                0x00000478                FTM2_Fault_IRQHandler
                0x00000478                FTM3_Fault_IRQHandler
                0x00000478                RCM_IRQHandler
                0x00000478                Reserved100_IRQHandler
                0x00000478                Reserved91_IRQHandler
                0x00000478                SCG_IRQHandler
                0x00000478                PDB1_IRQHandler
                0x00000478                Reserved81_IRQHandler
                0x00000478                Reserved46_IRQHandler
                0x00000478                Reserved45_IRQHandler
                0x00000478                Reserved112_IRQHandler
                0x00000478                LPI2C0_Master_IRQHandler
                0x00000478                FTM1_Fault_IRQHandler
                0x00000478                Reserved106_IRQHandler
                0x00000478                LVD_LVW_IRQHandler
                0x00000478                LPIT0_Ch2_IRQHandler
                0x00000478                PORTA_IRQHandler
                0x00000478                MCM_IRQHandler
                0x00000478                LPSPI2_IRQHandler
                0x00000478                PORTE_IRQHandler
                0x00000478                LPUART0_RxTx_IRQHandler
                0x00000478                LPTMR0_IRQHandler
                0x00000478                BusFault_Handler
                0x00000478                Reserved87_IRQHandler
                0x00000478                FTM1_Ovf_Reload_IRQHandler
                0x00000478                Reserved93_IRQHandler
                0x00000478                CMP0_IRQHandler
                0x00000478                Reserved52_IRQHandler
                0x00000478                PORTC_IRQHandler
                0x00000478                FLEXIO_IRQHandler
                0x00000478                Reserved113_IRQHandler
 .text          0x0000047c       0x30 c:/nxp/s32ds_arm_v2018.r1/cross_tools/gcc-6.3-arm32-eabi/bin/../lib/gcc/arm-none-eabi/6.3.1/thumb/v7e-m/fpv4-sp/hard\libgcc.a(_aeabi_uldivmod.o)
                0x0000047c                __aeabi_uldivmod
 .text          0x000004ac      0x2e4 c:/nxp/s32ds_arm_v2018.r1/cross_tools/gcc-6.3-arm32-eabi/bin/../lib/gcc/arm-none-eabi/6.3.1/thumb/v7e-m/fpv4-sp/hard\libgcc.a(_udivmoddi4.o)
                0x000004ac                __udivmoddi4
 .text          0x00000790        0x4 c:/nxp/s32ds_arm_v2018.r1/cross_tools/gcc-6.3-arm32-eabi/bin/../lib/gcc/arm-none-eabi/6.3.1/thumb/v7e-m/fpv4-sp/hard\libgcc.a(_dvmd_tls.o)
                0x00000790                __aeabi_idiv0
                0x00000790                __aeabi_ldiv0
 *(.text*)
 .text.LPIT_ISR
                0x00000794       0x18 ./Sources/main.o
                0x00000794                LPIT_ISR
 .text.main     0x000007ac       0xdc ./Sources/main.o
                0x000007ac                main
 .text.SysTick_Handler
                0x00000888       0x10 ./SDK/rtos/osif/osif_baremetal.o
                0x00000888                SysTick_Handler
 .text.OSIF_SemaPost
                0x00000898       0x2c ./SDK/rtos/osif/osif_baremetal.o
                0x00000898                OSIF_SemaPost
 .text.OSIF_SemaCreate
                0x000008c4       0x1a ./SDK/rtos/osif/osif_baremetal.o
                0x000008c4                OSIF_SemaCreate
 .text.OSIF_SemaDestroy
                0x000008de        0xa ./SDK/rtos/osif/osif_baremetal.o
                0x000008de                OSIF_SemaDestroy
 .text.CAN_FindFlexCANState
                0x000008e8       0x14 ./SDK/platform/pal/src/can/can_pal.o
 .text.CAN_Init
                0x000008fc       0xfc ./SDK/platform/pal/src/can/can_pal.o
                0x000008fc                CAN_Init
 .text.CAN_Send
                0x000009f8       0xac ./SDK/platform/pal/src/can/can_pal.o
                0x000009f8                CAN_Send
 .text.PINS_GetAdcInterleaveVal
                0x00000aa4       0x70 ./SDK/platform/drivers/src/pins/pins_port_hw_access.o
 .text.PINS_Init
                0x00000b14      0x138 ./SDK/platform/drivers/src/pins/pins_port_hw_access.o
                0x00000b14                PINS_Init
 .text.PINS_DRV_Init
                0x00000c4c       0x20 ./SDK/platform/drivers/src/pins/pins_driver.o
                0x00000c4c                PINS_DRV_Init
 .text.PINS_DRV_SetPinsDirection
                0x00000c6c        0x4 ./SDK/platform/drivers/src/pins/pins_driver.o
                0x00000c6c                PINS_DRV_SetPinsDirection
 .text.PINS_DRV_SetPins
                0x00000c70        0x4 ./SDK/platform/drivers/src/pins/pins_driver.o
                0x00000c70                PINS_DRV_SetPins
 .text.PINS_DRV_TogglePins
                0x00000c74        0x4 ./SDK/platform/drivers/src/pins/pins_driver.o
                0x00000c74                PINS_DRV_TogglePins
 .text.LPIT_DRV_Init
                0x00000c78       0xcc ./SDK/platform/drivers/src/lpit/lpit_driver.o
                0x00000c78                LPIT_DRV_Init
 .text.LPIT_DRV_StartTimerChannels
                0x00000d44       0x1c ./SDK/platform/drivers/src/lpit/lpit_driver.o
                0x00000d44                LPIT_DRV_StartTimerChannels
 .text.LPIT_DRV_SetTimerPeriodByUs
                0x00000d60       0xc8 ./SDK/platform/drivers/src/lpit/lpit_driver.o
                0x00000d60                LPIT_DRV_SetTimerPeriodByUs
 .text.LPIT_DRV_SetTimerPeriodByCount
                0x00000e28       0x1c ./SDK/platform/drivers/src/lpit/lpit_driver.o
                0x00000e28                LPIT_DRV_SetTimerPeriodByCount
 .text.LPIT_DRV_InitChannel
                0x00000e44      0x19c ./SDK/platform/drivers/src/lpit/lpit_driver.o
                0x00000e44                LPIT_DRV_InitChannel
 .text.LPIT_DRV_ClearInterruptFlagTimerChannels
                0x00000fe0       0x1c ./SDK/platform/drivers/src/lpit/lpit_driver.o
                0x00000fe0                LPIT_DRV_ClearInterruptFlagTimerChannels
 .text.INT_SYS_InstallHandler
                0x00000ffc       0x48 ./SDK/platform/drivers/src/interrupt/interrupt_manager.o
                0x00000ffc                INT_SYS_InstallHandler
 .text.INT_SYS_EnableIRQ
                0x00001044       0x28 ./SDK/platform/drivers/src/interrupt/interrupt_manager.o
                0x00001044                INT_SYS_EnableIRQ
 .text.INT_SYS_DisableIRQ
                0x0000106c       0x2c ./SDK/platform/drivers/src/interrupt/interrupt_manager.o
                0x0000106c                INT_SYS_DisableIRQ
 .text.INT_SYS_EnableIRQGlobal
                0x00001098       0x1c ./SDK/platform/drivers/src/interrupt/interrupt_manager.o
                0x00001098                INT_SYS_EnableIRQGlobal
 .text.INT_SYS_DisableIRQGlobal
                0x000010b4       0x10 ./SDK/platform/drivers/src/interrupt/interrupt_manager.o
                0x000010b4                INT_SYS_DisableIRQGlobal
 .text.FTM_DRV_IrqHandler
                0x000010c4      0x134 ./SDK/platform/drivers/src/ftm/ftm_ic_driver.o
 .text.FTM_DRV_InitInputCapture
                0x000011f8      0x358 ./SDK/platform/drivers/src/ftm/ftm_ic_driver.o
                0x000011f8                FTM_DRV_InitInputCapture
 .text.FTM_DRV_GetInputCaptureMeasurement
                0x00001550       0x28 ./SDK/platform/drivers/src/ftm/ftm_ic_driver.o
                0x00001550                FTM_DRV_GetInputCaptureMeasurement
 .text.FTM0_Ch0_Ch1_IRQHandler
                0x00001578        0xc ./SDK/platform/drivers/src/ftm/ftm_ic_driver.o
                0x00001578                FTM0_Ch0_Ch1_IRQHandler
 .text.FTM0_Ch2_Ch3_IRQHandler
                0x00001584        0xc ./SDK/platform/drivers/src/ftm/ftm_ic_driver.o
                0x00001584                FTM0_Ch2_Ch3_IRQHandler
 .text.FTM0_Ch4_Ch5_IRQHandler
                0x00001590        0xc ./SDK/platform/drivers/src/ftm/ftm_ic_driver.o
                0x00001590                FTM0_Ch4_Ch5_IRQHandler
 .text.FTM0_Ch6_Ch7_IRQHandler
                0x0000159c        0xc ./SDK/platform/drivers/src/ftm/ftm_ic_driver.o
                0x0000159c                FTM0_Ch6_Ch7_IRQHandler
 .text.FTM1_Ch0_Ch1_IRQHandler
                0x000015a8        0xc ./SDK/platform/drivers/src/ftm/ftm_ic_driver.o
                0x000015a8                FTM1_Ch0_Ch1_IRQHandler
 .text.FTM1_Ch2_Ch3_IRQHandler
                0x000015b4        0xc ./SDK/platform/drivers/src/ftm/ftm_ic_driver.o
                0x000015b4                FTM1_Ch2_Ch3_IRQHandler
 .text.FTM1_Ch4_Ch5_IRQHandler
                0x000015c0        0xc ./SDK/platform/drivers/src/ftm/ftm_ic_driver.o
                0x000015c0                FTM1_Ch4_Ch5_IRQHandler
 .text.FTM1_Ch6_Ch7_IRQHandler
                0x000015cc        0xc ./SDK/platform/drivers/src/ftm/ftm_ic_driver.o
                0x000015cc                FTM1_Ch6_Ch7_IRQHandler
 .text.FTM2_Ch0_Ch1_IRQHandler
                0x000015d8        0xc ./SDK/platform/drivers/src/ftm/ftm_ic_driver.o
                0x000015d8                FTM2_Ch0_Ch1_IRQHandler
 .text.FTM2_Ch2_Ch3_IRQHandler
                0x000015e4        0xc ./SDK/platform/drivers/src/ftm/ftm_ic_driver.o
                0x000015e4                FTM2_Ch2_Ch3_IRQHandler
 .text.FTM2_Ch4_Ch5_IRQHandler
                0x000015f0        0xc ./SDK/platform/drivers/src/ftm/ftm_ic_driver.o
                0x000015f0                FTM2_Ch4_Ch5_IRQHandler
 .text.FTM2_Ch6_Ch7_IRQHandler
                0x000015fc        0xc ./SDK/platform/drivers/src/ftm/ftm_ic_driver.o
                0x000015fc                FTM2_Ch6_Ch7_IRQHandler
 .text.FTM3_Ch0_Ch1_IRQHandler
                0x00001608        0xc ./SDK/platform/drivers/src/ftm/ftm_ic_driver.o
                0x00001608                FTM3_Ch0_Ch1_IRQHandler
 .text.FTM3_Ch2_Ch3_IRQHandler
                0x00001614        0xc ./SDK/platform/drivers/src/ftm/ftm_ic_driver.o
                0x00001614                FTM3_Ch2_Ch3_IRQHandler
 .text.FTM3_Ch4_Ch5_IRQHandler
                0x00001620        0xc ./SDK/platform/drivers/src/ftm/ftm_ic_driver.o
                0x00001620                FTM3_Ch4_Ch5_IRQHandler
 .text.FTM3_Ch6_Ch7_IRQHandler
                0x0000162c        0xc ./SDK/platform/drivers/src/ftm/ftm_ic_driver.o
                0x0000162c                FTM3_Ch6_Ch7_IRQHandler
 .text.FTM_DRV_InitModule
                0x00001638       0x18 ./SDK/platform/drivers/src/ftm/ftm_hw_access.o
                0x00001638                FTM_DRV_InitModule
 .text.FTM_DRV_Reset
                0x00001650       0x66 ./SDK/platform/drivers/src/ftm/ftm_hw_access.o
                0x00001650                FTM_DRV_Reset
 .text.FTM_DRV_SetChnInputCaptureFilter
                0x000016b6       0x56 ./SDK/platform/drivers/src/ftm/ftm_hw_access.o
                0x000016b6                FTM_DRV_SetChnInputCaptureFilter
 .text.FTM_DRV_SetSync
                0x0000170c      0x1c8 ./SDK/platform/drivers/src/ftm/ftm_common.o
                0x0000170c                FTM_DRV_SetSync
 .text.FTM_DRV_GetFrequency
                0x000018d4       0x90 ./SDK/platform/drivers/src/ftm/ftm_common.o
                0x000018d4                FTM_DRV_GetFrequency
 .text.FTM_DRV_Init
                0x00001964      0x104 ./SDK/platform/drivers/src/ftm/ftm_common.o
                0x00001964                FTM_DRV_Init
 .text.CAN0_ORed_IRQHandler
                0x00001a68        0xa ./SDK/platform/drivers/src/flexcan/flexcan_irq.o
                0x00001a68                CAN0_ORed_IRQHandler
 .text.CAN0_Error_IRQHandler
                0x00001a72        0xa ./SDK/platform/drivers/src/flexcan/flexcan_irq.o
                0x00001a72                CAN0_Error_IRQHandler
 .text.CAN0_Wake_Up_IRQHandler
                0x00001a7c        0xa ./SDK/platform/drivers/src/flexcan/flexcan_irq.o
                0x00001a7c                CAN0_Wake_Up_IRQHandler
 .text.CAN0_ORed_0_15_MB_IRQHandler
                0x00001a86        0xa ./SDK/platform/drivers/src/flexcan/flexcan_irq.o
                0x00001a86                CAN0_ORed_0_15_MB_IRQHandler
 .text.CAN0_ORed_16_31_MB_IRQHandler
                0x00001a90        0xa ./SDK/platform/drivers/src/flexcan/flexcan_irq.o
                0x00001a90                CAN0_ORed_16_31_MB_IRQHandler
 .text.CAN1_ORed_IRQHandler
                0x00001a9a        0xa ./SDK/platform/drivers/src/flexcan/flexcan_irq.o
                0x00001a9a                CAN1_ORed_IRQHandler
 .text.CAN1_Error_IRQHandler
                0x00001aa4        0xa ./SDK/platform/drivers/src/flexcan/flexcan_irq.o
                0x00001aa4                CAN1_Error_IRQHandler
 .text.CAN1_ORed_0_15_MB_IRQHandler
                0x00001aae        0xa ./SDK/platform/drivers/src/flexcan/flexcan_irq.o
                0x00001aae                CAN1_ORed_0_15_MB_IRQHandler
 .text.CAN2_ORed_IRQHandler
                0x00001ab8        0xa ./SDK/platform/drivers/src/flexcan/flexcan_irq.o
                0x00001ab8                CAN2_ORed_IRQHandler
 .text.CAN2_Error_IRQHandler
                0x00001ac2        0xa ./SDK/platform/drivers/src/flexcan/flexcan_irq.o
                0x00001ac2                CAN2_Error_IRQHandler
 .text.CAN2_ORed_0_15_MB_IRQHandler
                0x00001acc        0xa ./SDK/platform/drivers/src/flexcan/flexcan_irq.o
                0x00001acc                CAN2_ORed_0_15_MB_IRQHandler
 .text.FLEXCAN_ComputePayloadSize
                0x00001ad6       0x36 ./SDK/platform/drivers/src/flexcan/flexcan_hw_access.o
 .text.FLEXCAN_GetMaxMbNum
                0x00001b0c       0x2c ./SDK/platform/drivers/src/flexcan/flexcan_hw_access.o
                0x00001b0c                FLEXCAN_GetMaxMbNum
 .text.FLEXCAN_Enable
                0x00001b38       0x2a ./SDK/platform/drivers/src/flexcan/flexcan_hw_access.o
                0x00001b38                FLEXCAN_Enable
 .text.FLEXCAN_Disable
                0x00001b62       0x18 ./SDK/platform/drivers/src/flexcan/flexcan_hw_access.o
                0x00001b62                FLEXCAN_Disable
 *fill*         0x00001b7a        0x2 
 .text.FLEXCAN_Init
                0x00001b7c       0x68 ./SDK/platform/drivers/src/flexcan/flexcan_hw_access.o
                0x00001b7c                FLEXCAN_Init
 .text.FLEXCAN_EnableRxFifo
                0x00001be4       0x54 ./SDK/platform/drivers/src/flexcan/flexcan_hw_access.o
                0x00001be4                FLEXCAN_EnableRxFifo
 .text.FLEXCAN_SetRxFifoFilter
                0x00001c38      0x1dc ./SDK/platform/drivers/src/flexcan/flexcan_hw_access.o
                0x00001c38                FLEXCAN_SetRxFifoFilter
 .text.FLEXCAN_SetMsgBuffIntCmd
                0x00001e14       0x3c ./SDK/platform/drivers/src/flexcan/flexcan_hw_access.o
                0x00001e14                FLEXCAN_SetMsgBuffIntCmd
 .text.FLEXCAN_ExitFreezeMode
                0x00001e50       0x1a ./SDK/platform/drivers/src/flexcan/flexcan_hw_access.o
                0x00001e50                FLEXCAN_ExitFreezeMode
 .text.FLEXCAN_EnterFreezeMode
                0x00001e6a       0x40 ./SDK/platform/drivers/src/flexcan/flexcan_hw_access.o
                0x00001e6a                FLEXCAN_EnterFreezeMode
 *fill*         0x00001eaa        0x2 
 .text.FLEXCAN_ClearErrIntStatusFlag
                0x00001eac       0x14 ./SDK/platform/drivers/src/flexcan/flexcan_hw_access.o
                0x00001eac                FLEXCAN_ClearErrIntStatusFlag
 .text.FLEXCAN_ReadRxFifo
                0x00001ec0       0x58 ./SDK/platform/drivers/src/flexcan/flexcan_hw_access.o
                0x00001ec0                FLEXCAN_ReadRxFifo
 .text.FLEXCAN_SetOperationMode
                0x00001f18       0x5e ./SDK/platform/drivers/src/flexcan/flexcan_hw_access.o
                0x00001f18                FLEXCAN_SetOperationMode
 .text.FLEXCAN_SetPayloadSize
                0x00001f76       0x30 ./SDK/platform/drivers/src/flexcan/flexcan_hw_access.o
                0x00001f76                FLEXCAN_SetPayloadSize
 .text.FLEXCAN_GetPayloadSize
                0x00001fa6       0x20 ./SDK/platform/drivers/src/flexcan/flexcan_hw_access.o
                0x00001fa6                FLEXCAN_GetPayloadSize
 .text.FLEXCAN_GetMsgBuffRegion
                0x00001fc6       0x30 ./SDK/platform/drivers/src/flexcan/flexcan_hw_access.o
                0x00001fc6                FLEXCAN_GetMsgBuffRegion
 .text.FLEXCAN_GetMsgBuff
                0x00001ff6       0xaa ./SDK/platform/drivers/src/flexcan/flexcan_hw_access.o
                0x00001ff6                FLEXCAN_GetMsgBuff
 .text.FLEXCAN_LockRxMsgBuff
                0x000020a0        0xa ./SDK/platform/drivers/src/flexcan/flexcan_hw_access.o
                0x000020a0                FLEXCAN_LockRxMsgBuff
 *fill*         0x000020aa        0x2 
 .text.FLEXCAN_SetTxMsgBuff
                0x000020ac      0x198 ./SDK/platform/drivers/src/flexcan/flexcan_hw_access.o
                0x000020ac                FLEXCAN_SetTxMsgBuff
 .text.FLEXCAN_SetMaxMsgBuffNum
                0x00002244       0xaa ./SDK/platform/drivers/src/flexcan/flexcan_hw_access.o
                0x00002244                FLEXCAN_SetMaxMsgBuffNum
 .text.FLEXCAN_SetTimeSegments
                0x000022ee       0x4c ./SDK/platform/drivers/src/flexcan/flexcan_driver.o
 *fill*         0x0000233a        0x2 
 .text.FLEXCAN_SetExtendedTimeSegments
                0x0000233c       0x50 ./SDK/platform/drivers/src/flexcan/flexcan_driver.o
 .text.FLEXCAN_SetFDTimeSegments
                0x0000238c       0x5c ./SDK/platform/drivers/src/flexcan/flexcan_driver.o
 .text.FLEXCAN_StartSendData
                0x000023e8       0xb4 ./SDK/platform/drivers/src/flexcan/flexcan_driver.o
 .text.FLEXCAN_CompleteRxMessageFifoData
                0x0000249c       0xb0 ./SDK/platform/drivers/src/flexcan/flexcan_driver.o
 .text.FLEXCAN_CompleteTransfer
                0x0000254c       0x3c ./SDK/platform/drivers/src/flexcan/flexcan_driver.o
 .text.FLEXCAN_DRV_Init
                0x00002588      0x264 ./SDK/platform/drivers/src/flexcan/flexcan_driver.o
                0x00002588                FLEXCAN_DRV_Init
 .text.FLEXCAN_DRV_Send
                0x000027ec       0x44 ./SDK/platform/drivers/src/flexcan/flexcan_driver.o
                0x000027ec                FLEXCAN_DRV_Send
 .text.FLEXCAN_DRV_ConfigRxFifo
                0x00002830       0x30 ./SDK/platform/drivers/src/flexcan/flexcan_driver.o
                0x00002830                FLEXCAN_DRV_ConfigRxFifo
 .text.FLEXCAN_Error_IRQHandler
                0x00002860       0x30 ./SDK/platform/drivers/src/flexcan/flexcan_driver.o
                0x00002860                FLEXCAN_Error_IRQHandler
 .text.FLEXCAN_WakeUpHandler
                0x00002890       0x74 ./SDK/platform/drivers/src/flexcan/flexcan_driver.o
                0x00002890                FLEXCAN_WakeUpHandler
 .text.FLEXCAN_IRQHandler
                0x00002904      0x1bc ./SDK/platform/drivers/src/flexcan/flexcan_driver.o
                0x00002904                FLEXCAN_IRQHandler
 .text.DMA0_IRQHandler
                0x00002ac0        0xa ./SDK/platform/drivers/src/edma/edma_irq.o
                0x00002ac0                DMA0_IRQHandler
 .text.DMA1_IRQHandler
                0x00002aca        0xa ./SDK/platform/drivers/src/edma/edma_irq.o
                0x00002aca                DMA1_IRQHandler
 .text.DMA2_IRQHandler
                0x00002ad4        0xa ./SDK/platform/drivers/src/edma/edma_irq.o
                0x00002ad4                DMA2_IRQHandler
 .text.DMA3_IRQHandler
                0x00002ade        0xa ./SDK/platform/drivers/src/edma/edma_irq.o
                0x00002ade                DMA3_IRQHandler
 .text.DMA4_IRQHandler
                0x00002ae8        0xa ./SDK/platform/drivers/src/edma/edma_irq.o
                0x00002ae8                DMA4_IRQHandler
 .text.DMA5_IRQHandler
                0x00002af2        0xa ./SDK/platform/drivers/src/edma/edma_irq.o
                0x00002af2                DMA5_IRQHandler
 .text.DMA6_IRQHandler
                0x00002afc        0xa ./SDK/platform/drivers/src/edma/edma_irq.o
                0x00002afc                DMA6_IRQHandler
 .text.DMA7_IRQHandler
                0x00002b06        0xa ./SDK/platform/drivers/src/edma/edma_irq.o
                0x00002b06                DMA7_IRQHandler
 .text.DMA8_IRQHandler
                0x00002b10        0xa ./SDK/platform/drivers/src/edma/edma_irq.o
                0x00002b10                DMA8_IRQHandler
 .text.DMA9_IRQHandler
                0x00002b1a        0xa ./SDK/platform/drivers/src/edma/edma_irq.o
                0x00002b1a                DMA9_IRQHandler
 .text.DMA10_IRQHandler
                0x00002b24        0xa ./SDK/platform/drivers/src/edma/edma_irq.o
                0x00002b24                DMA10_IRQHandler
 .text.DMA11_IRQHandler
                0x00002b2e        0xa ./SDK/platform/drivers/src/edma/edma_irq.o
                0x00002b2e                DMA11_IRQHandler
 .text.DMA12_IRQHandler
                0x00002b38        0xa ./SDK/platform/drivers/src/edma/edma_irq.o
                0x00002b38                DMA12_IRQHandler
 .text.DMA13_IRQHandler
                0x00002b42        0xa ./SDK/platform/drivers/src/edma/edma_irq.o
                0x00002b42                DMA13_IRQHandler
 .text.DMA14_IRQHandler
                0x00002b4c        0xa ./SDK/platform/drivers/src/edma/edma_irq.o
                0x00002b4c                DMA14_IRQHandler
 .text.DMA15_IRQHandler
                0x00002b56        0xa ./SDK/platform/drivers/src/edma/edma_irq.o
                0x00002b56                DMA15_IRQHandler
 .text.DMA_Error_IRQHandler
                0x00002b60       0x28 ./SDK/platform/drivers/src/edma/edma_irq.o
                0x00002b60                DMA_Error_IRQHandler
 .text.EDMA_SetDmaRequestCmd
                0x00002b88        0xa ./SDK/platform/drivers/src/edma/edma_hw_access.o
                0x00002b88                EDMA_SetDmaRequestCmd
 *fill*         0x00002b92        0x2 
 .text.EDMA_DRV_ClearIntStatus
                0x00002b94       0x20 ./SDK/platform/drivers/src/edma/edma_driver.o
 .text.EDMA_DRV_IRQHandler
                0x00002bb4       0x20 ./SDK/platform/drivers/src/edma/edma_driver.o
                0x00002bb4                EDMA_DRV_IRQHandler
 .text.EDMA_DRV_ErrorIRQHandler
                0x00002bd4       0x40 ./SDK/platform/drivers/src/edma/edma_driver.o
                0x00002bd4                EDMA_DRV_ErrorIRQHandler
 .text.EDMA_DRV_StopChannel
                0x00002c14       0x38 ./SDK/platform/drivers/src/edma/edma_driver.o
                0x00002c14                EDMA_DRV_StopChannel
 .text.EDMA_DRV_GetDmaRegBaseAddr
                0x00002c4c       0x10 ./SDK/platform/drivers/src/edma/edma_driver.o
                0x00002c4c                EDMA_DRV_GetDmaRegBaseAddr
 .text.CLOCK_SYS_GetCurrentRunMode
                0x00002c5c       0x24 ./SDK/platform/drivers/src/clock/S32K1xx/clock_S32K1xx.o
 .text.CLOCK_SYS_GetSysOscFreq
                0x00002c80       0x1c ./SDK/platform/drivers/src/clock/S32K1xx/clock_S32K1xx.o
 .text.CLOCK_SYS_ConfigureSOSC
                0x00002c9c      0x12c ./SDK/platform/drivers/src/clock/S32K1xx/clock_S32K1xx.o
 .text.CLOCK_SYS_GetSircFreq
                0x00002dc8       0x2c ./SDK/platform/drivers/src/clock/S32K1xx/clock_S32K1xx.o
 .text.CLOCK_SYS_ConfigureSIRC
                0x00002df4       0xc4 ./SDK/platform/drivers/src/clock/S32K1xx/clock_S32K1xx.o
 .text.CLOCK_SYS_GetFircFreq
                0x00002eb8       0x20 ./SDK/platform/drivers/src/clock/S32K1xx/clock_S32K1xx.o
 .text.CLOCK_SYS_ConfigureFIRC
                0x00002ed8       0xb4 ./SDK/platform/drivers/src/clock/S32K1xx/clock_S32K1xx.o
 .text.CLOCK_SYS_GetSysPllFreq
                0x00002f8c       0x44 ./SDK/platform/drivers/src/clock/S32K1xx/clock_S32K1xx.o
 .text.CLOCK_SYS_ConfigureSPLL
                0x00002fd0      0x12c ./SDK/platform/drivers/src/clock/S32K1xx/clock_S32K1xx.o
 .text.CLOCK_SYS_SetSystemClockConfig
                0x000030fc      0x204 ./SDK/platform/drivers/src/clock/S32K1xx/clock_S32K1xx.o
 .text.CLOCK_SYS_TransitionSystemClock
                0x00003300       0x54 ./SDK/platform/drivers/src/clock/S32K1xx/clock_S32K1xx.o
 .text.CLOCK_SYS_GetSystemClockFreq
                0x00003354       0x80 ./SDK/platform/drivers/src/clock/S32K1xx/clock_S32K1xx.o
 .text.CLOCK_SYS_GetScgClkOutFreq
                0x000033d4       0x44 ./SDK/platform/drivers/src/clock/S32K1xx/clock_S32K1xx.o
 .text.CLOCK_SYS_GetSysAsyncFreq
                0x00003418       0xc0 ./SDK/platform/drivers/src/clock/S32K1xx/clock_S32K1xx.o
 .text.CLOCK_SYS_GetSimRtcClkFreq
                0x000034d8       0x50 ./SDK/platform/drivers/src/clock/S32K1xx/clock_S32K1xx.o
 .text.CLOCK_SYS_GetPeripheralClock
                0x00003528       0x78 ./SDK/platform/drivers/src/clock/S32K1xx/clock_S32K1xx.o
 .text.CLOCK_SYS_GetLpoFreq
                0x000035a0       0x4c ./SDK/platform/drivers/src/clock/S32K1xx/clock_S32K1xx.o
 .text.CLOCK_SYS_GetSimClkOutFreq
                0x000035ec       0x98 ./SDK/platform/drivers/src/clock/S32K1xx/clock_S32K1xx.o
 .text.CLOCK_DRV_Init
                0x00003684      0x590 ./SDK/platform/drivers/src/clock/S32K1xx/clock_S32K1xx.o
                0x00003684                CLOCK_DRV_Init
 .text.CLOCK_DRV_GetFreq
                0x00003c14      0x370 ./SDK/platform/drivers/src/clock/S32K1xx/clock_S32K1xx.o
                0x00003c14                CLOCK_DRV_GetFreq
 .text.CLOCK_SYS_Init
                0x00003f84       0x28 ./SDK/platform/drivers/src/clock/S32K1xx/clock_S32K1xx.o
                0x00003f84                CLOCK_SYS_Init
 .text.CLOCK_SYS_UpdateConfiguration
                0x00003fac       0xf4 ./SDK/platform/drivers/src/clock/S32K1xx/clock_S32K1xx.o
                0x00003fac                CLOCK_SYS_UpdateConfiguration
 .text.CLOCK_SYS_GetFreq
                0x000040a0        0x8 ./SDK/platform/drivers/src/clock/S32K1xx/clock_S32K1xx.o
                0x000040a0                CLOCK_SYS_GetFreq
 .text.init_data_bss
                0x000040a8       0xd8 ./SDK/platform/devices/startup.o
                0x000040a8                init_data_bss
 .text.SystemInit
                0x00004180       0x3c ./SDK/platform/devices/S32K144/startup/system_S32K144.o
                0x00004180                SystemInit
 .text.memset   0x000041bc       0x10 C:/NXP/S32DS_ARM_v2018.R1/Cross_Tools/gcc-6.3-arm32-eabi/arm-none-eabi/newlib/lib/thumb/v7e-m/fpv4-sp/hard\libc_nano.a(lib_a-memset.o)
                0x000041bc                memset
 *(.rodata)
 *(.rodata*)
 .rodata.g_ftmBase
                0x000041cc       0x10 ./SDK/platform/drivers/src/ftm/ftm_common.o
                0x000041cc                g_ftmBase
 .rodata.g_ftmExtClockSel
                0x000041dc        0x8 ./SDK/platform/drivers/src/ftm/ftm_common.o
 .rodata.g_ftmIrqId
                0x000041e4       0x20 ./SDK/platform/drivers/src/ftm/ftm_common.o
                0x000041e4                g_ftmIrqId
 .rodata.g_ftmOverflowIrqId
                0x00004204        0x4 ./SDK/platform/drivers/src/ftm/ftm_common.o
                0x00004204                g_ftmOverflowIrqId
 .rodata.payload_code.7341
                0x00004208       0x41 ./SDK/platform/drivers/src/flexcan/flexcan_hw_access.o
 *fill*         0x00004249        0x3 
 .rodata.g_flexcanBase
                0x0000424c        0xc ./SDK/platform/drivers/src/flexcan/flexcan_driver.o
 .rodata.g_flexcanBusOffIrqId
                0x00004258        0x3 ./SDK/platform/drivers/src/flexcan/flexcan_driver.o
 *fill*         0x0000425b        0x1 
 .rodata.g_flexcanErrorIrqId
                0x0000425c        0x3 ./SDK/platform/drivers/src/flexcan/flexcan_driver.o
 *fill*         0x0000425f        0x1 
 .rodata.g_flexcanOredMessageBufferIrqId
                0x00004260        0x6 ./SDK/platform/drivers/src/flexcan/flexcan_driver.o
 *fill*         0x00004266        0x2 
 .rodata.g_flexcanWakeUpIrqId
                0x00004268        0x3 ./SDK/platform/drivers/src/flexcan/flexcan_driver.o
 *fill*         0x0000426b        0x1 
 .rodata.clockNameMappings
                0x0000426c       0x9e ./SDK/platform/drivers/src/clock/S32K1xx/clock_S32K1xx.o
                0x0000426c                clockNameMappings
 *fill*         0x0000430a        0x2 
 .rodata.maxSysClksInHSRUN.7602
                0x0000430c       0x54 ./SDK/platform/drivers/src/clock/S32K1xx/clock_S32K1xx.o
 .rodata.maxSysClksInRUN.7601
                0x00004360       0x54 ./SDK/platform/drivers/src/clock/S32K1xx/clock_S32K1xx.o
 .rodata.maxSysClksInVLPR.7600
                0x000043b4       0x54 ./SDK/platform/drivers/src/clock/S32K1xx/clock_S32K1xx.o
 .rodata.peripheralFeaturesList
                0x00004408       0x4f ./SDK/platform/drivers/src/clock/S32K1xx/clock_S32K1xx.o
                0x00004408                peripheralFeaturesList
 *fill*         0x00004457        0x1 
 .rodata.lpit1_InitConfig
                0x00004458        0x2 ./Generated_Code/lpit1.o
                0x00004458                lpit1_InitConfig
 *fill*         0x0000445a        0x2 
 .rodata.can_pal1_Config0
                0x0000445c       0x34 ./Generated_Code/can_pal1.o
                0x0000445c                can_pal1_Config0
 .rodata.can_pal1_instance
                0x00004490        0x8 ./Generated_Code/can_pal1.o
                0x00004490                can_pal1_instance
 *(.init)
 .init          0x00004498        0x4 c:/nxp/s32ds_arm_v2018.r1/cross_tools/gcc-6.3-arm32-eabi/bin/../lib/gcc/arm-none-eabi/6.3.1/thumb/v7e-m/fpv4-sp/hard/crti.o
                0x00004498                _init
 *(.fini)
 .fini          0x0000449c        0x4 c:/nxp/s32ds_arm_v2018.r1/cross_tools/gcc-6.3-arm32-eabi/bin/../lib/gcc/arm-none-eabi/6.3.1/thumb/v7e-m/fpv4-sp/hard/crti.o
                0x0000449c                _fini
 *(.eh_frame)
                0x000044a0                . = ALIGN (0x4)

.glue_7         0x000044a0        0x0
 .glue_7        0x000044a0        0x0 linker stubs

.glue_7t        0x000044a0        0x0
 .glue_7t       0x000044a0        0x0 linker stubs

.vfp11_veneer   0x000044a0        0x0
 .vfp11_veneer  0x000044a0        0x0 linker stubs

.v4_bx          0x000044a0        0x0
 .v4_bx         0x000044a0        0x0 linker stubs

.iplt           0x000044a0        0x0
 .iplt          0x000044a0        0x0 c:/nxp/s32ds_arm_v2018.r1/cross_tools/gcc-6.3-arm32-eabi/bin/../lib/gcc/arm-none-eabi/6.3.1/thumb/v7e-m/fpv4-sp/hard/crtbegin.o

.ARM            0x000044a0        0x8
                0x000044a0                __exidx_start = .
 *(.ARM.exidx*)
 .ARM.exidx     0x000044a0        0x8 c:/nxp/s32ds_arm_v2018.r1/cross_tools/gcc-6.3-arm32-eabi/bin/../lib/gcc/arm-none-eabi/6.3.1/thumb/v7e-m/fpv4-sp/hard\libgcc.a(_udivmoddi4.o)
                0x000044a8                __exidx_end = .
                0x000044a8                __etext = .
                0x000044a8                __DATA_ROM = .

.rel.dyn        0x000044a8        0x0
 .rel.iplt      0x000044a8        0x0 c:/nxp/s32ds_arm_v2018.r1/cross_tools/gcc-6.3-arm32-eabi/bin/../lib/gcc/arm-none-eabi/6.3.1/thumb/v7e-m/fpv4-sp/hard/crtbegin.o

.interrupts_ram
                0x1fff8000      0x400
                0x1fff8000                . = ALIGN (0x4)
                0x1fff8000                __VECTOR_RAM__ = .
                0x1fff8000                __RAM_START = .
                0x1fff8000                __interrupts_ram_start__ = .
 *(.m_interrupts_ram)
                0x1fff8400                . = (. + M_VECTOR_RAM_SIZE)
 *fill*         0x1fff8000      0x400 
                0x1fff8400                . = ALIGN (0x4)
                0x1fff8400                __interrupts_ram_end__ = .
                0x1fff8000                __VECTOR_RAM = DEFINED (__flash_vector_table__)?ORIGIN (m_interrupts):__VECTOR_RAM__
                0x00000400                __RAM_VECTOR_TABLE_SIZE = DEFINED (__flash_vector_table__)?0x0:(__interrupts_ram_end__ - __interrupts_ram_start__)

.data           0x1fff8400      0x28c load address 0x000044a8
                0x1fff8400                . = ALIGN (0x4)
                0x1fff8400                __DATA_RAM = .
                0x1fff8400                __data_start__ = .
 *(.data)
 *(.data*)
 .data.peripheralClockConfig.7364
                0x1fff8400       0xa0 ./SDK/platform/drivers/src/clock/S32K1xx/clock_S32K1xx.o
 .data.g_pin_mux_InitConfigArr
                0x1fff84a0       0xc0 ./Generated_Code/pin_mux.o
                0x1fff84a0                g_pin_mux_InitConfigArr
 .data.lpit1_ChnConfig0
                0x1fff8560       0x18 ./Generated_Code/lpit1.o
                0x1fff8560                lpit1_ChnConfig0
 .data.flexTimer_pwm1_InitConfig
                0x1fff8578       0x12 ./Generated_Code/flexTimer_pwm1.o
                0x1fff8578                flexTimer_pwm1_InitConfig
 *fill*         0x1fff858a        0x2 
 .data.flexTimer_ic1_InitConfig
                0x1fff858c       0x12 ./Generated_Code/flexTimer_ic1.o
                0x1fff858c                flexTimer_ic1_InitConfig
 *fill*         0x1fff859e        0x2 
 .data.flexTimer_ic1_InputCaptureChannelConfig
                0x1fff85a0       0x10 ./Generated_Code/flexTimer_ic1.o
                0x1fff85a0                flexTimer_ic1_InputCaptureChannelConfig
 .data.flexTimer_ic1_InputCaptureConfig
                0x1fff85b0        0x8 ./Generated_Code/flexTimer_ic1.o
                0x1fff85b0                flexTimer_ic1_InputCaptureConfig
 .data.clockMan1_InitConfig0
                0x1fff85b8       0x78 ./Generated_Code/clockMan1.o
                0x1fff85b8                clockMan1_InitConfig0
 .data.g_clockManConfigsArr
                0x1fff8630        0x4 ./Generated_Code/clockMan1.o
                0x1fff8630                g_clockManConfigsArr
 .data.peripheralClockConfig0
                0x1fff8634       0x55 ./Generated_Code/clockMan1.o
                0x1fff8634                peripheralClockConfig0
                0x1fff868c                . = ALIGN (0x4)
 *fill*         0x1fff8689        0x3 
                0x1fff868c                __data_end__ = .
                0x00004734                __DATA_END = (__DATA_ROM + (__data_end__ - __data_start__))
                0x00004734                __CODE_ROM = __DATA_END

.igot.plt       0x1fff868c        0x0 load address 0x00004734
 .igot.plt      0x1fff868c        0x0 c:/nxp/s32ds_arm_v2018.r1/cross_tools/gcc-6.3-arm32-eabi/bin/../lib/gcc/arm-none-eabi/6.3.1/thumb/v7e-m/fpv4-sp/hard/crtbegin.o

.code           0x1fff868c        0x0 load address 0x00004734
                0x1fff868c                . = ALIGN (0x4)
                0x1fff868c                __CODE_RAM = .
                0x1fff868c                __code_start__ = .
                0x1fff868c                __code_ram_start__ = .
 *(.code_ram)
                0x1fff868c                . = ALIGN (0x4)
                0x1fff868c                __code_end__ = .
                0x1fff868c                __code_ram_end__ = .
                0x00004734                __CODE_END = (__CODE_ROM + (__code_end__ - __code_start__))
                0x00004734                __CUSTOM_ROM = __CODE_END

.customSectionBlock
                0x20000000        0x0 load address 0x00004734
                0x20000000                __customSection_start__ = .
 *(.customSection)
                0x20000000                __customSection_end__ = .
                0x00004734                __CUSTOM_END = (__CUSTOM_ROM + (__customSection_end__ - __customSection_start__))

.bss            0x20000000      0x1f4
                0x20000000                . = ALIGN (0x4)
                0x20000000                __BSS_START = .
                0x20000000                __bss_start__ = .
 *(.bss)
 *(.bss*)
 .bss.s_osif_tick_cnt
                0x20000000        0x4 ./SDK/rtos/osif/osif_baremetal.o
 .bss.s_flexcanRxFifoState
                0x20000004        0x2 ./SDK/platform/pal/src/can/can_pal.o
 *fill*         0x20000006        0x2 
 .bss.s_flexcanState
                0x20000008      0x114 ./SDK/platform/pal/src/can/can_pal.o
 .bss.s_flexcanStateInstanceMapping
                0x2000011c        0x4 ./SDK/platform/pal/src/can/can_pal.o
 .bss.s_flexcanStateIsAllocated
                0x20000120        0x1 ./SDK/platform/pal/src/can/can_pal.o
 *fill*         0x20000121        0x3 
 .bss.s_hwObjConfigs
                0x20000124       0x80 ./SDK/platform/pal/src/can/can_pal.o
 .bss.s_lpitSourceClockFrequency
                0x200001a4        0x4 ./SDK/platform/drivers/src/lpit/lpit_driver.o
 .bss.g_interruptDisableCount
                0x200001a8        0x4 ./SDK/platform/drivers/src/interrupt/interrupt_manager.o
 .bss.ftmStatePtr
                0x200001ac       0x10 ./SDK/platform/drivers/src/ftm/ftm_common.o
                0x200001ac                ftmStatePtr
 .bss.g_flexcanStatePtr
                0x200001bc        0xc ./SDK/platform/drivers/src/flexcan/flexcan_driver.o
 .bss.s_virtEdmaState
                0x200001c8        0x4 ./SDK/platform/drivers/src/edma/edma_driver.o
 .bss.g_clockState
                0x200001cc       0x10 ./SDK/platform/drivers/src/clock/S32K1xx/clock_S32K1xx.o
 .bss.g_clockManCallbacksArr
                0x200001dc        0x4 ./Generated_Code/clockMan1.o
                0x200001dc                g_clockManCallbacksArr
 *(COMMON)
 COMMON         0x200001e0       0x14 ./SDK/platform/drivers/src/clock/S32K1xx/clock_S32K1xx.o
                0x200001e0                g_xtal0ClkFreq
                0x200001e4                g_RtcClkInFreq
                0x200001e8                g_TClkFreq
                0x200001f4                . = ALIGN (0x4)
                0x200001f4                __bss_end__ = .
                0x200001f4                __BSS_END = .

.heap           0x200001f4      0x404
                0x200001f8                . = ALIGN (0x8)
 *fill*         0x200001f4        0x4 
                0x200001f8                __end__ = .
                0x200001f8                __heap_start__ = .
                [!provide]                PROVIDE (end, .)
                [!provide]                PROVIDE (_end, .)
                [!provide]                PROVIDE (__end, .)
                0x200001f8                __HeapBase = .
                0x200005f8                . = (. + HEAP_SIZE)
 *fill*         0x200001f8      0x400 
                0x200005f8                __HeapLimit = .
                0x200005f8                __heap_limit = .
                0x200005f8                __heap_end__ = .
                0x20007000                __StackTop = (ORIGIN (m_data_2) + LENGTH (m_data_2))
                0x20006c00                __StackLimit = (__StackTop - STACK_SIZE)
                0x20007000                PROVIDE (__stack, __StackTop)
                0x20007000                __RAM_END = __StackTop

.stack          0x20006c00      0x400
                0x20006c00                . = ALIGN (0x8)
                0x20006c00                __stack_start__ = .
                0x20007000                . = (. + STACK_SIZE)
 *fill*         0x20006c00      0x400 
                0x20007000                __stack_end__ = .

.ARM.attributes
                0x00000000       0x30
 *(.ARM.attributes)
 .ARM.attributes
                0x00000000       0x22 c:/nxp/s32ds_arm_v2018.r1/cross_tools/gcc-6.3-arm32-eabi/bin/../lib/gcc/arm-none-eabi/6.3.1/thumb/v7e-m/fpv4-sp/hard/crti.o
 .ARM.attributes
                0x00000022       0x39 ./Sources/main.o
 .ARM.attributes
                0x0000005b       0x39 ./SDK/rtos/osif/osif_baremetal.o
 .ARM.attributes
                0x00000094       0x39 ./SDK/platform/pal/src/can/can_pal.o
 .ARM.attributes
                0x000000cd       0x39 ./SDK/platform/drivers/src/pins/pins_port_hw_access.o
 .ARM.attributes
                0x00000106       0x39 ./SDK/platform/drivers/src/pins/pins_driver.o
 .ARM.attributes
                0x0000013f       0x39 ./SDK/platform/drivers/src/lpit/lpit_driver.o
 .ARM.attributes
                0x00000178       0x39 ./SDK/platform/drivers/src/interrupt/interrupt_manager.o
 .ARM.attributes
                0x000001b1       0x39 ./SDK/platform/drivers/src/ftm/ftm_ic_driver.o
 .ARM.attributes
                0x000001ea       0x39 ./SDK/platform/drivers/src/ftm/ftm_hw_access.o
 .ARM.attributes
                0x00000223       0x39 ./SDK/platform/drivers/src/ftm/ftm_common.o
 .ARM.attributes
                0x0000025c       0x39 ./SDK/platform/drivers/src/flexcan/flexcan_irq.o
 .ARM.attributes
                0x00000295       0x39 ./SDK/platform/drivers/src/flexcan/flexcan_hw_access.o
 .ARM.attributes
                0x000002ce       0x39 ./SDK/platform/drivers/src/flexcan/flexcan_driver.o
 .ARM.attributes
                0x00000307       0x39 ./SDK/platform/drivers/src/edma/edma_irq.o
 .ARM.attributes
                0x00000340       0x39 ./SDK/platform/drivers/src/edma/edma_hw_access.o
 .ARM.attributes
                0x00000379       0x39 ./SDK/platform/drivers/src/edma/edma_driver.o
 .ARM.attributes
                0x000003b2       0x39 ./SDK/platform/drivers/src/clock/S32K1xx/clock_S32K1xx.o
 .ARM.attributes
                0x000003eb       0x39 ./SDK/platform/devices/startup.o
 .ARM.attributes
                0x00000424       0x39 ./SDK/platform/devices/S32K144/startup/system_S32K144.o
 .ARM.attributes
                0x0000045d       0x1f ./Project_Settings/Startup_Code/startup_S32K144.o
 .ARM.attributes
                0x0000047c       0x39 ./Generated_Code/pin_mux.o
 .ARM.attributes
                0x000004b5       0x39 ./Generated_Code/lpit1.o
 .ARM.attributes
                0x000004ee       0x39 ./Generated_Code/flexTimer_pwm1.o
 .ARM.attributes
                0x00000527       0x39 ./Generated_Code/flexTimer_ic1.o
 .ARM.attributes
                0x00000560       0x39 ./Generated_Code/clockMan1.o
 .ARM.attributes
                0x00000599       0x39 ./Generated_Code/can_pal1.o
 .ARM.attributes
                0x000005d2       0x34 C:/NXP/S32DS_ARM_v2018.R1/Cross_Tools/gcc-6.3-arm32-eabi/arm-none-eabi/newlib/lib/thumb/v7e-m/fpv4-sp/hard\libc_nano.a(lib_a-memset.o)
 .ARM.attributes
                0x00000606       0x22 c:/nxp/s32ds_arm_v2018.r1/cross_tools/gcc-6.3-arm32-eabi/bin/../lib/gcc/arm-none-eabi/6.3.1/thumb/v7e-m/fpv4-sp/hard\libgcc.a(_aeabi_uldivmod.o)
 .ARM.attributes
                0x00000628       0x34 c:/nxp/s32ds_arm_v2018.r1/cross_tools/gcc-6.3-arm32-eabi/bin/../lib/gcc/arm-none-eabi/6.3.1/thumb/v7e-m/fpv4-sp/hard\libgcc.a(_udivmoddi4.o)
 .ARM.attributes
                0x0000065c       0x22 c:/nxp/s32ds_arm_v2018.r1/cross_tools/gcc-6.3-arm32-eabi/bin/../lib/gcc/arm-none-eabi/6.3.1/thumb/v7e-m/fpv4-sp/hard\libgcc.a(_dvmd_tls.o)
                0x00000001                ASSERT ((__StackLimit >= __HeapLimit), region m_data_2 overflowed with stack and heap)
OUTPUT(TEST.elf elf32-littlearm)

.debug_info     0x00000000    0x340da
 .debug_info    0x00000000     0x3c12 ./Sources/main.o
 .debug_info    0x00003c12      0xba7 ./SDK/rtos/osif/osif_baremetal.o
 .debug_info    0x000047b9     0x2094 ./SDK/platform/pal/src/can/can_pal.o
 .debug_info    0x0000684d      0x9a5 ./SDK/platform/drivers/src/pins/pins_port_hw_access.o
 .debug_info    0x000071f2     0x14ba ./SDK/platform/drivers/src/pins/pins_driver.o
 .debug_info    0x000086ac     0x217b ./SDK/platform/drivers/src/lpit/lpit_driver.o
 .debug_info    0x0000a827      0xb9d ./SDK/platform/drivers/src/interrupt/interrupt_manager.o
 .debug_info    0x0000b3c4     0x2635 ./SDK/platform/drivers/src/ftm/ftm_ic_driver.o
 .debug_info    0x0000d9f9      0x9c4 ./SDK/platform/drivers/src/ftm/ftm_hw_access.o
 .debug_info    0x0000e3bd     0x305d ./SDK/platform/drivers/src/ftm/ftm_common.o
 .debug_info    0x0001141a      0x275 ./SDK/platform/drivers/src/flexcan/flexcan_irq.o
 .debug_info    0x0001168f     0x1e9c ./SDK/platform/drivers/src/flexcan/flexcan_hw_access.o
 .debug_info    0x0001352b     0x55e6 ./SDK/platform/drivers/src/flexcan/flexcan_driver.o
 .debug_info    0x00018b11      0x6db ./SDK/platform/drivers/src/edma/edma_irq.o
 .debug_info    0x000191ec      0xa55 ./SDK/platform/drivers/src/edma/edma_hw_access.o
 .debug_info    0x00019c41     0x479e ./SDK/platform/drivers/src/edma/edma_driver.o
 .debug_info    0x0001e3df     0x606d ./SDK/platform/drivers/src/clock/S32K1xx/clock_S32K1xx.o
 .debug_info    0x0002444c      0x2ad ./SDK/platform/devices/startup.o
 .debug_info    0x000246f9      0x521 ./SDK/platform/devices/S32K144/startup/system_S32K144.o
 .debug_info    0x00024c1a       0x26 ./Project_Settings/Startup_Code/startup_S32K144.o
 .debug_info    0x00024c40      0x40a ./Generated_Code/pin_mux.o
 .debug_info    0x0002504a     0x2fda ./Generated_Code/lpit1.o
 .debug_info    0x00028024     0x2ff4 ./Generated_Code/flexTimer_pwm1.o
 .debug_info    0x0002b018     0x2fe6 ./Generated_Code/flexTimer_ic1.o
 .debug_info    0x0002dffe     0x3102 ./Generated_Code/clockMan1.o
 .debug_info    0x00031100     0x2fda ./Generated_Code/can_pal1.o

.debug_abbrev   0x00000000     0x3ae1
 .debug_abbrev  0x00000000      0x298 ./Sources/main.o
 .debug_abbrev  0x00000298      0x2df ./SDK/rtos/osif/osif_baremetal.o
 .debug_abbrev  0x00000577      0x324 ./SDK/platform/pal/src/can/can_pal.o
 .debug_abbrev  0x0000089b      0x232 ./SDK/platform/drivers/src/pins/pins_port_hw_access.o
 .debug_abbrev  0x00000acd      0x2f6 ./SDK/platform/drivers/src/pins/pins_driver.o
 .debug_abbrev  0x00000dc3      0x38e ./SDK/platform/drivers/src/lpit/lpit_driver.o
 .debug_abbrev  0x00001151      0x24e ./SDK/platform/drivers/src/interrupt/interrupt_manager.o
 .debug_abbrev  0x0000139f      0x368 ./SDK/platform/drivers/src/ftm/ftm_ic_driver.o
 .debug_abbrev  0x00001707      0x1ca ./SDK/platform/drivers/src/ftm/ftm_hw_access.o
 .debug_abbrev  0x000018d1      0x375 ./SDK/platform/drivers/src/ftm/ftm_common.o
 .debug_abbrev  0x00001c46       0x6d ./SDK/platform/drivers/src/flexcan/flexcan_irq.o
 .debug_abbrev  0x00001cb3      0x396 ./SDK/platform/drivers/src/flexcan/flexcan_hw_access.o
 .debug_abbrev  0x00002049      0x43e ./SDK/platform/drivers/src/flexcan/flexcan_driver.o
 .debug_abbrev  0x00002487      0x1b9 ./SDK/platform/drivers/src/edma/edma_irq.o
 .debug_abbrev  0x00002640      0x240 ./SDK/platform/drivers/src/edma/edma_hw_access.o
 .debug_abbrev  0x00002880      0x412 ./SDK/platform/drivers/src/edma/edma_driver.o
 .debug_abbrev  0x00002c92      0x409 ./SDK/platform/drivers/src/clock/S32K1xx/clock_S32K1xx.o
 .debug_abbrev  0x0000309b       0xe1 ./SDK/platform/devices/startup.o
 .debug_abbrev  0x0000317c      0x141 ./SDK/platform/devices/S32K144/startup/system_S32K144.o
 .debug_abbrev  0x000032bd       0x14 ./Project_Settings/Startup_Code/startup_S32K144.o
 .debug_abbrev  0x000032d1       0xcd ./Generated_Code/pin_mux.o
 .debug_abbrev  0x0000339e      0x16f ./Generated_Code/lpit1.o
 .debug_abbrev  0x0000350d      0x16f ./Generated_Code/flexTimer_pwm1.o
 .debug_abbrev  0x0000367c      0x17a ./Generated_Code/flexTimer_ic1.o
 .debug_abbrev  0x000037f6      0x17c ./Generated_Code/clockMan1.o
 .debug_abbrev  0x00003972      0x16f ./Generated_Code/can_pal1.o

.debug_loc      0x00000000    0x15ab3
 .debug_loc     0x00000000       0x14 ./Sources/main.o
 .debug_loc     0x00000014      0x353 ./SDK/rtos/osif/osif_baremetal.o
 .debug_loc     0x00000367     0x15d8 ./SDK/platform/pal/src/can/can_pal.o
 .debug_loc     0x0000193f      0x639 ./SDK/platform/drivers/src/pins/pins_port_hw_access.o
 .debug_loc     0x00001f78      0x7c7 ./SDK/platform/drivers/src/pins/pins_driver.o
 .debug_loc     0x0000273f     0x1342 ./SDK/platform/drivers/src/lpit/lpit_driver.o
 .debug_loc     0x00003a81      0x63c ./SDK/platform/drivers/src/interrupt/interrupt_manager.o
 .debug_loc     0x000040bd     0x1b25 ./SDK/platform/drivers/src/ftm/ftm_ic_driver.o
 .debug_loc     0x00005be2      0x24f ./SDK/platform/drivers/src/ftm/ftm_hw_access.o
 .debug_loc     0x00005e31     0x1e0f ./SDK/platform/drivers/src/ftm/ftm_common.o
 .debug_loc     0x00007c40     0x1c70 ./SDK/platform/drivers/src/flexcan/flexcan_hw_access.o
 .debug_loc     0x000098b0     0x379d ./SDK/platform/drivers/src/flexcan/flexcan_driver.o
 .debug_loc     0x0000d04d       0x50 ./SDK/platform/drivers/src/edma/edma_irq.o
 .debug_loc     0x0000d09d      0x7b9 ./SDK/platform/drivers/src/edma/edma_hw_access.o
 .debug_loc     0x0000d856     0x3263 ./SDK/platform/drivers/src/edma/edma_driver.o
 .debug_loc     0x00010ab9     0x4e23 ./SDK/platform/drivers/src/clock/S32K1xx/clock_S32K1xx.o
 .debug_loc     0x000158dc       0xec ./SDK/platform/devices/startup.o
 .debug_loc     0x000159c8       0xeb ./SDK/platform/devices/S32K144/startup/system_S32K144.o

.debug_aranges  0x00000000      0xcd0
 .debug_aranges
                0x00000000       0x30 ./Sources/main.o
 .debug_aranges
                0x00000030       0x70 ./SDK/rtos/osif/osif_baremetal.o
 .debug_aranges
                0x000000a0       0xa8 ./SDK/platform/pal/src/can/can_pal.o
 .debug_aranges
                0x00000148       0x40 ./SDK/platform/drivers/src/pins/pins_port_hw_access.o
 .debug_aranges
                0x00000188       0xe0 ./SDK/platform/drivers/src/pins/pins_driver.o
 .debug_aranges
                0x00000268       0xb0 ./SDK/platform/drivers/src/lpit/lpit_driver.o
 .debug_aranges
                0x00000318       0x70 ./SDK/platform/drivers/src/interrupt/interrupt_manager.o
 .debug_aranges
                0x00000388       0xc8 ./SDK/platform/drivers/src/ftm/ftm_ic_driver.o
 .debug_aranges
                0x00000450       0x38 ./SDK/platform/drivers/src/ftm/ftm_hw_access.o
 .debug_aranges
                0x00000488       0xc8 ./SDK/platform/drivers/src/ftm/ftm_common.o
 .debug_aranges
                0x00000550       0x80 ./SDK/platform/drivers/src/flexcan/flexcan_irq.o
 .debug_aranges
                0x000005d0       0xe8 ./SDK/platform/drivers/src/flexcan/flexcan_hw_access.o
 .debug_aranges
                0x000006b8      0x190 ./SDK/platform/drivers/src/flexcan/flexcan_driver.o
 .debug_aranges
                0x00000848       0xa0 ./SDK/platform/drivers/src/edma/edma_irq.o
 .debug_aranges
                0x000008e8       0x88 ./SDK/platform/drivers/src/edma/edma_hw_access.o
 .debug_aranges
                0x00000970      0x140 ./SDK/platform/drivers/src/edma/edma_driver.o
 .debug_aranges
                0x00000ab0      0x120 ./SDK/platform/drivers/src/clock/S32K1xx/clock_S32K1xx.o
 .debug_aranges
                0x00000bd0       0x20 ./SDK/platform/devices/startup.o
 .debug_aranges
                0x00000bf0       0x30 ./SDK/platform/devices/S32K144/startup/system_S32K144.o
 .debug_aranges
                0x00000c20       0x20 ./Project_Settings/Startup_Code/startup_S32K144.o
 .debug_aranges
                0x00000c40       0x18 ./Generated_Code/pin_mux.o
 .debug_aranges
                0x00000c58       0x18 ./Generated_Code/lpit1.o
 .debug_aranges
                0x00000c70       0x18 ./Generated_Code/flexTimer_pwm1.o
 .debug_aranges
                0x00000c88       0x18 ./Generated_Code/flexTimer_ic1.o
 .debug_aranges
                0x00000ca0       0x18 ./Generated_Code/clockMan1.o
 .debug_aranges
                0x00000cb8       0x18 ./Generated_Code/can_pal1.o

.debug_ranges   0x00000000     0x13c8
 .debug_ranges  0x00000000       0x20 ./Sources/main.o
 .debug_ranges  0x00000020       0x98 ./SDK/rtos/osif/osif_baremetal.o
 .debug_ranges  0x000000b8       0xe0 ./SDK/platform/pal/src/can/can_pal.o
 .debug_ranges  0x00000198       0x48 ./SDK/platform/drivers/src/pins/pins_port_hw_access.o
 .debug_ranges  0x000001e0       0xd0 ./SDK/platform/drivers/src/pins/pins_driver.o
 .debug_ranges  0x000002b0      0x108 ./SDK/platform/drivers/src/lpit/lpit_driver.o
 .debug_ranges  0x000003b8       0x98 ./SDK/platform/drivers/src/interrupt/interrupt_manager.o
 .debug_ranges  0x00000450      0x2d0 ./SDK/platform/drivers/src/ftm/ftm_ic_driver.o
 .debug_ranges  0x00000720       0x28 ./SDK/platform/drivers/src/ftm/ftm_hw_access.o
 .debug_ranges  0x00000748      0x230 ./SDK/platform/drivers/src/ftm/ftm_common.o
 .debug_ranges  0x00000978       0x70 ./SDK/platform/drivers/src/flexcan/flexcan_irq.o
 .debug_ranges  0x000009e8      0x108 ./SDK/platform/drivers/src/flexcan/flexcan_hw_access.o
 .debug_ranges  0x00000af0      0x2a0 ./SDK/platform/drivers/src/flexcan/flexcan_driver.o
 .debug_ranges  0x00000d90       0x90 ./SDK/platform/drivers/src/edma/edma_irq.o
 .debug_ranges  0x00000e20       0x90 ./SDK/platform/drivers/src/edma/edma_hw_access.o
 .debug_ranges  0x00000eb0      0x190 ./SDK/platform/drivers/src/edma/edma_driver.o
 .debug_ranges  0x00001040      0x358 ./SDK/platform/drivers/src/clock/S32K1xx/clock_S32K1xx.o
 .debug_ranges  0x00001398       0x10 ./SDK/platform/devices/startup.o
 .debug_ranges  0x000013a8       0x20 ./SDK/platform/devices/S32K144/startup/system_S32K144.o

.debug_macro    0x00000000    0x224c5
 .debug_macro   0x00000000      0x350 ./Sources/main.o
 .debug_macro   0x00000350      0x8d4 ./Sources/main.o
 .debug_macro   0x00000c24       0x10 ./Sources/main.o
 .debug_macro   0x00000c34       0x79 ./Sources/main.o
 .debug_macro   0x00000cad       0x19 ./Sources/main.o
 .debug_macro   0x00000cc6       0x22 ./Sources/main.o
 .debug_macro   0x00000ce8       0x4f ./Sources/main.o
 .debug_macro   0x00000d37       0x51 ./Sources/main.o
 .debug_macro   0x00000d88       0xef ./Sources/main.o
 .debug_macro   0x00000e77       0x6a ./Sources/main.o
 .debug_macro   0x00000ee1      0x1df ./Sources/main.o
 .debug_macro   0x000010c0     0xed1d ./Sources/main.o
 .debug_macro   0x0000fddd      0xb86 ./Sources/main.o
 .debug_macro   0x00010963       0x22 ./Sources/main.o
 .debug_macro   0x00010985       0x83 ./Sources/main.o
 .debug_macro   0x00010a08      0x16d ./Sources/main.o
 .debug_macro   0x00010b75       0x16 ./Sources/main.o
 .debug_macro   0x00010b8b       0x10 ./Sources/main.o
 .debug_macro   0x00010b9b       0x16 ./Sources/main.o
 .debug_macro   0x00010bb1       0xbf ./Sources/main.o
 .debug_macro   0x00010c70       0x10 ./Sources/main.o
 .debug_macro   0x00010c80       0x16 ./Sources/main.o
 .debug_macro   0x00010c96       0x28 ./Sources/main.o
 .debug_macro   0x00010cbe       0x16 ./Sources/main.o
 .debug_macro   0x00010cd4       0x10 ./Sources/main.o
 .debug_macro   0x00010ce4       0x16 ./Sources/main.o
 .debug_macro   0x00010cfa       0x10 ./Sources/main.o
 .debug_macro   0x00010d0a       0x10 ./Sources/main.o
 .debug_macro   0x00010d1a       0x10 ./Sources/main.o
 .debug_macro   0x00010d2a       0x52 ./Sources/main.o
 .debug_macro   0x00010d7c       0x3c ./Sources/main.o
 .debug_macro   0x00010db8       0x9c ./Sources/main.o
 .debug_macro   0x00010e54       0x16 ./Sources/main.o
 .debug_macro   0x00010e6a       0x35 ./Sources/main.o
 .debug_macro   0x00010e9f      0x330 ./Sources/main.o
 .debug_macro   0x000111cf       0x10 ./Sources/main.o
 .debug_macro   0x000111df       0x52 ./Sources/main.o
 .debug_macro   0x00011231       0x1f ./Sources/main.o
 .debug_macro   0x00011250       0x43 ./Sources/main.o
 .debug_macro   0x00011293       0x20 ./Sources/main.o
 .debug_macro   0x000112b3      0x1a3 ./Sources/main.o
 .debug_macro   0x00011456       0x10 ./Sources/main.o
 .debug_macro   0x00011466       0xb6 ./Sources/main.o
 .debug_macro   0x0001151c       0x16 ./Sources/main.o
 .debug_macro   0x00011532      0x130 ./Sources/main.o
 .debug_macro   0x00011662       0x16 ./Sources/main.o
 .debug_macro   0x00011678       0xfb ./SDK/rtos/osif/osif_baremetal.o
 .debug_macro   0x00011773     0xed32 ./SDK/rtos/osif/osif_baremetal.o
 .debug_macro   0x000204a5      0x100 ./SDK/platform/pal/src/can/can_pal.o
 .debug_macro   0x000205a5       0x10 ./SDK/platform/pal/src/can/can_pal.o
 .debug_macro   0x000205b5       0xde ./SDK/platform/drivers/src/pins/pins_port_hw_access.o
 .debug_macro   0x00020693       0xde ./SDK/platform/drivers/src/pins/pins_driver.o
 .debug_macro   0x00020771       0xf7 ./SDK/platform/drivers/src/lpit/lpit_driver.o
 .debug_macro   0x00020868       0xb7 ./SDK/platform/drivers/src/interrupt/interrupt_manager.o
 .debug_macro   0x0002091f      0x11c ./SDK/platform/drivers/src/ftm/ftm_ic_driver.o
 .debug_macro   0x00020a3b      0x107 ./SDK/platform/drivers/src/ftm/ftm_hw_access.o
 .debug_macro   0x00020b42      0x10e ./SDK/platform/drivers/src/ftm/ftm_common.o
 .debug_macro   0x00020c50       0xb7 ./SDK/platform/drivers/src/flexcan/flexcan_irq.o
 .debug_macro   0x00020d07      0x165 ./SDK/platform/drivers/src/flexcan/flexcan_hw_access.o
 .debug_macro   0x00020e6c       0x4c ./SDK/platform/drivers/src/flexcan/flexcan_hw_access.o
 .debug_macro   0x00020eb8       0x55 ./SDK/platform/drivers/src/flexcan/flexcan_hw_access.o
 .debug_macro   0x00020f0d       0x16 ./SDK/platform/drivers/src/flexcan/flexcan_hw_access.o
 .debug_macro   0x00020f23       0x57 ./SDK/platform/drivers/src/flexcan/flexcan_hw_access.o
 .debug_macro   0x00020f7a      0x186 ./SDK/platform/drivers/src/flexcan/flexcan_hw_access.o
 .debug_macro   0x00021100      0x19b ./SDK/platform/drivers/src/flexcan/flexcan_driver.o
 .debug_macro   0x0002129b       0xd0 ./SDK/platform/drivers/src/edma/edma_irq.o
 .debug_macro   0x0002136b       0xcc ./SDK/platform/drivers/src/edma/edma_hw_access.o
 .debug_macro   0x00021437       0xf7 ./SDK/platform/drivers/src/edma/edma_driver.o
 .debug_macro   0x0002152e      0x2a3 ./SDK/platform/drivers/src/clock/S32K1xx/clock_S32K1xx.o
 .debug_macro   0x000217d1       0xb6 ./SDK/platform/devices/startup.o
 .debug_macro   0x00021887       0x40 ./SDK/platform/devices/startup.o
 .debug_macro   0x000218c7       0xb6 ./SDK/platform/devices/S32K144/startup/system_S32K144.o
 .debug_macro   0x0002197d       0xdd ./Generated_Code/pin_mux.o
 .debug_macro   0x00021a5a      0x215 ./Generated_Code/lpit1.o
 .debug_macro   0x00021c6f       0x10 ./Generated_Code/lpit1.o
 .debug_macro   0x00021c7f      0x216 ./Generated_Code/flexTimer_pwm1.o
 .debug_macro   0x00021e95      0x216 ./Generated_Code/flexTimer_ic1.o
 .debug_macro   0x000220ab      0x20b ./Generated_Code/clockMan1.o
 .debug_macro   0x000222b6      0x20f ./Generated_Code/can_pal1.o

.debug_line     0x00000000     0xd07e
 .debug_line    0x00000000      0x823 ./Sources/main.o
 .debug_line    0x00000823      0x634 ./SDK/rtos/osif/osif_baremetal.o
 .debug_line    0x00000e57      0xb51 ./SDK/platform/pal/src/can/can_pal.o
 .debug_line    0x000019a8      0x598 ./SDK/platform/drivers/src/pins/pins_port_hw_access.o
 .debug_line    0x00001f40      0x6d9 ./SDK/platform/drivers/src/pins/pins_driver.o
 .debug_line    0x00002619      0x91c ./SDK/platform/drivers/src/lpit/lpit_driver.o
 .debug_line    0x00002f35      0x57e ./SDK/platform/drivers/src/interrupt/interrupt_manager.o
 .debug_line    0x000034b3      0xafe ./SDK/platform/drivers/src/ftm/ftm_ic_driver.o
 .debug_line    0x00003fb1      0x57a ./SDK/platform/drivers/src/ftm/ftm_hw_access.o
 .debug_line    0x0000452b      0xafc ./SDK/platform/drivers/src/ftm/ftm_common.o
 .debug_line    0x00005027      0x48d ./SDK/platform/drivers/src/flexcan/flexcan_irq.o
 .debug_line    0x000054b4      0xa70 ./SDK/platform/drivers/src/flexcan/flexcan_hw_access.o
 .debug_line    0x00005f24     0x11a5 ./SDK/platform/drivers/src/flexcan/flexcan_driver.o
 .debug_line    0x000070c9      0x567 ./SDK/platform/drivers/src/edma/edma_irq.o
 .debug_line    0x00007630      0x600 ./SDK/platform/drivers/src/edma/edma_hw_access.o
 .debug_line    0x00007c30     0x1073 ./SDK/platform/drivers/src/edma/edma_driver.o
 .debug_line    0x00008ca3     0x1495 ./SDK/platform/drivers/src/clock/S32K1xx/clock_S32K1xx.o
 .debug_line    0x0000a138      0x399 ./SDK/platform/devices/startup.o
 .debug_line    0x0000a4d1      0x40c ./SDK/platform/devices/S32K144/startup/system_S32K144.o
 .debug_line    0x0000a8dd       0xcc ./Project_Settings/Startup_Code/startup_S32K144.o
 .debug_line    0x0000a9a9      0x3db ./Generated_Code/pin_mux.o
 .debug_line    0x0000ad84      0x6fa ./Generated_Code/lpit1.o
 .debug_line    0x0000b47e      0x703 ./Generated_Code/flexTimer_pwm1.o
 .debug_line    0x0000bb81      0x702 ./Generated_Code/flexTimer_ic1.o
 .debug_line    0x0000c283      0x6fe ./Generated_Code/clockMan1.o
 .debug_line    0x0000c981      0x6fd ./Generated_Code/can_pal1.o

.debug_str      0x00000000    0x79b39
 .debug_str     0x00000000    0x7135e ./Sources/main.o
                              0x71a72 (size before relaxing)
 .debug_str     0x0007135e      0x281 ./SDK/rtos/osif/osif_baremetal.o
                              0x6995b (size before relaxing)
 .debug_str     0x000715df      0x701 ./SDK/platform/pal/src/can/can_pal.o
                              0x6a290 (size before relaxing)
 .debug_str     0x00071ce0      0x397 ./SDK/platform/drivers/src/pins/pins_port_hw_access.o
                              0x68ff1 (size before relaxing)
 .debug_str     0x00072077      0x4cd ./SDK/platform/drivers/src/pins/pins_driver.o
                              0x69b09 (size before relaxing)
 .debug_str     0x00072544      0x653 ./SDK/platform/drivers/src/lpit/lpit_driver.o
                              0x6a621 (size before relaxing)
 .debug_str     0x00072b97      0x212 ./SDK/platform/drivers/src/interrupt/interrupt_manager.o
                              0x68e2c (size before relaxing)
 .debug_str     0x00072da9      0x5da ./SDK/platform/drivers/src/ftm/ftm_ic_driver.o
                              0x6ace6 (size before relaxing)
 .debug_str     0x00073383       0xd9 ./SDK/platform/drivers/src/ftm/ftm_hw_access.o
                              0x69ddc (size before relaxing)
 .debug_str     0x0007345c      0xb07 ./SDK/platform/drivers/src/ftm/ftm_common.o
                              0x6b7e5 (size before relaxing)
 .debug_str     0x00073f63      0x1ff ./SDK/platform/drivers/src/flexcan/flexcan_irq.o
                              0x6873d (size before relaxing)
 .debug_str     0x00074162     0x149e ./SDK/platform/drivers/src/flexcan/flexcan_hw_access.o
                              0x6ad81 (size before relaxing)
 .debug_str     0x00075600      0xb74 ./SDK/platform/drivers/src/flexcan/flexcan_driver.o
                              0x6c906 (size before relaxing)
 .debug_str     0x00076174      0x2ab ./SDK/platform/drivers/src/edma/edma_irq.o
                              0x68c17 (size before relaxing)
 .debug_str     0x0007641f      0x443 ./SDK/platform/drivers/src/edma/edma_hw_access.o
                              0x68f0c (size before relaxing)
 .debug_str     0x00076862      0xb55 ./SDK/platform/drivers/src/edma/edma_driver.o
                              0x6b744 (size before relaxing)
 .debug_str     0x000773b7     0x21eb ./SDK/platform/drivers/src/clock/S32K1xx/clock_S32K1xx.o
                              0x6c9d6 (size before relaxing)
 .debug_str     0x000795a2      0x38c ./SDK/platform/devices/startup.o
                              0x689ad (size before relaxing)
 .debug_str     0x0007992e       0xd9 ./SDK/platform/devices/S32K144/startup/system_S32K144.o
                              0x6883b (size before relaxing)
 .debug_str     0x00079a07       0x7c ./Project_Settings/Startup_Code/startup_S32K144.o
                                 0xbc (size before relaxing)
 .debug_str     0x00079a83       0x1c ./Generated_Code/pin_mux.o
                              0x68cb7 (size before relaxing)
 .debug_str     0x00079a9f       0x1a ./Generated_Code/lpit1.o
                              0x6df47 (size before relaxing)
 .debug_str     0x00079ab9       0x23 ./Generated_Code/flexTimer_pwm1.o
                              0x6df50 (size before relaxing)
 .debug_str     0x00079adc       0x22 ./Generated_Code/flexTimer_ic1.o
                              0x6df4f (size before relaxing)
 .debug_str     0x00079afe       0x1e ./Generated_Code/clockMan1.o
                              0x6e3e3 (size before relaxing)
 .debug_str     0x00079b1c       0x1d ./Generated_Code/can_pal1.o
                              0x6df4a (size before relaxing)

.comment        0x00000000       0xa0
 .comment       0x00000000       0xa0 ./Sources/main.o
                                 0xa1 (size before relaxing)
 .comment       0x000000a0       0xa1 ./SDK/rtos/osif/osif_baremetal.o
 .comment       0x000000a0       0xa1 ./SDK/platform/pal/src/can/can_pal.o
 .comment       0x000000a0       0xa1 ./SDK/platform/drivers/src/pins/pins_port_hw_access.o
 .comment       0x000000a0       0xa1 ./SDK/platform/drivers/src/pins/pins_driver.o
 .comment       0x000000a0       0xa1 ./SDK/platform/drivers/src/lpit/lpit_driver.o
 .comment       0x000000a0       0xa1 ./SDK/platform/drivers/src/interrupt/interrupt_manager.o
 .comment       0x000000a0       0xa1 ./SDK/platform/drivers/src/ftm/ftm_ic_driver.o
 .comment       0x000000a0       0xa1 ./SDK/platform/drivers/src/ftm/ftm_hw_access.o
 .comment       0x000000a0       0xa1 ./SDK/platform/drivers/src/ftm/ftm_common.o
 .comment       0x000000a0       0xa1 ./SDK/platform/drivers/src/flexcan/flexcan_irq.o
 .comment       0x000000a0       0xa1 ./SDK/platform/drivers/src/flexcan/flexcan_hw_access.o
 .comment       0x000000a0       0xa1 ./SDK/platform/drivers/src/flexcan/flexcan_driver.o
 .comment       0x000000a0       0xa1 ./SDK/platform/drivers/src/edma/edma_irq.o
 .comment       0x000000a0       0xa1 ./SDK/platform/drivers/src/edma/edma_hw_access.o
 .comment       0x000000a0       0xa1 ./SDK/platform/drivers/src/edma/edma_driver.o
 .comment       0x000000a0       0xa1 ./SDK/platform/drivers/src/clock/S32K1xx/clock_S32K1xx.o
 .comment       0x000000a0       0xa1 ./SDK/platform/devices/startup.o
 .comment       0x000000a0       0xa1 ./SDK/platform/devices/S32K144/startup/system_S32K144.o
 .comment       0x000000a0       0xa1 ./Generated_Code/pin_mux.o
 .comment       0x000000a0       0xa1 ./Generated_Code/lpit1.o
 .comment       0x000000a0       0xa1 ./Generated_Code/flexTimer_pwm1.o
 .comment       0x000000a0       0xa1 ./Generated_Code/flexTimer_ic1.o
 .comment       0x000000a0       0xa1 ./Generated_Code/clockMan1.o
 .comment       0x000000a0       0xa1 ./Generated_Code/can_pal1.o

.debug_frame    0x00000000     0x2184
 .debug_frame   0x00000000       0x60 ./Sources/main.o
 .debug_frame   0x00000060       0xf4 ./SDK/rtos/osif/osif_baremetal.o
 .debug_frame   0x00000154      0x260 ./SDK/platform/pal/src/can/can_pal.o
 .debug_frame   0x000003b4       0xa0 ./SDK/platform/drivers/src/pins/pins_port_hw_access.o
 .debug_frame   0x00000454      0x1e4 ./SDK/platform/drivers/src/pins/pins_driver.o
 .debug_frame   0x00000638      0x1a8 ./SDK/platform/drivers/src/lpit/lpit_driver.o
 .debug_frame   0x000007e0       0xd8 ./SDK/platform/drivers/src/interrupt/interrupt_manager.o
 .debug_frame   0x000008b8      0x268 ./SDK/platform/drivers/src/ftm/ftm_ic_driver.o
 .debug_frame   0x00000b20       0x5c ./SDK/platform/drivers/src/ftm/ftm_hw_access.o
 .debug_frame   0x00000b7c      0x208 ./SDK/platform/drivers/src/ftm/ftm_common.o
 .debug_frame   0x00000d84      0x148 ./SDK/platform/drivers/src/flexcan/flexcan_irq.o
 .debug_frame   0x00000ecc      0x26c ./SDK/platform/drivers/src/flexcan/flexcan_hw_access.o
 .debug_frame   0x00001138      0x558 ./SDK/platform/drivers/src/flexcan/flexcan_driver.o
 .debug_frame   0x00001690      0x1ac ./SDK/platform/drivers/src/edma/edma_irq.o
 .debug_frame   0x0000183c      0x140 ./SDK/platform/drivers/src/edma/edma_hw_access.o
 .debug_frame   0x0000197c      0x398 ./SDK/platform/drivers/src/edma/edma_driver.o
 .debug_frame   0x00001d14      0x384 ./SDK/platform/drivers/src/clock/S32K1xx/clock_S32K1xx.o
 .debug_frame   0x00002098       0x2c ./SDK/platform/devices/startup.o
 .debug_frame   0x000020c4       0x40 ./SDK/platform/devices/S32K144/startup/system_S32K144.o
 .debug_frame   0x00002104       0x20 C:/NXP/S32DS_ARM_v2018.R1/Cross_Tools/gcc-6.3-arm32-eabi/arm-none-eabi/newlib/lib/thumb/v7e-m/fpv4-sp/hard\libc_nano.a(lib_a-memset.o)
 .debug_frame   0x00002124       0x2c c:/nxp/s32ds_arm_v2018.r1/cross_tools/gcc-6.3-arm32-eabi/bin/../lib/gcc/arm-none-eabi/6.3.1/thumb/v7e-m/fpv4-sp/hard\libgcc.a(_aeabi_uldivmod.o)
 .debug_frame   0x00002150       0x34 c:/nxp/s32ds_arm_v2018.r1/cross_tools/gcc-6.3-arm32-eabi/bin/../lib/gcc/arm-none-eabi/6.3.1/thumb/v7e-m/fpv4-sp/hard\libgcc.a(_udivmoddi4.o)
